Symbol: ACTIVE (/mnt/d/retro/ladybug/build/ladybug-presentation-runtime.bin) = 0098
Symbol: actor_index_ready (/mnt/d/retro/ladybug/build/ladybug-presentation-runtime.bin) = 1D5D
Symbol: add_coin (/mnt/d/retro/ladybug/build/ladybug-presentation-runtime.bin) = 1D0D
Symbol: add_credit (/mnt/d/retro/ladybug/build/ladybug-presentation-runtime.bin) = 1D02
Symbol: ATTRACT_ENEMY_DST (/mnt/d/retro/ladybug/build/ladybug-presentation-runtime.bin) = 2CA4
Symbol: attract_next (/mnt/d/retro/ladybug/build/ladybug-presentation-runtime.bin) = 1C00
Symbol: ATTRACT_OVERLAY_ENABLED (/mnt/d/retro/ladybug/build/ladybug-presentation-runtime.bin) = 0001
Symbol: ATTRACT_PLAYER_DST (/mnt/d/retro/ladybug/build/ladybug-presentation-runtime.bin) = 661C
Symbol: attract_tick (/mnt/d/retro/ladybug/build/ladybug-presentation-runtime.bin) = 1BE1
Symbol: attract_tick_prepare (/mnt/d/retro/ladybug/build/ladybug-presentation-runtime.bin) = 1BEF
Symbol: attract_tick_ready (/mnt/d/retro/ladybug/build/ladybug-presentation-runtime.bin) = 1BEF
Symbol: BACK_ID (/mnt/d/retro/ladybug/build/ladybug-presentation-runtime.bin) = 0090
Symbol: BLIT_TILE (/mnt/d/retro/ladybug/build/ladybug-presentation-runtime.bin) = D669
Symbol: BUG011_DEVELOPMENT_PROFILE (/mnt/d/retro/ladybug/build/ladybug-presentation-runtime.bin) = 0001
Symbol: cold_ptr (/mnt/d/retro/ladybug/build/ladybug-presentation-runtime.bin) = 1B8A
Symbol: cold_read_byte (/mnt/d/retro/ladybug/build/ladybug-presentation-runtime.bin) = 1BA3
Symbol: colour_surface (/mnt/d/retro/ladybug/build/ladybug-presentation-runtime.bin) = 1D93
Symbol: colour_surface_advance (/mnt/d/retro/ladybug/build/ladybug-presentation-runtime.bin) = 1DDB
Symbol: colour_surface_both (/mnt/d/retro/ladybug/build/ladybug-presentation-runtime.bin) = 1DCF
Symbol: colour_surface_extended (/mnt/d/retro/ladybug/build/ladybug-presentation-runtime.bin) = 1DA1
Symbol: colour_surface_high (/mnt/d/retro/ladybug/build/ladybug-presentation-runtime.bin) = 1DBA
Symbol: colour_surface_next (/mnt/d/retro/ladybug/build/ladybug-presentation-runtime.bin) = 1D98
Symbol: colour_surface_selector (/mnt/d/retro/ladybug/build/ladybug-presentation-runtime.bin) = 1DA5
Symbol: colour_tile (/mnt/d/retro/ladybug/build/ladybug-presentation-runtime.bin) = 1D6D
Symbol: colour_tile_byte (/mnt/d/retro/ladybug/build/ladybug-presentation-runtime.bin) = 1D74
Symbol: colour_tile_row (/mnt/d/retro/ladybug/build/ladybug-presentation-runtime.bin) = 1D72
Symbol: colour_tile_skip (/mnt/d/retro/ladybug/build/ladybug-presentation-runtime.bin) = 1D84
Symbol: COMPLETE_PROFILE (/mnt/d/retro/ladybug/build/ladybug-presentation-runtime.bin) = 0001
Symbol: credit_tick (/mnt/d/retro/ladybug/build/ladybug-presentation-runtime.bin) = 1C27
Symbol: DEATH (/mnt/d/retro/ladybug/build/ladybug-presentation-runtime.bin) = 004D
Symbol: DEATH_T (/mnt/d/retro/ladybug/build/ladybug-presentation-runtime.bin) = 003A
Symbol: demo_death_done (/mnt/d/retro/ladybug/build/ladybug-presentation-runtime.bin) = 1CE1
Symbol: demo_death_tick (/mnt/d/retro/ladybug/build/ladybug-presentation-runtime.bin) = 1CD8
Symbol: demo_return (/mnt/d/retro/ladybug/build/ladybug-presentation-runtime.bin) = 1D00
Symbol: demo_run (/mnt/d/retro/ladybug/build/ladybug-presentation-runtime.bin) = 1CE9
Symbol: DEMO_RUNTIME_TICK (/mnt/d/retro/ladybug/build/ladybug-presentation-runtime.bin) = 0300
Symbol: demo_tick (/mnt/d/retro/ladybug/build/ladybug-presentation-runtime.bin) = 1CCC
Symbol: DIR_E (/mnt/d/retro/ladybug/build/ladybug-presentation-runtime.bin) = 0001
Symbol: DIR_N (/mnt/d/retro/ladybug/build/ladybug-presentation-runtime.bin) = 0000
Symbol: DIR_NONE (/mnt/d/retro/ladybug/build/ladybug-presentation-runtime.bin) = 00FF
Symbol: DIR_S (/mnt/d/retro/ladybug/build/ladybug-presentation-runtime.bin) = 0002
Symbol: DIR_W (/mnt/d/retro/ladybug/build/ladybug-presentation-runtime.bin) = 0003
Symbol: draw_actor_overlay (/mnt/d/retro/ladybug/build/ladybug-presentation-runtime.bin) = 1D4F
Symbol: draw_cell (/mnt/d/retro/ladybug/build/ladybug-presentation-runtime.bin) = 1B45
Symbol: draw_cold_tile (/mnt/d/retro/ladybug/build/ladybug-presentation-runtime.bin) = 1B75
Symbol: draw_tile_id (/mnt/d/retro/ladybug/build/ladybug-presentation-runtime.bin) = 1B56
Symbol: ENTITY_SKULL (/mnt/d/retro/ladybug/build/ladybug-presentation-runtime.bin) = 0001
Symbol: ENTITY_TABLE (/mnt/d/retro/ladybug/build/ladybug-presentation-runtime.bin) = A380
Symbol: FB_BACK_ID (/mnt/d/retro/ladybug/build/ladybug-presentation-runtime.bin) = 0090
Symbol: FB_FRONT_ID (/mnt/d/retro/ladybug/build/ladybug-presentation-runtime.bin) = 008F
Symbol: FB_INIT_STATE (/mnt/d/retro/ladybug/build/ladybug-presentation-runtime.bin) = 009A
Symbol: FB_META_A (/mnt/d/retro/ladybug/build/ladybug-presentation-runtime.bin) = A900
Symbol: FB_META_END (/mnt/d/retro/ladybug/build/ladybug-presentation-runtime.bin) = AB00
Symbol: gameplay_reentry (/mnt/d/retro/ladybug/build/ladybug-presentation-runtime.bin) = 1CA8
Symbol: gameplay_reentry_clear (/mnt/d/retro/ladybug/build/ladybug-presentation-runtime.bin) = 1CC4
Symbol: gameplay_reentry_map_page (/mnt/d/retro/ladybug/build/ladybug-presentation-runtime.bin) = 1CB9
Symbol: hold (/mnt/d/retro/ladybug/build/ladybug-presentation-runtime.bin) = 1BD4
Symbol: init_gameplay (/mnt/d/retro/ladybug/build/ladybug-presentation-runtime.bin) = 1C8C
Symbol: install_aux_runtime (/mnt/d/retro/ladybug/build/ladybug-presentation-runtime.bin) = 1996
Symbol: install_aux_runtime_byte (/mnt/d/retro/ladybug/build/ladybug-presentation-runtime.bin) = 19B3
Symbol: install_aux_runtime_copy (/mnt/d/retro/ladybug/build/ladybug-presentation-runtime.bin) = 19A8
Symbol: install_demo_runtime (/mnt/d/retro/ladybug/build/ladybug-presentation-runtime.bin) = 19A2
Symbol: install_instruction_runtime (/mnt/d/retro/ladybug/build/ladybug-presentation-runtime.bin) = 199A
Symbol: INSTRUCTION_RUNTIME_TICK (/mnt/d/retro/ladybug/build/ladybug-presentation-runtime.bin) = 0300
Symbol: instructions_runtime_return (/mnt/d/retro/ladybug/build/ladybug-presentation-runtime.bin) = 1C1C
Symbol: instructions_tick (/mnt/d/retro/ladybug/build/ladybug-presentation-runtime.bin) = 1C08
Symbol: instructions_tick_ready (/mnt/d/retro/ladybug/build/ladybug-presentation-runtime.bin) = 1C16
Symbol: JOY_DIR (/mnt/d/retro/ladybug/build/ladybug-presentation-runtime.bin) = 0005
Symbol: level_tick (/mnt/d/retro/ladybug/build/ladybug-presentation-runtime.bin) = 1C38
Symbol: level_tick_demo_check (/mnt/d/retro/ladybug/build/ladybug-presentation-runtime.bin) = 1C52
Symbol: live_begin (/mnt/d/retro/ladybug/build/ladybug-presentation-runtime.bin) = 1C84
Symbol: load_advance (/mnt/d/retro/ladybug/build/ladybug-presentation-runtime.bin) = 1A86
Symbol: load_cells (/mnt/d/retro/ladybug/build/ladybug-presentation-runtime.bin) = 1A5B
Symbol: load_done (/mnt/d/retro/ladybug/build/ladybug-presentation-runtime.bin) = 1AA7
Symbol: load_done_hold_owner (/mnt/d/retro/ladybug/build/ladybug-presentation-runtime.bin) = 1AE3
Symbol: load_done_hold_plain (/mnt/d/retro/ladybug/build/ladybug-presentation-runtime.bin) = 1ADB
Symbol: load_done_hold_second (/mnt/d/retro/ladybug/build/ladybug-presentation-runtime.bin) = 1B00
Symbol: load_done_no_cucumber (/mnt/d/retro/ladybug/build/ladybug-presentation-runtime.bin) = 1ABC
Symbol: load_done_normal (/mnt/d/retro/ladybug/build/ladybug-presentation-runtime.bin) = 1B30
Symbol: load_done_publish (/mnt/d/retro/ladybug/build/ladybug-presentation-runtime.bin) = 1B18
Symbol: load_next (/mnt/d/retro/ladybug/build/ladybug-presentation-runtime.bin) = 1A9F
Symbol: load_tick (/mnt/d/retro/ladybug/build/ladybug-presentation-runtime.bin) = 1A4D
Symbol: load_tick_normal (/mnt/d/retro/ladybug/build/ladybug-presentation-runtime.bin) = 1A56
Symbol: load_timer_reset (/mnt/d/retro/ladybug/build/ladybug-presentation-runtime.bin) = 1B3C
Symbol: load_value_ready (/mnt/d/retro/ladybug/build/ladybug-presentation-runtime.bin) = 1A75
Symbol: map_b (/mnt/d/retro/ladybug/build/ladybug-presentation-runtime.bin) = 1BBD
Symbol: map_back (/mnt/d/retro/ladybug/build/ladybug-presentation-runtime.bin) = 1BB5
Symbol: map_store (/mnt/d/retro/ladybug/build/ladybug-presentation-runtime.bin) = 1BBF
Symbol: map_stream_offsets (/mnt/d/retro/ladybug/build/ladybug-presentation-runtime.bin) = 1DE1
Symbol: MODE_ATTRACT (/mnt/d/retro/ladybug/build/ladybug-presentation-runtime.bin) = 0002
Symbol: MODE_CREDIT (/mnt/d/retro/ladybug/build/ladybug-presentation-runtime.bin) = 0005
Symbol: MODE_DEMO (/mnt/d/retro/ladybug/build/ladybug-presentation-runtime.bin) = 0004
Symbol: MODE_GAMEOVER (/mnt/d/retro/ladybug/build/ladybug-presentation-runtime.bin) = 0007
Symbol: MODE_INSTRUCTIONS (/mnt/d/retro/ladybug/build/ladybug-presentation-runtime.bin) = 0003
Symbol: MODE_LEVEL (/mnt/d/retro/ladybug/build/ladybug-presentation-runtime.bin) = 0006
Symbol: MODE_LOAD (/mnt/d/retro/ladybug/build/ladybug-presentation-runtime.bin) = 0001
Symbol: MODE_NAME (/mnt/d/retro/ladybug/build/ladybug-presentation-runtime.bin) = 0008
Symbol: MODE_NORMAL (/mnt/d/retro/ladybug/build/ladybug-presentation-runtime.bin) = 0000
Symbol: normal_game (/mnt/d/retro/ladybug/build/ladybug-presentation-runtime.bin) = 1A03
Symbol: normal_stage (/mnt/d/retro/ladybug/build/ladybug-presentation-runtime.bin) = 19D3
Symbol: normal_start (/mnt/d/retro/ladybug/build/ladybug-presentation-runtime.bin) = 19E7
Symbol: normal_tick (/mnt/d/retro/ladybug/build/ladybug-presentation-runtime.bin) = 19C5
Symbol: PAR1 (/mnt/d/retro/ladybug/build/ladybug-presentation-runtime.bin) = FFA1
Symbol: PAR2 (/mnt/d/retro/ladybug/build/ladybug-presentation-runtime.bin) = FFA2
Symbol: PAR3 (/mnt/d/retro/ladybug/build/ladybug-presentation-runtime.bin) = FFA3
Symbol: PAR4 (/mnt/d/retro/ladybug/build/ladybug-presentation-runtime.bin) = FFA4
Symbol: PAR5 (/mnt/d/retro/ladybug/build/ladybug-presentation-runtime.bin) = FFA5
Symbol: PENDING (/mnt/d/retro/ladybug/build/ladybug-presentation-runtime.bin) = 0091
Symbol: pft_dispatch (/mnt/d/retro/ladybug/build/ladybug-presentation-runtime.bin) = 196A
Symbol: pft_helper_ready (/mnt/d/retro/ladybug/build/ladybug-presentation-runtime.bin) = 190A
Symbol: pft_mode (/mnt/d/retro/ladybug/build/ladybug-presentation-runtime.bin) = 1945
Symbol: pft_ready (/mnt/d/retro/ladybug/build/ladybug-presentation-runtime.bin) = 1933
Symbol: PIA_CRA (/mnt/d/retro/ladybug/build/ladybug-presentation-runtime.bin) = FF01
Symbol: PIA_CRB (/mnt/d/retro/ladybug/build/ladybug-presentation-runtime.bin) = FF03
Symbol: PIA_DA (/mnt/d/retro/ladybug/build/ladybug-presentation-runtime.bin) = FF00
Symbol: PIA_DB (/mnt/d/retro/ladybug/build/ladybug-presentation-runtime.bin) = FF02
Symbol: PLAYER_BG (/mnt/d/retro/ladybug/build/ladybug-presentation-runtime.bin) = A300
Symbol: PLAYER_BG_PTR (/mnt/d/retro/ladybug/build/ladybug-presentation-runtime.bin) = 00A2
Symbol: PLAYER_BG_VALID (/mnt/d/retro/ladybug/build/ladybug-presentation-runtime.bin) = 006A
Symbol: PLAYER_CELL_X (/mnt/d/retro/ladybug/build/ladybug-presentation-runtime.bin) = 0009
Symbol: PLAYER_CELL_Y (/mnt/d/retro/ladybug/build/ladybug-presentation-runtime.bin) = 000A
Symbol: PLAYER_DIR (/mnt/d/retro/ladybug/build/ladybug-presentation-runtime.bin) = 0006
Symbol: PLAYER_FACE (/mnt/d/retro/ladybug/build/ladybug-presentation-runtime.bin) = 0007
Symbol: PLAYER_FB (/mnt/d/retro/ladybug/build/ladybug-presentation-runtime.bin) = 000B
Symbol: PLAYER_MANUAL (/mnt/d/retro/ladybug/build/ladybug-presentation-runtime.bin) = 0018
Symbol: PLAYER_STEP (/mnt/d/retro/ladybug/build/ladybug-presentation-runtime.bin) = 0008
Symbol: PLAYER_WANT (/mnt/d/retro/ladybug/build/ladybug-presentation-runtime.bin) = 000F
Symbol: PRES_ACTOR_FRAME (/mnt/d/retro/ladybug/build/ladybug-presentation-runtime.bin) = 00CE
Symbol: PRES_ACTOR_KIND (/mnt/d/retro/ladybug/build/ladybug-presentation-runtime.bin) = 00D0
Symbol: PRES_ACTOR_PHASE (/mnt/d/retro/ladybug/build/ladybug-presentation-runtime.bin) = 00D3
Symbol: PRES_ACTOR_X (/mnt/d/retro/ladybug/build/ladybug-presentation-runtime.bin) = 00CC
Symbol: PRES_ACTOR_Y (/mnt/d/retro/ladybug/build/ladybug-presentation-runtime.bin) = 00CD
Symbol: PRES_CELL (/mnt/d/retro/ladybug/build/ladybug-presentation-runtime.bin) = 00AA
Symbol: PRES_COIN_COUNT (/mnt/d/retro/ladybug/build/ladybug-presentation-runtime.bin) = 00BE
Symbol: PRES_CONTEXT (/mnt/d/retro/ladybug/build/ladybug-presentation-runtime.bin) = 00A7
Symbol: PRES_CONTEXT_NEXT_STAGE (/mnt/d/retro/ladybug/build/ladybug-presentation-runtime.bin) = 0002
Symbol: PRES_CREDITS (/mnt/d/retro/ladybug/build/ladybug-presentation-runtime.bin) = 00A8
Symbol: PRES_DEMO_CAUSE (/mnt/d/retro/ladybug/build/ladybug-presentation-runtime.bin) = 00D1
Symbol: PRES_DEMO_DIR (/mnt/d/retro/ladybug/build/ladybug-presentation-runtime.bin) = 00DD
Symbol: PRES_DEMO_LAST_X (/mnt/d/retro/ladybug/build/ladybug-presentation-runtime.bin) = 00DB
Symbol: PRES_DEMO_LAST_Y (/mnt/d/retro/ladybug/build/ladybug-presentation-runtime.bin) = 00DC
Symbol: PRES_DEMO_NEXT (/mnt/d/retro/ladybug/build/ladybug-presentation-runtime.bin) = 00DE
Symbol: PRES_DEMO_ROUTE (/mnt/d/retro/ladybug/build/ladybug-presentation-runtime.bin) = 00DA
Symbol: PRES_DIGIT (/mnt/d/retro/ladybug/build/ladybug-presentation-runtime.bin) = 00C5
Symbol: PRES_DST (/mnt/d/retro/ladybug/build/ladybug-presentation-runtime.bin) = 00AE
Symbol: PRES_EVENT (/mnt/d/retro/ladybug/build/ladybug-presentation-runtime.bin) = 00A9
Symbol: PRES_HIGHLIGHT (/mnt/d/retro/ladybug/build/ladybug-presentation-runtime.bin) = 00CF
Symbol: PRES_HOLD_CHUNK (/mnt/d/retro/ladybug/build/ladybug-presentation-runtime.bin) = 00D5
Symbol: PRES_HOLD_COPY (/mnt/d/retro/ladybug/build/ladybug-presentation-runtime.bin) = 0080
Symbol: PRES_HOLD_FINAL (/mnt/d/retro/ladybug/build/ladybug-presentation-runtime.bin) = 0081
Symbol: PRES_HOLD_GEN (/mnt/d/retro/ladybug/build/ladybug-presentation-runtime.bin) = 00D8
Symbol: PRES_HOLD_HYDRATE (/mnt/d/retro/ladybug/build/ladybug-presentation-runtime.bin) = 0003
Symbol: PRES_HOLD_OWNER (/mnt/d/retro/ladybug/build/ladybug-presentation-runtime.bin) = 00D9
Symbol: PRES_HOLD_PUBLISH (/mnt/d/retro/ladybug/build/ladybug-presentation-runtime.bin) = 0081
Symbol: PRES_HOLD_SAVED_BACK (/mnt/d/retro/ladybug/build/ladybug-presentation-runtime.bin) = 00D7
Symbol: PRES_HOLD_SAVED_FRONT (/mnt/d/retro/ladybug/build/ladybug-presentation-runtime.bin) = 00D6
Symbol: PRES_HOLD_STATE (/mnt/d/retro/ladybug/build/ladybug-presentation-runtime.bin) = 00D4
Symbol: PRES_IN (/mnt/d/retro/ladybug/build/ladybug-presentation-runtime.bin) = 00B5
Symbol: PRES_INSERT (/mnt/d/retro/ladybug/build/ladybug-presentation-runtime.bin) = 00C9
Symbol: PRES_MAGIC (/mnt/d/retro/ladybug/build/ladybug-presentation-runtime.bin) = 00A4
Symbol: PRES_MAIN_BLIT_TILE (/mnt/d/retro/ladybug/build/ladybug-presentation-runtime.bin) = D669
Symbol: PRES_MAIN_CAN_MOVE (/mnt/d/retro/ladybug/build/ladybug-presentation-runtime.bin) = CC5B
Symbol: PRES_MAIN_DEATH (/mnt/d/retro/ladybug/build/ladybug-presentation-runtime.bin) = D2DA
Symbol: PRES_MAIN_ENEMY (/mnt/d/retro/ladybug/build/ladybug-presentation-runtime.bin) = D510
Symbol: PRES_MAIN_ENEMY_TICK (/mnt/d/retro/ladybug/build/ladybug-presentation-runtime.bin) = D514
Symbol: PRES_MAIN_ENTITIES (/mnt/d/retro/ladybug/build/ladybug-presentation-runtime.bin) = C57E
Symbol: PRES_MAIN_FB_CAPTURE (/mnt/d/retro/ladybug/build/ladybug-presentation-runtime.bin) = 0D91
Symbol: PRES_MAIN_FB_FINISH (/mnt/d/retro/ladybug/build/ladybug-presentation-runtime.bin) = 0D74
Symbol: PRES_MAIN_FB_PREPARE (/mnt/d/retro/ladybug/build/ladybug-presentation-runtime.bin) = 0D12
Symbol: PRES_MAIN_GATES (/mnt/d/retro/ladybug/build/ladybug-presentation-runtime.bin) = C9B0
Symbol: PRES_MAIN_INIT (/mnt/d/retro/ladybug/build/ladybug-presentation-runtime.bin) = C154
Symbol: PRES_MAIN_MAZE (/mnt/d/retro/ladybug/build/ladybug-presentation-runtime.bin) = C56B
Symbol: PRES_MAIN_NEXT_STAGE (/mnt/d/retro/ladybug/build/ladybug-presentation-runtime.bin) = C1A5
Symbol: PRES_MAIN_PLAYER (/mnt/d/retro/ladybug/build/ladybug-presentation-runtime.bin) = C9F5
Symbol: PRES_MAIN_PLAYER_TICK (/mnt/d/retro/ladybug/build/ladybug-presentation-runtime.bin) = CA9E
Symbol: PRES_MAIN_READ_JOY (/mnt/d/retro/ladybug/build/ladybug-presentation-runtime.bin) = CA15
Symbol: PRES_MAIN_RENDER (/mnt/d/retro/ladybug/build/ladybug-presentation-runtime.bin) = D4E6
Symbol: PRES_MAIN_RESTORE_PLAYER (/mnt/d/retro/ladybug/build/ladybug-presentation-runtime.bin) = D612
Symbol: PRES_MAIN_SAVE_PLAYER (/mnt/d/retro/ladybug/build/ladybug-presentation-runtime.bin) = D5ED
Symbol: PRES_MAPS (/mnt/d/retro/ladybug/build/ladybug-presentation-runtime.bin) = 00BD
Symbol: PRES_MODE (/mnt/d/retro/ladybug/build/ladybug-presentation-runtime.bin) = 00A5
Symbol: PRES_NAME_LEN (/mnt/d/retro/ladybug/build/ladybug-presentation-runtime.bin) = 00CB
Symbol: PRES_OUT (/mnt/d/retro/ladybug/build/ladybug-presentation-runtime.bin) = 00B7
Symbol: PRES_PHASE (/mnt/d/retro/ladybug/build/ladybug-presentation-runtime.bin) = 00CA
Symbol: PRES_PREP_STATE (/mnt/d/retro/ladybug/build/ladybug-presentation-runtime.bin) = 00D2
Symbol: PRES_PREV (/mnt/d/retro/ladybug/build/ladybug-presentation-runtime.bin) = 00B2
Symbol: PRES_REMAIN (/mnt/d/retro/ladybug/build/ladybug-presentation-runtime.bin) = 00B9
Symbol: PRES_ROWS (/mnt/d/retro/ladybug/build/ladybug-presentation-runtime.bin) = 00C6
Symbol: PRES_RUN (/mnt/d/retro/ladybug/build/ladybug-presentation-runtime.bin) = 00BB
Symbol: PRES_SCORE_H (/mnt/d/retro/ladybug/build/ladybug-presentation-runtime.bin) = 00BF
Symbol: PRES_SCORE_L (/mnt/d/retro/ladybug/build/ladybug-presentation-runtime.bin) = 00C1
Symbol: PRES_SCORE_M (/mnt/d/retro/ladybug/build/ladybug-presentation-runtime.bin) = 00C0
Symbol: PRES_SCREEN (/mnt/d/retro/ladybug/build/ladybug-presentation-runtime.bin) = 00A6
Symbol: PRES_TIMER (/mnt/d/retro/ladybug/build/ladybug-presentation-runtime.bin) = 00B0
Symbol: PRES_TMP_H (/mnt/d/retro/ladybug/build/ladybug-presentation-runtime.bin) = 00C2
Symbol: PRES_TMP_L (/mnt/d/retro/ladybug/build/ladybug-presentation-runtime.bin) = 00C4
Symbol: PRES_TMP_M (/mnt/d/retro/ladybug/build/ladybug-presentation-runtime.bin) = 00C3
Symbol: PRES_VALUE (/mnt/d/retro/ladybug/build/ladybug-presentation-runtime.bin) = 00BC
Symbol: PRES_WORK (/mnt/d/retro/ladybug/build/ladybug-presentation-runtime.bin) = 00D1
Symbol: PRES_X (/mnt/d/retro/ladybug/build/ladybug-presentation-runtime.bin) = 00AC
Symbol: PRES_Y (/mnt/d/retro/ladybug/build/ladybug-presentation-runtime.bin) = 00AD
Symbol: PRESENTATION_ATTRACT_DESTINATION_ADDRESS (/mnt/d/retro/ladybug/build/ladybug-presentation-runtime.bin) = AA80
Symbol: PRESENTATION_ATTRACT_OVERLAY (/mnt/d/retro/ladybug/build/ladybug-presentation-runtime.bin) = 06C9
Symbol: PRESENTATION_ATTRACT_PHASE_POINTER_ADDRESS (/mnt/d/retro/ladybug/build/ladybug-presentation-runtime.bin) = AA8E
Symbol: PRESENTATION_ATTRACT_SURFACE_ADDRESS (/mnt/d/retro/ladybug/build/ladybug-presentation-runtime.bin) = A000
Symbol: PRESENTATION_ATTRACT_SURFACE_BYTES (/mnt/d/retro/ladybug/build/ladybug-presentation-runtime.bin) = 0A80
Symbol: PRESENTATION_ATTRACT_SURFACE_PAGE (/mnt/d/retro/ladybug/build/ladybug-presentation-runtime.bin) = 003C
Symbol: PRESENTATION_COIN_DST_0 (/mnt/d/retro/ladybug/build/ladybug-presentation-runtime.bin) = 2B08
Symbol: PRESENTATION_COIN_DST_1 (/mnt/d/retro/ladybug/build/ladybug-presentation-runtime.bin) = 3508
Symbol: PRESENTATION_COIN_DST_2 (/mnt/d/retro/ladybug/build/ladybug-presentation-runtime.bin) = 3F08
Symbol: PRESENTATION_COIN_DST_3 (/mnt/d/retro/ladybug/build/ladybug-presentation-runtime.bin) = 4908
Symbol: PRESENTATION_COIN_DST_4 (/mnt/d/retro/ladybug/build/ladybug-presentation-runtime.bin) = 5308
Symbol: PRESENTATION_COIN_DST_5 (/mnt/d/retro/ladybug/build/ladybug-presentation-runtime.bin) = 5D08
Symbol: PRESENTATION_COIN_DST_6 (/mnt/d/retro/ladybug/build/ladybug-presentation-runtime.bin) = 6708
Symbol: PRESENTATION_COIN_DST_7 (/mnt/d/retro/ladybug/build/ladybug-presentation-runtime.bin) = 7108
Symbol: PRESENTATION_COIN_DST_8 (/mnt/d/retro/ladybug/build/ladybug-presentation-runtime.bin) = 7B08
Symbol: PRESENTATION_COIN_SLOT_0 (/mnt/d/retro/ladybug/build/ladybug-presentation-runtime.bin) = 0071
Symbol: PRESENTATION_COIN_SLOT_1 (/mnt/d/retro/ladybug/build/ladybug-presentation-runtime.bin) = 00C1
Symbol: PRESENTATION_COIN_SLOT_2 (/mnt/d/retro/ladybug/build/ladybug-presentation-runtime.bin) = 0111
Symbol: PRESENTATION_COIN_SLOT_3 (/mnt/d/retro/ladybug/build/ladybug-presentation-runtime.bin) = 0161
Symbol: PRESENTATION_COIN_SLOT_4 (/mnt/d/retro/ladybug/build/ladybug-presentation-runtime.bin) = 01B1
Symbol: PRESENTATION_COIN_SLOT_5 (/mnt/d/retro/ladybug/build/ladybug-presentation-runtime.bin) = 0201
Symbol: PRESENTATION_COIN_SLOT_6 (/mnt/d/retro/ladybug/build/ladybug-presentation-runtime.bin) = 0251
Symbol: PRESENTATION_COIN_SLOT_7 (/mnt/d/retro/ladybug/build/ladybug-presentation-runtime.bin) = 02A1
Symbol: PRESENTATION_COIN_SLOT_8 (/mnt/d/retro/ladybug/build/ladybug-presentation-runtime.bin) = 02F1
Symbol: PRESENTATION_COIN_SLOT_COUNT (/mnt/d/retro/ladybug/build/ladybug-presentation-runtime.bin) = 0009
Symbol: PRESENTATION_COIN_TILE (/mnt/d/retro/ladybug/build/ladybug-presentation-runtime.bin) = 00A4
Symbol: PRESENTATION_COLD_ONLY_TILE_COUNT (/mnt/d/retro/ladybug/build/ladybug-presentation-runtime.bin) = 00A5
Symbol: PRESENTATION_COLD_PAGE (/mnt/d/retro/ladybug/build/ladybug-presentation-runtime.bin) = 003A
Symbol: PRESENTATION_COLD_PAGE_COUNT (/mnt/d/retro/ladybug/build/ladybug-presentation-runtime.bin) = 0004
Symbol: PRESENTATION_COLD_SIZE (/mnt/d/retro/ladybug/build/ladybug-presentation-runtime.bin) = 2670
Symbol: PRESENTATION_DEMO_ROUTE_ACTIONS (/mnt/d/retro/ladybug/build/ladybug-presentation-runtime.bin) = 0093
Symbol: PRESENTATION_DEMO_ROUTE_OFFSET (/mnt/d/retro/ladybug/build/ladybug-presentation-runtime.bin) = 25DC
Symbol: PRESENTATION_DEMO_RUNTIME_ADDRESS (/mnt/d/retro/ladybug/build/ladybug-presentation-runtime.bin) = A7CC
Symbol: PRESENTATION_DEMO_RUNTIME_BYTES (/mnt/d/retro/ladybug/build/ladybug-presentation-runtime.bin) = 008F
Symbol: presentation_flow_tick (/mnt/d/retro/ladybug/build/ladybug-presentation-runtime.bin) = 1900
Symbol: PRESENTATION_GAMEPLAY_LOOKUP_BYTES (/mnt/d/retro/ladybug/build/ladybug-presentation-runtime.bin) = 0046
Symbol: PRESENTATION_GAMEPLAY_LOOKUP_OFFSET (/mnt/d/retro/ladybug/build/ladybug-presentation-runtime.bin) = 14A0
Symbol: PRESENTATION_GAMEPLAY_TILE_BASE (/mnt/d/retro/ladybug/build/ladybug-presentation-runtime.bin) = 00A5
Symbol: PRESENTATION_GAMEPLAY_TILES (/mnt/d/retro/ladybug/build/ladybug-presentation-runtime.bin) = E3D0
Symbol: PRESENTATION_GLYPH_0 (/mnt/d/retro/ladybug/build/ladybug-presentation-runtime.bin) = 0027
Symbol: PRESENTATION_GLYPH_1 (/mnt/d/retro/ladybug/build/ladybug-presentation-runtime.bin) = 0069
Symbol: PRESENTATION_GLYPH_10 (/mnt/d/retro/ladybug/build/ladybug-presentation-runtime.bin) = 005F
Symbol: PRESENTATION_GLYPH_11 (/mnt/d/retro/ladybug/build/ladybug-presentation-runtime.bin) = 0092
Symbol: PRESENTATION_GLYPH_12 (/mnt/d/retro/ladybug/build/ladybug-presentation-runtime.bin) = 00D8
Symbol: PRESENTATION_GLYPH_13 (/mnt/d/retro/ladybug/build/ladybug-presentation-runtime.bin) = 00DB
Symbol: PRESENTATION_GLYPH_14 (/mnt/d/retro/ladybug/build/ladybug-presentation-runtime.bin) = 00DA
Symbol: PRESENTATION_GLYPH_17 (/mnt/d/retro/ladybug/build/ladybug-presentation-runtime.bin) = 0063
Symbol: PRESENTATION_GLYPH_18 (/mnt/d/retro/ladybug/build/ladybug-presentation-runtime.bin) = 00DC
Symbol: PRESENTATION_GLYPH_2 (/mnt/d/retro/ladybug/build/ladybug-presentation-runtime.bin) = 006A
Symbol: PRESENTATION_GLYPH_21 (/mnt/d/retro/ladybug/build/ladybug-presentation-runtime.bin) = 0068
Symbol: PRESENTATION_GLYPH_23 (/mnt/d/retro/ladybug/build/ladybug-presentation-runtime.bin) = 0066
Symbol: PRESENTATION_GLYPH_24 (/mnt/d/retro/ladybug/build/ladybug-presentation-runtime.bin) = 0027
Symbol: PRESENTATION_GLYPH_25 (/mnt/d/retro/ladybug/build/ladybug-presentation-runtime.bin) = 0064
Symbol: PRESENTATION_GLYPH_27 (/mnt/d/retro/ladybug/build/ladybug-presentation-runtime.bin) = 00D9
Symbol: PRESENTATION_GLYPH_28 (/mnt/d/retro/ladybug/build/ladybug-presentation-runtime.bin) = 0062
Symbol: PRESENTATION_GLYPH_29 (/mnt/d/retro/ladybug/build/ladybug-presentation-runtime.bin) = 00DD
Symbol: PRESENTATION_GLYPH_3 (/mnt/d/retro/ladybug/build/ladybug-presentation-runtime.bin) = 006B
Symbol: PRESENTATION_GLYPH_30 (/mnt/d/retro/ladybug/build/ladybug-presentation-runtime.bin) = 0065
Symbol: PRESENTATION_GLYPH_31 (/mnt/d/retro/ladybug/build/ladybug-presentation-runtime.bin) = 0067
Symbol: PRESENTATION_GLYPH_34 (/mnt/d/retro/ladybug/build/ladybug-presentation-runtime.bin) = 0060
Symbol: PRESENTATION_GLYPH_4 (/mnt/d/retro/ladybug/build/ladybug-presentation-runtime.bin) = 006C
Symbol: PRESENTATION_GLYPH_5 (/mnt/d/retro/ladybug/build/ladybug-presentation-runtime.bin) = 006D
Symbol: PRESENTATION_GLYPH_6 (/mnt/d/retro/ladybug/build/ladybug-presentation-runtime.bin) = 006E
Symbol: PRESENTATION_GLYPH_7 (/mnt/d/retro/ladybug/build/ladybug-presentation-runtime.bin) = 006F
Symbol: PRESENTATION_GLYPH_8 (/mnt/d/retro/ladybug/build/ladybug-presentation-runtime.bin) = 0070
Symbol: PRESENTATION_GLYPH_9 (/mnt/d/retro/ladybug/build/ladybug-presentation-runtime.bin) = 0071
Symbol: PRESENTATION_HIGHSCORE_BASE (/mnt/d/retro/ladybug/build/ladybug-presentation-runtime.bin) = AF84
Symbol: PRESENTATION_HIGHSCORE_COUNT (/mnt/d/retro/ladybug/build/ladybug-presentation-runtime.bin) = 0009
Symbol: PRESENTATION_HIGHSCORE_NAME_BYTES (/mnt/d/retro/ladybug/build/ladybug-presentation-runtime.bin) = 0007
Symbol: PRESENTATION_HIGHSCORE_RECORD_BYTES (/mnt/d/retro/ladybug/build/ladybug-presentation-runtime.bin) = 000A
Symbol: PRESENTATION_HIGHSCORE_SCORE_BYTES (/mnt/d/retro/ladybug/build/ladybug-presentation-runtime.bin) = 0003
Symbol: PRESENTATION_HOLD_BEGIN (/mnt/d/retro/ladybug/build/ladybug-presentation-runtime.bin) = 06C5
Symbol: PRESENTATION_HOLD_TICK (/mnt/d/retro/ladybug/build/ladybug-presentation-runtime.bin) = 06C7
Symbol: PRESENTATION_INSTRUCTION_ANCHOR_0 (/mnt/d/retro/ladybug/build/ladybug-presentation-runtime.bin) = 4328
Symbol: PRESENTATION_INSTRUCTION_ANCHOR_1 (/mnt/d/retro/ladybug/build/ladybug-presentation-runtime.bin) = 5228
Symbol: PRESENTATION_INSTRUCTION_ANCHOR_2 (/mnt/d/retro/ladybug/build/ladybug-presentation-runtime.bin) = 6128
Symbol: PRESENTATION_INSTRUCTION_ANGEL_DST (/mnt/d/retro/ladybug/build/ladybug-presentation-runtime.bin) = 6170
Symbol: PRESENTATION_INSTRUCTION_ANGEL_TICK (/mnt/d/retro/ladybug/build/ladybug-presentation-runtime.bin) = 06BF
Symbol: PRESENTATION_INSTRUCTION_BLACK_TILE (/mnt/d/retro/ladybug/build/ladybug-presentation-runtime.bin) = 00A5
Symbol: PRESENTATION_INSTRUCTION_COIN_0 (/mnt/d/retro/ladybug/build/ladybug-presentation-runtime.bin) = 0094
Symbol: PRESENTATION_INSTRUCTION_COIN_1 (/mnt/d/retro/ladybug/build/ladybug-presentation-runtime.bin) = 0095
Symbol: PRESENTATION_INSTRUCTION_COIN_2 (/mnt/d/retro/ladybug/build/ladybug-presentation-runtime.bin) = 0096
Symbol: PRESENTATION_INSTRUCTION_COIN_3 (/mnt/d/retro/ladybug/build/ladybug-presentation-runtime.bin) = 0097
Symbol: PRESENTATION_INSTRUCTION_COIN_DST (/mnt/d/retro/ladybug/build/ladybug-presentation-runtime.bin) = 5270
Symbol: PRESENTATION_INSTRUCTION_COLOUR_DWELL (/mnt/d/retro/ladybug/build/ladybug-presentation-runtime.bin) = 001E
Symbol: PRESENTATION_INSTRUCTION_COLOUR_POINTERS (/mnt/d/retro/ladybug/build/ladybug-presentation-runtime.bin) = 1D52
Symbol: PRESENTATION_INSTRUCTION_CUCUMBER_DST (/mnt/d/retro/ladybug/build/ladybug-presentation-runtime.bin) = 5C80
Symbol: PRESENTATION_INSTRUCTION_CUCUMBER_STREAM (/mnt/d/retro/ladybug/build/ladybug-presentation-runtime.bin) = 2143
Symbol: PRESENTATION_INSTRUCTION_DEATH_COUNT (/mnt/d/retro/ladybug/build/ladybug-presentation-runtime.bin) = 000F
Symbol: PRESENTATION_INSTRUCTION_DEATH_POINTERS (/mnt/d/retro/ladybug/build/ladybug-presentation-runtime.bin) = 2194
Symbol: PRESENTATION_INSTRUCTION_DEATH_TICK (/mnt/d/retro/ladybug/build/ladybug-presentation-runtime.bin) = 0660
Symbol: PRESENTATION_INSTRUCTION_EVENT_BYTES (/mnt/d/retro/ladybug/build/ladybug-presentation-runtime.bin) = 000C
Symbol: PRESENTATION_INSTRUCTION_EVENT_COUNT (/mnt/d/retro/ladybug/build/ladybug-presentation-runtime.bin) = 0010
Symbol: PRESENTATION_INSTRUCTION_EVENT_OFFSET (/mnt/d/retro/ladybug/build/ladybug-presentation-runtime.bin) = 1C92
Symbol: PRESENTATION_INSTRUCTION_EXTRA_SPAN (/mnt/d/retro/ladybug/build/ladybug-presentation-runtime.bin) = 4334
Symbol: PRESENTATION_INSTRUCTION_HEART_SPAN (/mnt/d/retro/ladybug/build/ladybug-presentation-runtime.bin) = 6134
Symbol: PRESENTATION_INSTRUCTION_ICON_SPAN (/mnt/d/retro/ladybug/build/ladybug-presentation-runtime.bin) = 7F34
Symbol: PRESENTATION_INSTRUCTION_LIFE_0 (/mnt/d/retro/ladybug/build/ladybug-presentation-runtime.bin) = 00E6
Symbol: PRESENTATION_INSTRUCTION_LIFE_1 (/mnt/d/retro/ladybug/build/ladybug-presentation-runtime.bin) = 00E7
Symbol: PRESENTATION_INSTRUCTION_LIFE_2 (/mnt/d/retro/ladybug/build/ladybug-presentation-runtime.bin) = 00E8
Symbol: PRESENTATION_INSTRUCTION_LIFE_3 (/mnt/d/retro/ladybug/build/ladybug-presentation-runtime.bin) = 00E9
Symbol: PRESENTATION_INSTRUCTION_LIFE_DST (/mnt/d/retro/ladybug/build/ladybug-presentation-runtime.bin) = 4370
Symbol: PRESENTATION_INSTRUCTION_MULTIPLIER_0 (/mnt/d/retro/ladybug/build/ladybug-presentation-runtime.bin) = 756C
Symbol: PRESENTATION_INSTRUCTION_MULTIPLIER_1 (/mnt/d/retro/ladybug/build/ladybug-presentation-runtime.bin) = 846C
Symbol: PRESENTATION_INSTRUCTION_NEXT_TICK (/mnt/d/retro/ladybug/build/ladybug-presentation-runtime.bin) = 0700
Symbol: PRESENTATION_INSTRUCTION_RUNTIME_ADDRESS (/mnt/d/retro/ladybug/build/ladybug-presentation-runtime.bin) = A422
Symbol: PRESENTATION_INSTRUCTION_RUNTIME_BYTES (/mnt/d/retro/ladybug/build/ladybug-presentation-runtime.bin) = 03AA
Symbol: PRESENTATION_INSTRUCTION_SKULL_DST (/mnt/d/retro/ladybug/build/ladybug-presentation-runtime.bin) = 6170
Symbol: PRESENTATION_INSTRUCTION_SPECIAL_SPAN (/mnt/d/retro/ladybug/build/ladybug-presentation-runtime.bin) = 5234
Symbol: PRESENTATION_INSTRUCTION_VALUE_BLUE_0 (/mnt/d/retro/ladybug/build/ladybug-presentation-runtime.bin) = 00E2
Symbol: PRESENTATION_INSTRUCTION_VALUE_BLUE_1 (/mnt/d/retro/ladybug/build/ladybug-presentation-runtime.bin) = 00EA
Symbol: PRESENTATION_INSTRUCTION_VALUE_BLUE_2 (/mnt/d/retro/ladybug/build/ladybug-presentation-runtime.bin) = 00EA
Symbol: PRESENTATION_INSTRUCTION_VALUE_DST (/mnt/d/retro/ladybug/build/ladybug-presentation-runtime.bin) = 8440
Symbol: PRESENTATION_INSTRUCTION_VALUE_RED_0 (/mnt/d/retro/ladybug/build/ladybug-presentation-runtime.bin) = 0098
Symbol: PRESENTATION_INSTRUCTION_VALUE_RED_1 (/mnt/d/retro/ladybug/build/ladybug-presentation-runtime.bin) = 00A7
Symbol: PRESENTATION_INSTRUCTION_VALUE_RED_2 (/mnt/d/retro/ladybug/build/ladybug-presentation-runtime.bin) = 00A7
Symbol: PRESENTATION_INSTRUCTION_VALUE_YELLOW_0 (/mnt/d/retro/ladybug/build/ladybug-presentation-runtime.bin) = 0099
Symbol: PRESENTATION_INSTRUCTION_VALUE_YELLOW_1 (/mnt/d/retro/ladybug/build/ladybug-presentation-runtime.bin) = 009A
Symbol: PRESENTATION_INSTRUCTION_VALUE_YELLOW_2 (/mnt/d/retro/ladybug/build/ladybug-presentation-runtime.bin) = 009A
Symbol: PRESENTATION_INSTRUCTION_X2_0 (/mnt/d/retro/ladybug/build/ladybug-presentation-runtime.bin) = 009B
Symbol: PRESENTATION_INSTRUCTION_X2_1 (/mnt/d/retro/ladybug/build/ladybug-presentation-runtime.bin) = 006A
Symbol: PRESENTATION_INSTRUCTION_X3_0 (/mnt/d/retro/ladybug/build/ladybug-presentation-runtime.bin) = 009B
Symbol: PRESENTATION_INSTRUCTION_X3_1 (/mnt/d/retro/ladybug/build/ladybug-presentation-runtime.bin) = 006B
Symbol: PRESENTATION_INSTRUCTION_X5_0 (/mnt/d/retro/ladybug/build/ladybug-presentation-runtime.bin) = 009B
Symbol: PRESENTATION_INSTRUCTION_X5_1 (/mnt/d/retro/ladybug/build/ladybug-presentation-runtime.bin) = 006D
Symbol: PRESENTATION_MAP_ATTRACT (/mnt/d/retro/ladybug/build/ladybug-presentation-runtime.bin) = 0000
Symbol: PRESENTATION_MAP_BYTES (/mnt/d/retro/ladybug/build/ladybug-presentation-runtime.bin) = 03C0
Symbol: PRESENTATION_MAP_COUNT (/mnt/d/retro/ladybug/build/ladybug-presentation-runtime.bin) = 0006
Symbol: PRESENTATION_MAP_ENTER_HIGH_SCORE (/mnt/d/retro/ladybug/build/ladybug-presentation-runtime.bin) = 0005
Symbol: PRESENTATION_MAP_GAME_OVER (/mnt/d/retro/ladybug/build/ladybug-presentation-runtime.bin) = 0004
Symbol: PRESENTATION_MAP_HIGH_SCORE (/mnt/d/retro/ladybug/build/ladybug-presentation-runtime.bin) = 0003
Symbol: PRESENTATION_MAP_INSTRUCTIONS (/mnt/d/retro/ladybug/build/ladybug-presentation-runtime.bin) = 0001
Symbol: PRESENTATION_MAP_LEVEL_START (/mnt/d/retro/ladybug/build/ladybug-presentation-runtime.bin) = 0002
Symbol: PRESENTATION_MAP_OUTPUT_OFFSET (/mnt/d/retro/ladybug/build/ladybug-presentation-runtime.bin) = 4000
Symbol: PRESENTATION_MAP_STREAM_0 (/mnt/d/retro/ladybug/build/ladybug-presentation-runtime.bin) = 14E6
Symbol: PRESENTATION_MAP_STREAM_0_BYTES (/mnt/d/retro/ladybug/build/ladybug-presentation-runtime.bin) = 00E0
Symbol: PRESENTATION_MAP_STREAM_1 (/mnt/d/retro/ladybug/build/ladybug-presentation-runtime.bin) = 15C6
Symbol: PRESENTATION_MAP_STREAM_1_BYTES (/mnt/d/retro/ladybug/build/ladybug-presentation-runtime.bin) = 0262
Symbol: PRESENTATION_MAP_STREAM_2 (/mnt/d/retro/ladybug/build/ladybug-presentation-runtime.bin) = 1828
Symbol: PRESENTATION_MAP_STREAM_2_BYTES (/mnt/d/retro/ladybug/build/ladybug-presentation-runtime.bin) = 01F2
Symbol: PRESENTATION_MAP_STREAM_3 (/mnt/d/retro/ladybug/build/ladybug-presentation-runtime.bin) = 1A1A
Symbol: PRESENTATION_MAP_STREAM_3_BYTES (/mnt/d/retro/ladybug/build/ladybug-presentation-runtime.bin) = 0268
Symbol: PRESENTATION_MAP_STREAM_4 (/mnt/d/retro/ladybug/build/ladybug-presentation-runtime.bin) = 1C82
Symbol: PRESENTATION_MAP_STREAM_4_BYTES (/mnt/d/retro/ladybug/build/ladybug-presentation-runtime.bin) = 0008
Symbol: PRESENTATION_MAP_STREAM_5 (/mnt/d/retro/ladybug/build/ladybug-presentation-runtime.bin) = 1C8A
Symbol: PRESENTATION_MAP_STREAM_5_BYTES (/mnt/d/retro/ladybug/build/ladybug-presentation-runtime.bin) = 0008
Symbol: PRESENTATION_MODULE_DRAW (/mnt/d/retro/ladybug/build/ladybug-presentation-runtime.bin) = 0821
Symbol: presentation_module_end (/mnt/d/retro/ladybug/build/ladybug-presentation-runtime.bin) = 1DF9
Symbol: PRESENTATION_PENDING_NAME (/mnt/d/retro/ladybug/build/ladybug-presentation-runtime.bin) = AFDE
Symbol: PRESENTATION_TILE_ATLAS_OFFSET (/mnt/d/retro/ladybug/build/ladybug-presentation-runtime.bin) = 0000
Symbol: PRESENTATION_TILE_BYTES (/mnt/d/retro/ladybug/build/ladybug-presentation-runtime.bin) = 0020
Symbol: PRESENTATION_TILE_COUNT (/mnt/d/retro/ladybug/build/ladybug-presentation-runtime.bin) = 00EB
Symbol: PRESENTATION_TILE_OFFSET (/mnt/d/retro/ladybug/build/ladybug-presentation-runtime.bin) = 0000
Symbol: RF_STAGE (/mnt/d/retro/ladybug/build/ladybug-presentation-runtime.bin) = 0040
Symbol: scan_bits (/mnt/d/retro/ladybug/build/ladybug-presentation-runtime.bin) = 1DF6
Symbol: scan_drives (/mnt/d/retro/ladybug/build/ladybug-presentation-runtime.bin) = 1DF3
Symbol: scan_keys (/mnt/d/retro/ladybug/build/ladybug-presentation-runtime.bin) = 1D0E
Symbol: scan_loop (/mnt/d/retro/ladybug/build/ladybug-presentation-runtime.bin) = 1D1F
Symbol: scan_next (/mnt/d/retro/ladybug/build/ladybug-presentation-runtime.bin) = 1D38
Symbol: SCORE (/mnt/d/retro/ladybug/build/ladybug-presentation-runtime.bin) = 001D
Symbol: screen_modes (/mnt/d/retro/ladybug/build/ladybug-presentation-runtime.bin) = 1DED
Symbol: SPARSE_ENEMY_INDEX_ADDR (/mnt/d/retro/ladybug/build/ladybug-presentation-runtime.bin) = A000
Symbol: SPARSE_ENEMY_PAYLOAD_PAGE (/mnt/d/retro/ladybug/build/ladybug-presentation-runtime.bin) = 0035
Symbol: SPARSE_PLAYER_INDEX_ADDR (/mnt/d/retro/ladybug/build/ladybug-presentation-runtime.bin) = A000
Symbol: SPARSE_PLAYER_PAYLOAD_PAGE (/mnt/d/retro/ladybug/build/ladybug-presentation-runtime.bin) = 0039
Symbol: STAGE_PENDING (/mnt/d/retro/ladybug/build/ladybug-presentation-runtime.bin) = 0026
Symbol: start_screen (/mnt/d/retro/ladybug/build/ladybug-presentation-runtime.bin) = 1A05
Symbol: start_screen_context_ready (/mnt/d/retro/ladybug/build/ladybug-presentation-runtime.bin) = 1A0F
Symbol: start_screen_done (/mnt/d/retro/ladybug/build/ladybug-presentation-runtime.bin) = 1A4C
Symbol: start_screen_hold (/mnt/d/retro/ladybug/build/ladybug-presentation-runtime.bin) = 1A49
Symbol: start_screen_map (/mnt/d/retro/ladybug/build/ladybug-presentation-runtime.bin) = 1A35
Symbol: start_screen_no_instruction_install (/mnt/d/retro/ladybug/build/ladybug-presentation-runtime.bin) = 1A19
Symbol: timer (/mnt/d/retro/ladybug/build/ladybug-presentation-runtime.bin) = 1BD7
