Symbol: abs_hundred (/mnt/d/retro/ladybug/build/ladybug-runtime.rom) = C21B
Symbol: abs_multiply (/mnt/d/retro/ladybug/build/ladybug-runtime.rom) = C216
Symbol: abs_next (/mnt/d/retro/ladybug/build/ladybug-runtime.rom) = C22B
Symbol: abs_red (/mnt/d/retro/ladybug/build/ladybug-runtime.rom) = C214
Symbol: abs_yellow (/mnt/d/retro/ladybug/build/ladybug-runtime.rom) = C210
Symbol: add_bonus_score (/mnt/d/retro/ladybug/build/ladybug-runtime.rom) = C202
Symbol: add_dot_score (/mnt/d/retro/ladybug/build/ladybug-runtime.rom) = C1D2
Symbol: add_special_score (/mnt/d/retro/ladybug/build/ladybug-runtime.rom) = C2C4
Symbol: ads_copy_high (/mnt/d/retro/ladybug/build/ladybug-runtime.rom) = C1F3
Symbol: ads_ten_loop (/mnt/d/retro/ladybug/build/ladybug-runtime.rom) = C1D6
Symbol: ads_ten_next (/mnt/d/retro/ladybug/build/ladybug-runtime.rom) = C1EF
Symbol: alp_done (/mnt/d/retro/ladybug/build/ladybug-runtime.rom) = C2C3
Symbol: alp_extra (/mnt/d/retro/ladybug/build/ladybug-runtime.rom) = C287
Symbol: alp_extra_draw (/mnt/d/retro/ladybug/build/ladybug-runtime.rom) = C29F
Symbol: alp_special (/mnt/d/retro/ladybug/build/ladybug-runtime.rom) = C249
Symbol: alp_special_draw (/mnt/d/retro/ladybug/build/ladybug-runtime.rom) = C262
Symbol: apply_letter_pickup (/mnt/d/retro/ladybug/build/ladybug-runtime.rom) = C23E
Symbol: asset_end (/mnt/d/retro/ladybug/build/ladybug-runtime.rom) = FBE8
Symbol: asset_start (/mnt/d/retro/ladybug/build/ladybug-runtime.rom) = E000
Symbol: bct_done (/mnt/d/retro/ladybug/build/ladybug-runtime.rom) = C876
Symbol: bct_entities (/mnt/d/retro/ladybug/build/ladybug-runtime.rom) = C870
Symbol: bct_player_marked (/mnt/d/retro/ladybug/build/ladybug-runtime.rom) = C868
Symbol: bct_redraw (/mnt/d/retro/ladybug/build/ladybug-runtime.rom) = C857
Symbol: bct_to_red (/mnt/d/retro/ladybug/build/ladybug-runtime.rom) = C847
Symbol: bct_to_yellow (/mnt/d/retro/ladybug/build/ladybug-runtime.rom) = C850
Symbol: begin_score_popup (/mnt/d/retro/ladybug/build/ladybug-runtime.rom) = D248
Symbol: bgel_entity (/mnt/d/retro/ladybug/build/ladybug-runtime.rom) = D082
Symbol: bgel_gate (/mnt/d/retro/ladybug/build/ladybug-runtime.rom) = D001
Symbol: bgel_neighbor_end_x (/mnt/d/retro/ladybug/build/ladybug-runtime.rom) = D04C
Symbol: bgel_neighbor_end_y (/mnt/d/retro/ladybug/build/ladybug-runtime.rom) = D05F
Symbol: bgel_neighbor_start_y (/mnt/d/retro/ladybug/build/ladybug-runtime.rom) = D055
Symbol: bgel_next (/mnt/d/retro/ladybug/build/ladybug-runtime.rom) = D0CA
Symbol: bgel_scan (/mnt/d/retro/ladybug/build/ladybug-runtime.rom) = D068
Symbol: blit_packed_sprite (/mnt/d/retro/ladybug/build/ladybug-runtime.rom) = D52C
Symbol: BLIT_ROWS (/mnt/d/retro/ladybug/build/ladybug-runtime.rom) = 001B
Symbol: blit_tile (/mnt/d/retro/ladybug/build/ladybug-runtime.rom) = D669
Symbol: blit_transparent (/mnt/d/retro/ladybug/build/ladybug-runtime.rom) = D685
Symbol: BLIT_WIDTH (/mnt/d/retro/ladybug/build/ladybug-runtime.rom) = 001C
Symbol: BONUS_COLOR (/mnt/d/retro/ladybug/build/ladybug-runtime.rom) = 002F
Symbol: bonus_color_tick (/mnt/d/retro/ladybug/build/ladybug-runtime.rom) = C82B
Symbol: BONUS_LEFT (/mnt/d/retro/ladybug/build/ladybug-runtime.rom) = 0033
Symbol: BONUS_TIMER (/mnt/d/retro/ladybug/build/ladybug-runtime.rom) = 0030
Symbol: BOOT_FLAG (/mnt/d/retro/ladybug/build/ladybug-runtime.rom) = 02F0
Symbol: BOX_INDEX (/mnt/d/retro/ladybug/build/ladybug-runtime.rom) = 004B
Symbol: BOX_PHASE (/mnt/d/retro/ladybug/build/ladybug-runtime.rom) = 004C
Symbol: BOX_TIMER (/mnt/d/retro/ladybug/build/ladybug-runtime.rom) = 004A
Symbol: bps_byte (/mnt/d/retro/ladybug/build/ladybug-runtime.rom) = D534
Symbol: bps_row (/mnt/d/retro/ladybug/build/ladybug-runtime.rom) = D530
Symbol: bsp_blue (/mnt/d/retro/ladybug/build/ladybug-runtime.rom) = D256
Symbol: bsp_frame (/mnt/d/retro/ladybug/build/ladybug-runtime.rom) = D25B
Symbol: bsp_yellow (/mnt/d/retro/ladybug/build/ladybug-runtime.rom) = D259
Symbol: btrow (/mnt/d/retro/ladybug/build/ladybug-runtime.rom) = D670
Symbol: btt_byte (/mnt/d/retro/ladybug/build/ladybug-runtime.rom) = D68D
Symbol: btt_high_opaque (/mnt/d/retro/ladybug/build/ladybug-runtime.rom) = D696
Symbol: btt_low_opaque (/mnt/d/retro/ladybug/build/ladybug-runtime.rom) = D69C
Symbol: btt_next_row (/mnt/d/retro/ladybug/build/ladybug-runtime.rom) = D6BA
Symbol: btt_row (/mnt/d/retro/ladybug/build/ladybug-runtime.rom) = D689
Symbol: btt_tile_row (/mnt/d/retro/ladybug/build/ladybug-runtime.rom) = D6B6
Symbol: BUG011_DEVELOPMENT_PROFILE (/mnt/d/retro/ladybug/build/ladybug-runtime.rom) = 0001
Symbol: build_gate_entity_lists (/mnt/d/retro/ladybug/build/ladybug-runtime.rom) = CFFF
Symbol: cache_entity_operation (/mnt/d/retro/ladybug/build/ladybug-runtime.rom) = C7B5
Symbol: cache_entity_overflow (/mnt/d/retro/ladybug/build/ladybug-runtime.rom) = C7B3
Symbol: cache_entity_overlay (/mnt/d/retro/ladybug/build/ladybug-runtime.rom) = C764
Symbol: can_move (/mnt/d/retro/ladybug/build/ladybug-runtime.rom) = CC5B
Symbol: cell_row_addresses (/mnt/d/retro/ladybug/build/ladybug-runtime.rom) = D453
Symbol: ceo_byte (/mnt/d/retro/ladybug/build/ladybug-runtime.rom) = C786
Symbol: ceo_long_delta (/mnt/d/retro/ladybug/build/ladybug-runtime.rom) = C7E9
Symbol: ceo_pair (/mnt/d/retro/ladybug/build/ladybug-runtime.rom) = C80B
Symbol: ceo_preserve (/mnt/d/retro/ladybug/build/ladybug-runtime.rom) = C824
Symbol: ceo_row (/mnt/d/retro/ladybug/build/ladybug-runtime.rom) = C782
Symbol: ceo_run_header_done (/mnt/d/retro/ladybug/build/ladybug-runtime.rom) = C801
Symbol: cep_check_clear (/mnt/d/retro/ladybug/build/ladybug-runtime.rom) = D20E
Symbol: cep_letter (/mnt/d/retro/ladybug/build/ladybug-runtime.rom) = D20B
Symbol: cep_loop (/mnt/d/retro/ladybug/build/ladybug-runtime.rom) = D19A
Symbol: cep_multiplier_five (/mnt/d/retro/ladybug/build/ladybug-runtime.rom) = D1FF
Symbol: cep_next (/mnt/d/retro/ladybug/build/ladybug-runtime.rom) = D3D6
Symbol: cep_skull (/mnt/d/retro/ladybug/build/ladybug-runtime.rom) = D215
Symbol: cep_skull_loop (/mnt/d/retro/ladybug/build/ladybug-runtime.rom) = D21C
Symbol: cep_skull_next (/mnt/d/retro/ladybug/build/ladybug-runtime.rom) = D22C
Symbol: check_entity_pickup (/mnt/d/retro/ladybug/build/ladybug-runtime.rom) = D193
Symbol: check_stage_clear (/mnt/d/retro/ladybug/build/ladybug-runtime.rom) = C331
Symbol: clear_life_marker (/mnt/d/retro/ladybug/build/ladybug-runtime.rom) = C4EA
Symbol: clm_row (/mnt/d/retro/ladybug/build/ladybug-runtime.rom) = C504
Symbol: clr_fb (/mnt/d/retro/ladybug/build/ladybug-runtime.rom) = C07B
Symbol: cm_allowed (/mnt/d/retro/ladybug/build/ladybug-runtime.rom) = CDAB
Symbol: cm_blocked (/mnt/d/retro/ladybug/build/ladybug-runtime.rom) = CDAE
Symbol: cm_bounds (/mnt/d/retro/ladybug/build/ladybug-runtime.rom) = CC7F
Symbol: cm_check_vertical_passages (/mnt/d/retro/ladybug/build/ladybug-runtime.rom) = CCD4
Symbol: cm_east (/mnt/d/retro/ladybug/build/ladybug-runtime.rom) = CC79
Symbol: cm_east_style_done (/mnt/d/retro/ladybug/build/ladybug-runtime.rom) = CD4E
Symbol: cm_entry_masks (/mnt/d/retro/ladybug/build/ladybug-runtime.rom) = CDB1
Symbol: cm_h_endpoint (/mnt/d/retro/ladybug/build/ladybug-runtime.rom) = CD24
Symbol: cm_north (/mnt/d/retro/ladybug/build/ladybug-runtime.rom) = CC75
Symbol: cm_north_style_done (/mnt/d/retro/ladybug/build/ladybug-runtime.rom) = CD76
Symbol: cm_pass_horizontal (/mnt/d/retro/ladybug/build/ladybug-runtime.rom) = CCED
Symbol: cm_pass_vertical (/mnt/d/retro/ladybug/build/ladybug-runtime.rom) = CCFD
Symbol: cm_regular (/mnt/d/retro/ladybug/build/ladybug-runtime.rom) = CD98
Symbol: cm_rotate (/mnt/d/retro/ladybug/build/ladybug-runtime.rom) = CD85
Symbol: cm_set_east (/mnt/d/retro/ladybug/build/ladybug-runtime.rom) = CD44
Symbol: cm_set_north (/mnt/d/retro/ladybug/build/ladybug-runtime.rom) = CD6C
Symbol: cm_set_south (/mnt/d/retro/ladybug/build/ladybug-runtime.rom) = CD79
Symbol: cm_set_west (/mnt/d/retro/ladybug/build/ladybug-runtime.rom) = CD36
Symbol: cm_south (/mnt/d/retro/ladybug/build/ladybug-runtime.rom) = CC7D
Symbol: cm_south_style_done (/mnt/d/retro/ladybug/build/ladybug-runtime.rom) = CD83
Symbol: cm_try_rotate (/mnt/d/retro/ladybug/build/ladybug-runtime.rom) = CD0D
Symbol: cm_v_endpoint (/mnt/d/retro/ladybug/build/ladybug-runtime.rom) = CD5C
Symbol: cm_vertical_bar (/mnt/d/retro/ladybug/build/ladybug-runtime.rom) = CD52
Symbol: cm_west_style_done (/mnt/d/retro/ladybug/build/ladybug-runtime.rom) = CD40
Symbol: COLOR_BLUE (/mnt/d/retro/ladybug/build/ladybug-runtime.rom) = 0003
Symbol: COLOR_GREEN (/mnt/d/retro/ladybug/build/ladybug-runtime.rom) = 0005
Symbol: COLOR_LIGHT_GREEN (/mnt/d/retro/ladybug/build/ladybug-runtime.rom) = 0008
Symbol: COLOR_PINK (/mnt/d/retro/ladybug/build/ladybug-runtime.rom) = 0004
Symbol: COLOR_RED (/mnt/d/retro/ladybug/build/ladybug-runtime.rom) = 0001
Symbol: COLOR_WHITE (/mnt/d/retro/ladybug/build/ladybug-runtime.rom) = 0006
Symbol: COLOR_YELLOW (/mnt/d/retro/ladybug/build/ladybug-runtime.rom) = 0002
Symbol: csc_done (/mnt/d/retro/ladybug/build/ladybug-runtime.rom) = C33B
Symbol: dag_loop (/mnt/d/retro/ladybug/build/ladybug-runtime.rom) = CDD8
Symbol: dbl_byte (/mnt/d/retro/ladybug/build/ladybug-runtime.rom) = C43E
Symbol: de_loop (/mnt/d/retro/ladybug/build/ladybug-runtime.rom) = C680
Symbol: de_next (/mnt/d/retro/ladybug/build/ladybug-runtime.rom) = C69C
Symbol: DEATH_ANGEL_FRAME (/mnt/d/retro/ladybug/build/ladybug-runtime.rom) = 000D
Symbol: DEATH_FRAME (/mnt/d/retro/ladybug/build/ladybug-runtime.rom) = 004E
Symbol: DEATH_FRAME_COUNT (/mnt/d/retro/ladybug/build/ladybug-runtime.rom) = 000E
Symbol: death_sparse_frame_0 (/mnt/d/retro/ladybug/build/ladybug-runtime.rom) = D752
Symbol: death_sparse_frame_1 (/mnt/d/retro/ladybug/build/ladybug-runtime.rom) = D7C7
Symbol: death_sparse_frame_10 (/mnt/d/retro/ladybug/build/ladybug-runtime.rom) = D9D3
Symbol: death_sparse_frame_11 (/mnt/d/retro/ladybug/build/ladybug-runtime.rom) = DA27
Symbol: death_sparse_frame_12 (/mnt/d/retro/ladybug/build/ladybug-runtime.rom) = DA72
Symbol: death_sparse_frame_13 (/mnt/d/retro/ladybug/build/ladybug-runtime.rom) = DAD4
Symbol: death_sparse_frame_2 (/mnt/d/retro/ladybug/build/ladybug-runtime.rom) = D839
Symbol: death_sparse_frame_3 (/mnt/d/retro/ladybug/build/ladybug-runtime.rom) = D8A3
Symbol: death_sparse_frame_4 (/mnt/d/retro/ladybug/build/ladybug-runtime.rom) = D8E1
Symbol: death_sparse_frame_5 (/mnt/d/retro/ladybug/build/ladybug-runtime.rom) = D913
Symbol: death_sparse_frame_6 (/mnt/d/retro/ladybug/build/ladybug-runtime.rom) = D92D
Symbol: death_sparse_frame_7 (/mnt/d/retro/ladybug/build/ladybug-runtime.rom) = D93F
Symbol: death_sparse_frame_8 (/mnt/d/retro/ladybug/build/ladybug-runtime.rom) = D959
Symbol: death_sparse_frame_9 (/mnt/d/retro/ladybug/build/ladybug-runtime.rom) = D991
Symbol: death_sparse_streams (/mnt/d/retro/ladybug/build/ladybug-runtime.rom) = D736
Symbol: DEATH_STATE (/mnt/d/retro/ladybug/build/ladybug-runtime.rom) = 004D
Symbol: death_tick (/mnt/d/retro/ladybug/build/ladybug-runtime.rom) = D2DA
Symbol: DEATH_TIMER (/mnt/d/retro/ladybug/build/ladybug-runtime.rom) = 003A
Symbol: DEATH_WING_FIRST (/mnt/d/retro/ladybug/build/ladybug-runtime.rom) = 0007
Symbol: deo_bonus (/mnt/d/retro/ladybug/build/ladybug-runtime.rom) = C6EB
Symbol: deo_byte (/mnt/d/retro/ladybug/build/ladybug-runtime.rom) = C72D
Symbol: deo_destination (/mnt/d/retro/ladybug/build/ladybug-runtime.rom) = C70D
Symbol: deo_red (/mnt/d/retro/ladybug/build/ladybug-runtime.rom) = C703
Symbol: deo_row (/mnt/d/retro/ladybug/build/ladybug-runtime.rom) = C729
Symbol: deo_yellow (/mnt/d/retro/ladybug/build/ladybug-runtime.rom) = C709
Symbol: dg_done (/mnt/d/retro/ladybug/build/ladybug-runtime.rom) = CDD5
Symbol: dg_restore (/mnt/d/retro/ladybug/build/ladybug-runtime.rom) = CE15
Symbol: dg_tiles (/mnt/d/retro/ladybug/build/ladybug-runtime.rom) = CE56
Symbol: dgd_no_neighbor (/mnt/d/retro/ladybug/build/ladybug-runtime.rom) = CE85
Symbol: dgd_tile (/mnt/d/retro/ladybug/build/ladybug-runtime.rom) = CE9D
Symbol: dge_done (/mnt/d/retro/ladybug/build/ladybug-runtime.rom) = D114
Symbol: dge_loop (/mnt/d/retro/ladybug/build/ladybug-runtime.rom) = D0FF
Symbol: dge_next (/mnt/d/retro/ladybug/build/ladybug-runtime.rom) = D110
Symbol: dge_skip (/mnt/d/retro/ladybug/build/ladybug-runtime.rom) = D10E
Symbol: dgt_done (/mnt/d/retro/ladybug/build/ladybug-runtime.rom) = CF25
Symbol: dgt_extended (/mnt/d/retro/ladybug/build/ladybug-runtime.rom) = CF1F
Symbol: dgt_final (/mnt/d/retro/ladybug/build/ladybug-runtime.rom) = CEF3
Symbol: dgt_index (/mnt/d/retro/ladybug/build/ladybug-runtime.rom) = CEF5
Symbol: dgt_length (/mnt/d/retro/ladybug/build/ladybug-runtime.rom) = CF14
Symbol: dgt_store (/mnt/d/retro/ladybug/build/ladybug-runtime.rom) = CF16
Symbol: dgt_token (/mnt/d/retro/ladybug/build/ladybug-runtime.rom) = CF0A
Symbol: dhd_byte (/mnt/d/retro/ladybug/build/ladybug-runtime.rom) = C4A0
Symbol: dhd_low (/mnt/d/retro/ladybug/build/ladybug-runtime.rom) = C4B1
Symbol: dhd_row (/mnt/d/retro/ladybug/build/ladybug-runtime.rom) = C49C
Symbol: dhd_store (/mnt/d/retro/ladybug/build/ladybug-runtime.rom) = C4B7
Symbol: dhu_mod10 (/mnt/d/retro/ladybug/build/ladybug-runtime.rom) = C3A5
Symbol: dhu_stage_digit (/mnt/d/retro/ladybug/build/ladybug-runtime.rom) = C3AD
Symbol: DIR_EAST (/mnt/d/retro/ladybug/build/ladybug-runtime.rom) = 0001
Symbol: DIR_NONE (/mnt/d/retro/ladybug/build/ladybug-runtime.rom) = 00FF
Symbol: DIR_NORTH (/mnt/d/retro/ladybug/build/ladybug-runtime.rom) = 0000
Symbol: DIR_SOUTH (/mnt/d/retro/ladybug/build/ladybug-runtime.rom) = 0002
Symbol: DIR_WEST (/mnt/d/retro/ladybug/build/ladybug-runtime.rom) = 0003
Symbol: dl_erase (/mnt/d/retro/ladybug/build/ladybug-runtime.rom) = C4DE
Symbol: dl_marker (/mnt/d/retro/ladybug/build/ladybug-runtime.rom) = C4C8
Symbol: dl_next (/mnt/d/retro/ladybug/build/ladybug-runtime.rom) = C4E1
Symbol: dmh_draw (/mnt/d/retro/ladybug/build/ladybug-runtime.rom) = C2EE
Symbol: dmh_three (/mnt/d/retro/ladybug/build/ladybug-runtime.rom) = C2EC
Symbol: dmh_two (/mnt/d/retro/ladybug/build/ladybug-runtime.rom) = C2E8
Symbol: dmsc_dot (/mnt/d/retro/ladybug/build/ladybug-runtime.rom) = D424
Symbol: dmsc_draw (/mnt/d/retro/ladybug/build/ladybug-runtime.rom) = D426
Symbol: DOTS_LEFT (/mnt/d/retro/ladybug/build/ladybug-runtime.rom) = 0025
Symbol: dpb_byte (/mnt/d/retro/ladybug/build/ladybug-runtime.rom) = C925
Symbol: dpb_low (/mnt/d/retro/ladybug/build/ladybug-runtime.rom) = C93F
Symbol: dpb_row (/mnt/d/retro/ladybug/build/ladybug-runtime.rom) = C921
Symbol: dpb_store (/mnt/d/retro/ladybug/build/ladybug-runtime.rom) = C94F
Symbol: dpm_done (/mnt/d/retro/ladybug/build/ladybug-runtime.rom) = D2D9
Symbol: dpm_select (/mnt/d/retro/ladybug/build/ladybug-runtime.rom) = D2C2
Symbol: dpm_three (/mnt/d/retro/ladybug/build/ladybug-runtime.rom) = D2C0
Symbol: dpm_two (/mnt/d/retro/ladybug/build/ladybug-runtime.rom) = D2BD
Symbol: draw_all_gates (/mnt/d/retro/ladybug/build/ladybug-runtime.rom) = CDD6
Symbol: draw_authored_hud_tile (/mnt/d/retro/ladybug/build/ladybug-runtime.rom) = C52D
Symbol: draw_bcd_line (/mnt/d/retro/ladybug/build/ladybug-runtime.rom) = C436
Symbol: draw_cell_overlay (/mnt/d/retro/ladybug/build/ladybug-runtime.rom) = D48A
Symbol: draw_cell_tile (/mnt/d/retro/ladybug/build/ladybug-runtime.rom) = D483
Symbol: DRAW_COUNT (/mnt/d/retro/ladybug/build/ladybug-runtime.rom) = 0016
Symbol: draw_death_frame (/mnt/d/retro/ladybug/build/ladybug-runtime.rom) = D3C2
Symbol: draw_entities (/mnt/d/retro/ladybug/build/ladybug-runtime.rom) = C674
Symbol: draw_entity_object (/mnt/d/retro/ladybug/build/ladybug-runtime.rom) = C6C9
Symbol: draw_gate (/mnt/d/retro/ladybug/build/ladybug-runtime.rom) = CDBF
Symbol: draw_gate_diagonal (/mnt/d/retro/ladybug/build/ladybug-runtime.rom) = CE70
Symbol: draw_gate_entities (/mnt/d/retro/ladybug/build/ladybug-runtime.rom) = D0E4
Symbol: draw_gate_overlay (/mnt/d/retro/ladybug/build/ladybug-runtime.rom) = CE2F
Symbol: draw_gate_transition (/mnt/d/retro/ladybug/build/ladybug-runtime.rom) = CEBA
Symbol: draw_hud (/mnt/d/retro/ladybug/build/ladybug-runtime.rom) = C37B
Symbol: draw_hud_digit (/mnt/d/retro/ladybug/build/ladybug-runtime.rom) = C459
Symbol: draw_hud_tile (/mnt/d/retro/ladybug/build/ladybug-runtime.rom) = C53C
Symbol: draw_life_marker (/mnt/d/retro/ladybug/build/ladybug-runtime.rom) = C518
Symbol: draw_lives (/mnt/d/retro/ladybug/build/ladybug-runtime.rom) = C4C6
Symbol: draw_maze_state_cell (/mnt/d/retro/ladybug/build/ladybug-runtime.rom) = D400
Symbol: draw_multiplier_hud (/mnt/d/retro/ladybug/build/ladybug-runtime.rom) = C2DA
Symbol: draw_perimeter_box (/mnt/d/retro/ladybug/build/ladybug-runtime.rom) = C908
Symbol: draw_player (/mnt/d/retro/ladybug/build/ladybug-runtime.rom) = D4EA
Symbol: draw_popup_multiplier (/mnt/d/retro/ladybug/build/ladybug-runtime.rom) = D2AB
Symbol: draw_recolored_map_tile (/mnt/d/retro/ladybug/build/ladybug-runtime.rom) = C462
Symbol: draw_score_popup (/mnt/d/retro/ladybug/build/ladybug-runtime.rom) = D281
Symbol: draw_screen (/mnt/d/retro/ladybug/build/ladybug-runtime.rom) = D633
Symbol: DRAW_TILE (/mnt/d/retro/ladybug/build/ladybug-runtime.rom) = 0017
Symbol: draw_vegetable_hud (/mnt/d/retro/ladybug/build/ladybug-runtime.rom) = C3B4
Symbol: draw_word_progress_hud (/mnt/d/retro/ladybug/build/ladybug-runtime.rom) = C33C
Symbol: drmt_recolour (/mnt/d/retro/ladybug/build/ladybug-runtime.rom) = C480
Symbol: ds_column (/mnt/d/retro/ladybug/build/ladybug-runtime.rom) = D640
Symbol: ds_row (/mnt/d/retro/ladybug/build/ladybug-runtime.rom) = D63C
Symbol: dt_blank (/mnt/d/retro/ladybug/build/ladybug-runtime.rom) = D391
Symbol: dt_done (/mnt/d/retro/ladybug/build/ladybug-runtime.rom) = D3C1
Symbol: dt_finish_blank (/mnt/d/retro/ladybug/build/ladybug-runtime.rom) = D398
Symbol: dt_finish_wings (/mnt/d/retro/ladybug/build/ladybug-runtime.rom) = D388
Symbol: dt_first_circle (/mnt/d/retro/ladybug/build/ladybug-runtime.rom) = D31F
Symbol: dt_game_over (/mnt/d/retro/ladybug/build/ladybug-runtime.rom) = D3B3
Symbol: dt_mark_render (/mnt/d/retro/ladybug/build/ladybug-runtime.rom) = D2F1
Symbol: dt_shrink (/mnt/d/retro/ladybug/build/ladybug-runtime.rom) = D308
Symbol: dt_shrink_divide (/mnt/d/retro/ladybug/build/ladybug-runtime.rom) = D312
Symbol: dt_shrink_draw (/mnt/d/retro/ladybug/build/ladybug-runtime.rom) = D321
Symbol: dt_shrink_frame (/mnt/d/retro/ladybug/build/ladybug-runtime.rom) = D31B
Symbol: dt_swing_hidden (/mnt/d/retro/ladybug/build/ladybug-runtime.rom) = D385
Symbol: dt_swing_horizontal (/mnt/d/retro/ladybug/build/ladybug-runtime.rom) = D367
Symbol: dt_swing_left (/mnt/d/retro/ladybug/build/ladybug-runtime.rom) = D37D
Symbol: dt_swing_phase (/mnt/d/retro/ladybug/build/ladybug-runtime.rom) = D350
Symbol: dt_swing_quarter (/mnt/d/retro/ladybug/build/ladybug-runtime.rom) = D347
Symbol: dt_swing_rise (/mnt/d/retro/ladybug/build/ladybug-runtime.rom) = D363
Symbol: dt_swing_store (/mnt/d/retro/ladybug/build/ladybug-runtime.rom) = D37F
Symbol: dt_wings (/mnt/d/retro/ladybug/build/ladybug-runtime.rom) = D332
Symbol: dvh_stage_ok (/mnt/d/retro/ladybug/build/ladybug-runtime.rom) = C3BC
Symbol: dwph_extra (/mnt/d/retro/ladybug/build/ladybug-runtime.rom) = C363
Symbol: dwph_extra_next (/mnt/d/retro/ladybug/build/ladybug-runtime.rom) = C372
Symbol: dwph_special (/mnt/d/retro/ladybug/build/ladybug-runtime.rom) = C344
Symbol: dwph_special_next (/mnt/d/retro/ladybug/build/ladybug-runtime.rom) = C353
Symbol: eat_dot (/mnt/d/retro/ladybug/build/ladybug-runtime.rom) = D495
Symbol: ed_done (/mnt/d/retro/ladybug/build/ladybug-runtime.rom) = D4BF
Symbol: eef_loop (/mnt/d/retro/ladybug/build/ladybug-runtime.rom) = C6B3
Symbol: ENEMY_ACTIVE (/mnt/d/retro/ladybug/build/ladybug-runtime.rom) = 0058
Symbol: ENEMY_ANIM (/mnt/d/retro/ladybug/build/ladybug-runtime.rom) = 0054
Symbol: ENEMY_BG_RING (/mnt/d/retro/ladybug/build/ladybug-runtime.rom) = A898
Symbol: ENEMY_CAPTURE_DIRTY (/mnt/d/retro/ladybug/build/ladybug-runtime.rom) = 009B
Symbol: enemy_collect (/mnt/d/retro/ladybug/build/ladybug-runtime.rom) = D528
Symbol: ENEMY_DEATH_LATCH (/mnt/d/retro/ladybug/build/ladybug-runtime.rom) = 0062
Symbol: ENEMY_FB (/mnt/d/retro/ladybug/build/ladybug-runtime.rom) = 57EC
Symbol: ENEMY_MODULE_COLLECT (/mnt/d/retro/ladybug/build/ladybug-runtime.rom) = 0809
Symbol: ENEMY_MODULE_INIT (/mnt/d/retro/ladybug/build/ladybug-runtime.rom) = 0800
Symbol: ENEMY_MODULE_RELEASE (/mnt/d/retro/ladybug/build/ladybug-runtime.rom) = 0806
Symbol: ENEMY_MODULE_RENDER (/mnt/d/retro/ladybug/build/ladybug-runtime.rom) = 0815
Symbol: ENEMY_MODULE_TICK (/mnt/d/retro/ladybug/build/ladybug-runtime.rom) = 0803
Symbol: ENEMY_MOVE (/mnt/d/retro/ladybug/build/ladybug-runtime.rom) = 0061
Symbol: ENEMY_NEST_DIRTY (/mnt/d/retro/ladybug/build/ladybug-runtime.rom) = 0060
Symbol: ENEMY_OLD_FB (/mnt/d/retro/ladybug/build/ladybug-runtime.rom) = A890
Symbol: ENEMY_OLD_VALID (/mnt/d/retro/ladybug/build/ladybug-runtime.rom) = 0086
Symbol: ENEMY_PTR (/mnt/d/retro/ladybug/build/ladybug-runtime.rom) = 005E
Symbol: enemy_release (/mnt/d/retro/ladybug/build/ladybug-runtime.rom) = D524
Symbol: ENEMY_RELEASED (/mnt/d/retro/ladybug/build/ladybug-runtime.rom) = 0059
Symbol: ENEMY_RENDER_FLAGS (/mnt/d/retro/ladybug/build/ladybug-runtime.rom) = 0087
Symbol: ENEMY_TABLE (/mnt/d/retro/ladybug/build/ladybug-runtime.rom) = A470
Symbol: enemy_tick (/mnt/d/retro/ladybug/build/ladybug-runtime.rom) = D514
Symbol: ENEMY_TIMER (/mnt/d/retro/ladybug/build/ladybug-runtime.rom) = 0055
Symbol: ENEMY_WORK (/mnt/d/retro/ladybug/build/ladybug-runtime.rom) = 005D
Symbol: ENEMY_ZONE_BG (/mnt/d/retro/ladybug/build/ladybug-runtime.rom) = A490
Symbol: ENTITY_COUNT (/mnt/d/retro/ladybug/build/ladybug-runtime.rom) = 0032
Symbol: ENTITY_GATE_CACHE (/mnt/d/retro/ladybug/build/ladybug-runtime.rom) = B000
Symbol: ENTITY_HEART (/mnt/d/retro/ladybug/build/ladybug-runtime.rom) = 0002
Symbol: ENTITY_LETTER (/mnt/d/retro/ladybug/build/ladybug-runtime.rom) = 0003
Symbol: ENTITY_NONE (/mnt/d/retro/ladybug/build/ladybug-runtime.rom) = 0000
Symbol: ENTITY_PTR (/mnt/d/retro/ladybug/build/ladybug-runtime.rom) = 003E
Symbol: ENTITY_SKULL (/mnt/d/retro/ladybug/build/ladybug-runtime.rom) = 0001
Symbol: ENTITY_TABLE (/mnt/d/retro/ladybug/build/ladybug-runtime.rom) = A380
Symbol: ENTITY_TOTAL (/mnt/d/retro/ladybug/build/ladybug-runtime.rom) = 0049
Symbol: ENTITY_TYPE (/mnt/d/retro/ladybug/build/ladybug-runtime.rom) = 0038
Symbol: ENTITY_VARIANT (/mnt/d/retro/ladybug/build/ladybug-runtime.rom) = 0039
Symbol: ENTITY_WORK (/mnt/d/retro/ladybug/build/ladybug-runtime.rom) = 0048
Symbol: ENTITY_X (/mnt/d/retro/ladybug/build/ladybug-runtime.rom) = 0036
Symbol: ENTITY_Y (/mnt/d/retro/ladybug/build/ladybug-runtime.rom) = 0037
Symbol: entry (/mnt/d/retro/ladybug/build/ladybug-runtime.rom) = C002
Symbol: entry_ram_loaded (/mnt/d/retro/ladybug/build/ladybug-runtime.rom) = C033
Symbol: epb_done (/mnt/d/retro/ladybug/build/ladybug-runtime.rom) = CC50
Symbol: erase_entity_footprints (/mnt/d/retro/ladybug/build/ladybug-runtime.rom) = C6AC
Symbol: ERF_DIRTY (/mnt/d/retro/ladybug/build/ladybug-runtime.rom) = 0002
Symbol: ERF_INIT (/mnt/d/retro/ladybug/build/ladybug-runtime.rom) = 0001
Symbol: etw_done (/mnt/d/retro/ladybug/build/ladybug-runtime.rom) = D523
Symbol: expose_player_background (/mnt/d/retro/ladybug/build/ladybug-runtime.rom) = CC4A
Symbol: EXTRA_BITS (/mnt/d/retro/ladybug/build/ladybug-runtime.rom) = 003D
Symbol: extra_letter_bits (/mnt/d/retro/ladybug/build/ladybug-runtime.rom) = C319
Symbol: extra_letter_x (/mnt/d/retro/ladybug/build/ladybug-runtime.rom) = C325
Symbol: FB_BACK_ID (/mnt/d/retro/ladybug/build/ladybug-runtime.rom) = 0090
Symbol: FB_COMMIT_SEQ (/mnt/d/retro/ladybug/build/ladybug-runtime.rom) = 0092
Symbol: FB_END (/mnt/d/retro/ladybug/build/ladybug-runtime.rom) = 9800
Symbol: FB_FRONT_ID (/mnt/d/retro/ladybug/build/ladybug-runtime.rom) = 008F
Symbol: FB_INIT_STATE (/mnt/d/retro/ladybug/build/ladybug-runtime.rom) = 009A
Symbol: FB_META_A (/mnt/d/retro/ladybug/build/ladybug-runtime.rom) = A900
Symbol: FB_META_B (/mnt/d/retro/ladybug/build/ladybug-runtime.rom) = AA00
Symbol: FB_MISSED_COMMIT (/mnt/d/retro/ladybug/build/ladybug-runtime.rom) = 0096
Symbol: FB_MODULE_INIT (/mnt/d/retro/ladybug/build/ladybug-runtime.rom) = 081B
Symbol: FB_MODULE_IRQ (/mnt/d/retro/ladybug/build/ladybug-runtime.rom) = 081E
Symbol: FB_PHYS (/mnt/d/retro/ladybug/build/ladybug-runtime.rom) = 0030
Symbol: FB_RENDER_ACTIVE (/mnt/d/retro/ladybug/build/ladybug-runtime.rom) = 0098
Symbol: FB_RENDER_PENDING (/mnt/d/retro/ladybug/build/ladybug-runtime.rom) = 0091
Symbol: FB_SIM_SEQ (/mnt/d/retro/ladybug/build/ladybug-runtime.rom) = 0094
Symbol: FB_VIRT (/mnt/d/retro/ladybug/build/ladybug-runtime.rom) = 2000
Symbol: FB_WRITE_FRONT_FAULT (/mnt/d/retro/ladybug/build/ladybug-runtime.rom) = 0099
Symbol: FBM_DAMAGE (/mnt/d/retro/ladybug/build/ladybug-runtime.rom) = 0001
Symbol: FBM_PENDING_INTENTS (/mnt/d/retro/ladybug/build/ladybug-runtime.rom) = 00A0
Symbol: FBM_PLAYER_VALID (/mnt/d/retro/ladybug/build/ladybug-runtime.rom) = 0002
Symbol: fga_done (/mnt/d/retro/ladybug/build/ladybug-runtime.rom) = CF77
Symbol: finish_gate_animation (/mnt/d/retro/ladybug/build/ladybug-runtime.rom) = CF6A
Symbol: fpg_no (/mnt/d/retro/ladybug/build/ladybug-runtime.rom) = CF67
Symbol: fpg_ready (/mnt/d/retro/ladybug/build/ladybug-runtime.rom) = CF64
Symbol: fpg_second (/mnt/d/retro/ladybug/build/ladybug-runtime.rom) = CF5A
Symbol: framebuffer_project_gate_only (/mnt/d/retro/ladybug/build/ladybug-runtime.rom) = CF2E
Symbol: FRAMES (/mnt/d/retro/ladybug/build/ladybug-runtime.rom) = 0002
Symbol: FREEZE_TIMER (/mnt/d/retro/ladybug/build/ladybug-runtime.rom) = 005B
Symbol: GATE_ANIM_ID (/mnt/d/retro/ladybug/build/ladybug-runtime.rom) = 0019
Symbol: GATE_ANIM_STYLE (/mnt/d/retro/ladybug/build/ladybug-runtime.rom) = 001A
Symbol: gate_background_index (/mnt/d/retro/ladybug/build/ladybug-runtime.rom) = F056
Symbol: gate_background_tiles (/mnt/d/retro/ladybug/build/ladybug-runtime.rom) = F06A
Symbol: GATE_COMPOSE_MODE (/mnt/d/retro/ladybug/build/ladybug-runtime.rom) = 006F
Symbol: GATE_COPY_COUNT (/mnt/d/retro/ladybug/build/ladybug-runtime.rom) = 0079
Symbol: gate_cross_offsets (/mnt/d/retro/ladybug/build/ladybug-runtime.rom) = D17D
Symbol: gate_diagonal_dot_offsets (/mnt/d/retro/ladybug/build/ladybug-runtime.rom) = D18B
Symbol: gate_diagonal_tiles (/mnt/d/retro/ladybug/build/ladybug-runtime.rom) = F02C
Symbol: GATE_END_X (/mnt/d/retro/ladybug/build/ladybug-runtime.rom) = 0076
Symbol: GATE_END_Y (/mnt/d/retro/ladybug/build/ladybug-runtime.rom) = 0077
Symbol: GATE_ENTITY_LISTS (/mnt/d/retro/ladybug/build/ladybug-runtime.rom) = B600
Symbol: GATE_ENTITY_RECORD_SIZE (/mnt/d/retro/ladybug/build/ladybug-runtime.rom) = 004D
Symbol: GATE_ENTITY_SLOT (/mnt/d/retro/ladybug/build/ladybug-runtime.rom) = 0070
Symbol: gate_footprints (/mnt/d/retro/ladybug/build/ladybug-runtime.rom) = FBD6
Symbol: GATE_ID (/mnt/d/retro/ladybug/build/ladybug-runtime.rom) = 0013
Symbol: GATE_MODULE_COMPOSE (/mnt/d/retro/ladybug/build/ladybug-runtime.rom) = 080F
Symbol: gate_redraw_neighbors (/mnt/d/retro/ladybug/build/ladybug-runtime.rom) = F086
Symbol: gate_render_hidden (/mnt/d/retro/ladybug/build/ladybug-runtime.rom) = CF96
Symbol: GATE_START_X (/mnt/d/retro/ladybug/build/ladybug-runtime.rom) = 0074
Symbol: GATE_START_Y (/mnt/d/retro/ladybug/build/ladybug-runtime.rom) = 0075
Symbol: GATE_STATE (/mnt/d/retro/ladybug/build/ladybug-runtime.rom) = A240
Symbol: gate_state_tiles (/mnt/d/retro/ladybug/build/ladybug-runtime.rom) = EFF0
Symbol: GATE_TRANSITION_PAGE (/mnt/d/retro/ladybug/build/ladybug-runtime.rom) = 0039
Symbol: GATE_TRANSITION_PAYLOAD (/mnt/d/retro/ladybug/build/ladybug-runtime.rom) = A8F6
Symbol: GATE_X (/mnt/d/retro/ladybug/build/ladybug-runtime.rom) = 0014
Symbol: GATE_Y (/mnt/d/retro/ladybug/build/ladybug-runtime.rom) = 0015
Symbol: GIME_BORDER (/mnt/d/retro/ladybug/build/ladybug-runtime.rom) = FF9A
Symbol: GIME_INIT0 (/mnt/d/retro/ladybug/build/ladybug-runtime.rom) = FF90
Symbol: GIME_IRQEN (/mnt/d/retro/ladybug/build/ladybug-runtime.rom) = FF92
Symbol: GIME_PAR5 (/mnt/d/retro/ladybug/build/ladybug-runtime.rom) = FFA5
Symbol: GIME_VMODE (/mnt/d/retro/ladybug/build/ladybug-runtime.rom) = FF98
Symbol: GIME_VOFF0 (/mnt/d/retro/ladybug/build/ladybug-runtime.rom) = FF9E
Symbol: GIME_VOFF1 (/mnt/d/retro/ladybug/build/ladybug-runtime.rom) = FF9D
Symbol: GIME_VRES (/mnt/d/retro/ladybug/build/ladybug-runtime.rom) = FF99
Symbol: grh_final (/mnt/d/retro/ladybug/build/ladybug-runtime.rom) = CFA9
Symbol: grh_gate (/mnt/d/retro/ladybug/build/ladybug-runtime.rom) = CF9D
Symbol: grh_player (/mnt/d/retro/ladybug/build/ladybug-runtime.rom) = CFB5
Symbol: HIGH_BCD (/mnt/d/retro/ladybug/build/ladybug-runtime.rom) = 0020
Symbol: HUD_BCD_BYTE (/mnt/d/retro/ladybug/build/ladybug-runtime.rom) = 002D
Symbol: HUD_BCD_COUNT (/mnt/d/retro/ladybug/build/ladybug-runtime.rom) = 002E
Symbol: HUD_BYTE (/mnt/d/retro/ladybug/build/ladybug-runtime.rom) = 002A
Symbol: HUD_COLOR (/mnt/d/retro/ladybug/build/ladybug-runtime.rom) = 0029
Symbol: HUD_COUNT (/mnt/d/retro/ladybug/build/ladybug-runtime.rom) = 002B
Symbol: HUD_DIGIT_COUNT (/mnt/d/retro/ladybug/build/ladybug-runtime.rom) = 000A
Symbol: HUD_DIGIT_SIZE (/mnt/d/retro/ladybug/build/ladybug-runtime.rom) = 0020
Symbol: hud_digit_tiles (/mnt/d/retro/ladybug/build/ladybug-runtime.rom) = F09A
Symbol: HUD_WIDTH (/mnt/d/retro/ladybug/build/ladybug-runtime.rom) = 002C
Symbol: HUD_X (/mnt/d/retro/ladybug/build/ladybug-runtime.rom) = 0027
Symbol: HUD_Y (/mnt/d/retro/ladybug/build/ladybug-runtime.rom) = 0028
Symbol: ie_five_skulls (/mnt/d/retro/ladybug/build/ladybug-runtime.rom) = C5A6
Symbol: ie_four_skulls (/mnt/d/retro/ladybug/build/ladybug-runtime.rom) = C5A2
Symbol: ie_heart_loop (/mnt/d/retro/ladybug/build/ladybug-runtime.rom) = C5B9
Symbol: ie_place_skulls (/mnt/d/retro/ladybug/build/ladybug-runtime.rom) = C5A8
Symbol: ie_skull_loop (/mnt/d/retro/ladybug/build/ladybug-runtime.rom) = C5AA
Symbol: ie_spcil_mod (/mnt/d/retro/ladybug/build/ladybug-runtime.rom) = C5DD
Symbol: ie_spcil_pick (/mnt/d/retro/ladybug/build/ladybug-runtime.rom) = C5E5
Symbol: ie_three_skulls (/mnt/d/retro/ladybug/build/ladybug-runtime.rom) = C59E
Symbol: ie_two_skulls (/mnt/d/retro/ladybug/build/ladybug-runtime.rom) = C59A
Symbol: ie_xtr_mod (/mnt/d/retro/ladybug/build/ladybug-runtime.rom) = C5C7
Symbol: ie_xtr_pick (/mnt/d/retro/ladybug/build/ladybug-runtime.rom) = C5CF
Symbol: igs_loop (/mnt/d/retro/ladybug/build/ladybug-runtime.rom) = C9BA
Symbol: ims_copy (/mnt/d/retro/ladybug/build/ladybug-runtime.rom) = C573
Symbol: init_enemy (/mnt/d/retro/ladybug/build/ladybug-runtime.rom) = D510
Symbol: init_entities (/mnt/d/retro/ladybug/build/ladybug-runtime.rom) = C57E
Symbol: init_game_state (/mnt/d/retro/ladybug/build/ladybug-runtime.rom) = C154
Symbol: init_gate_state (/mnt/d/retro/ladybug/build/ladybug-runtime.rom) = C9B0
Symbol: init_joystick (/mnt/d/retro/ladybug/build/ladybug-runtime.rom) = C9C4
Symbol: init_maze_state (/mnt/d/retro/ladybug/build/ladybug-runtime.rom) = C56B
Symbol: init_player (/mnt/d/retro/ladybug/build/ladybug-runtime.rom) = C9F5
Symbol: irq_handler (/mnt/d/retro/ladybug/build/ladybug-runtime.rom) = D6BF
Symbol: JOY_DIR (/mnt/d/retro/ladybug/build/ladybug-runtime.rom) = 0005
Symbol: JOY_DX (/mnt/d/retro/ladybug/build/ladybug-runtime.rom) = 000D
Symbol: JOY_DY (/mnt/d/retro/ladybug/build/ladybug-runtime.rom) = 000E
Symbol: joy_read_axis (/mnt/d/retro/ladybug/build/ladybug-runtime.rom) = CA79
Symbol: JOY_X (/mnt/d/retro/ladybug/build/ladybug-runtime.rom) = 0001
Symbol: JOY_Y (/mnt/d/retro/ladybug/build/ladybug-runtime.rom) = 0004
Symbol: jra_done (/mnt/d/retro/ladybug/build/ladybug-runtime.rom) = CA9B
Symbol: jra_loop (/mnt/d/retro/ladybug/build/ladybug-runtime.rom) = CA7A
Symbol: jra_refine (/mnt/d/retro/ladybug/build/ladybug-runtime.rom) = CA8A
Symbol: jra_refine_test (/mnt/d/retro/ladybug/build/ladybug-runtime.rom) = CA91
Symbol: JT_IRQ (/mnt/d/retro/ladybug/build/ladybug-runtime.rom) = FEF7
Symbol: LAST_FRAME (/mnt/d/retro/ladybug/build/ladybug-runtime.rom) = 0000
Symbol: letter_ea (/mnt/d/retro/ladybug/build/ladybug-runtime.rom) = C613
Symbol: letter_spcil (/mnt/d/retro/ladybug/build/ladybug-runtime.rom) = C60E
Symbol: letter_xtr (/mnt/d/retro/ladybug/build/ladybug-runtime.rom) = C60B
Symbol: LIVES (/mnt/d/retro/ladybug/build/ladybug-runtime.rom) = 0023
Symbol: main_after_player (/mnt/d/retro/ladybug/build/ladybug-runtime.rom) = C115
Symbol: main_after_timers (/mnt/d/retro/ladybug/build/ladybug-runtime.rom) = C128
Symbol: main_alive (/mnt/d/retro/ladybug/build/ladybug-runtime.rom) = C134
Symbol: main_death (/mnt/d/retro/ladybug/build/ladybug-runtime.rom) = C12F
Symbol: main_demo_input_owned (/mnt/d/retro/ladybug/build/ladybug-runtime.rom) = C11E
Symbol: main_game_tick (/mnt/d/retro/ladybug/build/ladybug-runtime.rom) = C0F9
Symbol: main_render (/mnt/d/retro/ladybug/build/ladybug-runtime.rom) = C14F
Symbol: mainloop (/mnt/d/retro/ladybug/build/ladybug-runtime.rom) = C0E3
Symbol: mark_gate_enemy_overlap (/mnt/d/retro/ladybug/build/ladybug-runtime.rom) = D141
Symbol: maze_cells (/mnt/d/retro/ladybug/build/ladybug-runtime.rom) = F4DA
Symbol: MAZE_CLEAN_TILE (/mnt/d/retro/ladybug/build/ladybug-runtime.rom) = 0005
Symbol: MAZE_DOT_COUNT (/mnt/d/retro/ladybug/build/ladybug-runtime.rom) = 0075
Symbol: MAZE_DOT_TILE (/mnt/d/retro/ladybug/build/ladybug-runtime.rom) = 0018
Symbol: MAZE_GATE_COUNT (/mnt/d/retro/ladybug/build/ladybug-runtime.rom) = 0014
Symbol: maze_gate_owner (/mnt/d/retro/ladybug/build/ladybug-runtime.rom) = F95A
Symbol: maze_gates (/mnt/d/retro/ladybug/build/ladybug-runtime.rom) = FB9A
Symbol: MAZE_HEIGHT (/mnt/d/retro/ladybug/build/ladybug-runtime.rom) = 0018
Symbol: maze_nav (/mnt/d/retro/ladybug/build/ladybug-runtime.rom) = F71A
Symbol: MAZE_STATE (/mnt/d/retro/ladybug/build/ladybug-runtime.rom) = A000
Symbol: MAZE_STYLE_COUNT (/mnt/d/retro/ladybug/build/ladybug-runtime.rom) = 0019
Symbol: MAZE_WIDTH (/mnt/d/retro/ladybug/build/ladybug-runtime.rom) = 0018
Symbol: merge_sprite_byte (/mnt/d/retro/ladybug/build/ladybug-runtime.rom) = D557
Symbol: mgeo_loop (/mnt/d/retro/ladybug/build/ladybug-runtime.rom) = D14C
Symbol: mgeo_next (/mnt/d/retro/ladybug/build/ladybug-runtime.rom) = D174
Symbol: MODE_DEMO (/mnt/d/retro/ladybug/build/ladybug-runtime.rom) = 0004
Symbol: msb_high (/mnt/d/retro/ladybug/build/ladybug-runtime.rom) = D560
Symbol: msb_low (/mnt/d/retro/ladybug/build/ladybug-runtime.rom) = D566
Symbol: MULTIPLIER (/mnt/d/retro/ladybug/build/ladybug-runtime.rom) = 003B
Symbol: next_stage (/mnt/d/retro/ladybug/build/ladybug-runtime.rom) = C1A5
Symbol: ns_stage_valid (/mnt/d/retro/ladybug/build/ladybug-runtime.rom) = C1AD
Symbol: OBJ_ACCENT (/mnt/d/retro/ladybug/build/ladybug-runtime.rom) = 0047
Symbol: OBJ_BYTES (/mnt/d/retro/ladybug/build/ladybug-runtime.rom) = 0043
Symbol: OBJ_CACHE_BASE (/mnt/d/retro/ladybug/build/ladybug-runtime.rom) = 0063
Symbol: OBJ_CACHE_CURSOR (/mnt/d/retro/ladybug/build/ladybug-runtime.rom) = 006C
Symbol: OBJ_CACHE_LUT (/mnt/d/retro/ladybug/build/ladybug-runtime.rom) = 0071
Symbol: OBJ_CACHE_REMAIN (/mnt/d/retro/ladybug/build/ladybug-runtime.rom) = 0073
Symbol: OBJ_CACHE_RUN_LENGTH (/mnt/d/retro/ladybug/build/ladybug-runtime.rom) = 007A
Symbol: OBJ_INDEX (/mnt/d/retro/ladybug/build/ladybug-runtime.rom) = 0045
Symbol: OBJ_PRIMARY (/mnt/d/retro/ladybug/build/ladybug-runtime.rom) = 0046
Symbol: OBJ_ROWS (/mnt/d/retro/ladybug/build/ladybug-runtime.rom) = 0042
Symbol: OBJ_SOURCE (/mnt/d/retro/ladybug/build/ladybug-runtime.rom) = 0040
Symbol: OBJ_VALUE (/mnt/d/retro/ladybug/build/ladybug-runtime.rom) = 0044
Symbol: OBJECT_A (/mnt/d/retro/ladybug/build/ladybug-runtime.rom) = 0002
Symbol: object_blue_lut (/mnt/d/retro/ladybug/build/ladybug-runtime.rom) = C990
Symbol: OBJECT_C (/mnt/d/retro/ladybug/build/ladybug-runtime.rom) = 0003
Symbol: OBJECT_E (/mnt/d/retro/ladybug/build/ladybug-runtime.rom) = 0004
Symbol: OBJECT_HEART (/mnt/d/retro/ladybug/build/ladybug-runtime.rom) = 0001
Symbol: OBJECT_I (/mnt/d/retro/ladybug/build/ladybug-runtime.rom) = 0005
Symbol: OBJECT_L (/mnt/d/retro/ladybug/build/ladybug-runtime.rom) = 0006
Symbol: OBJECT_MASK_COUNT (/mnt/d/retro/ladybug/build/ladybug-runtime.rom) = 000C
Symbol: object_mask_lut (/mnt/d/retro/ladybug/build/ladybug-runtime.rom) = C960
Symbol: OBJECT_MASK_SIZE (/mnt/d/retro/ladybug/build/ladybug-runtime.rom) = 0040
Symbol: object_masks (/mnt/d/retro/ladybug/build/ladybug-runtime.rom) = F1DA
Symbol: OBJECT_P (/mnt/d/retro/ladybug/build/ladybug-runtime.rom) = 0007
Symbol: OBJECT_R (/mnt/d/retro/ladybug/build/ladybug-runtime.rom) = 0008
Symbol: object_red_lut (/mnt/d/retro/ladybug/build/ladybug-runtime.rom) = C970
Symbol: OBJECT_S (/mnt/d/retro/ladybug/build/ladybug-runtime.rom) = 0009
Symbol: OBJECT_SKULL (/mnt/d/retro/ladybug/build/ladybug-runtime.rom) = 0000
Symbol: object_skull_lut (/mnt/d/retro/ladybug/build/ladybug-runtime.rom) = C9A0
Symbol: OBJECT_T (/mnt/d/retro/ladybug/build/ladybug-runtime.rom) = 000A
Symbol: OBJECT_X (/mnt/d/retro/ladybug/build/ladybug-runtime.rom) = 000B
Symbol: object_yellow_lut (/mnt/d/retro/ladybug/build/ladybug-runtime.rom) = C980
Symbol: PACKED_SPRITE_SIZE (/mnt/d/retro/ladybug/build/ladybug-runtime.rom) = 0040
Symbol: PAL_BASE (/mnt/d/retro/ladybug/build/ladybug-runtime.rom) = FFB0
Symbol: palette_table (/mnt/d/retro/ladybug/build/ladybug-runtime.rom) = E000
Symbol: palloop (/mnt/d/retro/ladybug/build/ladybug-runtime.rom) = C06E
Symbol: PAR_EXEC (/mnt/d/retro/ladybug/build/ladybug-runtime.rom) = FFA0
Symbol: par_table (/mnt/d/retro/ladybug/build/ladybug-runtime.rom) = D716
Symbol: parloop (/mnt/d/retro/ladybug/build/ladybug-runtime.rom) = C040
Symbol: pat_count (/mnt/d/retro/ladybug/build/ladybug-runtime.rom) = D4FF
Symbol: pat_done (/mnt/d/retro/ladybug/build/ladybug-runtime.rom) = D50F
Symbol: pbc_bottom (/mnt/d/retro/ladybug/build/ladybug-runtime.rom) = C8E3
Symbol: pbc_left (/mnt/d/retro/ladybug/build/ladybug-runtime.rom) = C8F3
Symbol: pbc_right (/mnt/d/retro/ladybug/build/ladybug-runtime.rom) = C8D4
Symbol: pbc_top_left (/mnt/d/retro/ladybug/build/ladybug-runtime.rom) = C901
Symbol: pe_candidate (/mnt/d/retro/ladybug/build/ladybug-runtime.rom) = C627
Symbol: pe_coordinates (/mnt/d/retro/ladybug/build/ladybug-runtime.rom) = C64A
Symbol: pe_reduce (/mnt/d/retro/ladybug/build/ladybug-runtime.rom) = C61C
Symbol: pe_retry (/mnt/d/retro/ladybug/build/ladybug-runtime.rom) = C619
Symbol: pe_row (/mnt/d/retro/ladybug/build/ladybug-runtime.rom) = C63D
Symbol: perimeter_box_coordinates (/mnt/d/retro/ladybug/build/ladybug-runtime.rom) = C8C7
Symbol: perimeter_timer_tick (/mnt/d/retro/ladybug/build/ladybug-runtime.rom) = C877
Symbol: phase4_before_tick (/mnt/d/retro/ladybug/build/ladybug-runtime.rom) = C13E
Symbol: PIA1_CRA (/mnt/d/retro/ladybug/build/ladybug-runtime.rom) = FF01
Symbol: PIA1_CRB (/mnt/d/retro/ladybug/build/ladybug-runtime.rom) = FF03
Symbol: PIA1_DA (/mnt/d/retro/ladybug/build/ladybug-runtime.rom) = FF00
Symbol: PIA1_DB (/mnt/d/retro/ladybug/build/ladybug-runtime.rom) = FF02
Symbol: PIA2_CRA (/mnt/d/retro/ladybug/build/ladybug-runtime.rom) = FF21
Symbol: PIA2_CRB (/mnt/d/retro/ladybug/build/ladybug-runtime.rom) = FF23
Symbol: PIA2_DA (/mnt/d/retro/ladybug/build/ladybug-runtime.rom) = FF20
Symbol: PIA2_DB (/mnt/d/retro/ladybug/build/ladybug-runtime.rom) = FF22
Symbol: PICKUP_FRAME (/mnt/d/retro/ladybug/build/ladybug-runtime.rom) = 0052
Symbol: PICKUP_HOLD_FRAMES (/mnt/d/retro/ladybug/build/ladybug-runtime.rom) = 001E
Symbol: PICKUP_MULTIPLIER (/mnt/d/retro/ladybug/build/ladybug-runtime.rom) = 0053
Symbol: pickup_tick (/mnt/d/retro/ladybug/build/ladybug-runtime.rom) = D26B
Symbol: PICKUP_TIMER (/mnt/d/retro/ladybug/build/ladybug-runtime.rom) = 0051
Symbol: place_entity (/mnt/d/retro/ladybug/build/ladybug-runtime.rom) = C615
Symbol: PLAYER_ANIM (/mnt/d/retro/ladybug/build/ladybug-runtime.rom) = 004F
Symbol: PLAYER_ANIM_TIMER (/mnt/d/retro/ladybug/build/ladybug-runtime.rom) = 0050
Symbol: player_animation_tick (/mnt/d/retro/ladybug/build/ladybug-runtime.rom) = D4F3
Symbol: PLAYER_BG (/mnt/d/retro/ladybug/build/ladybug-runtime.rom) = A300
Symbol: PLAYER_BG_PTR (/mnt/d/retro/ladybug/build/ladybug-runtime.rom) = 00A2
Symbol: PLAYER_BG_VALID (/mnt/d/retro/ladybug/build/ladybug-runtime.rom) = 006A
Symbol: player_cell_offset (/mnt/d/retro/ladybug/build/ladybug-runtime.rom) = CC51
Symbol: PLAYER_CELL_X (/mnt/d/retro/ladybug/build/ladybug-runtime.rom) = 0009
Symbol: PLAYER_CELL_Y (/mnt/d/retro/ladybug/build/ladybug-runtime.rom) = 000A
Symbol: PLAYER_COPY_ROWS (/mnt/d/retro/ladybug/build/ladybug-runtime.rom) = 006E
Symbol: PLAYER_DIR (/mnt/d/retro/ladybug/build/ladybug-runtime.rom) = 0006
Symbol: PLAYER_ERASED (/mnt/d/retro/ladybug/build/ladybug-runtime.rom) = 0069
Symbol: PLAYER_FACE (/mnt/d/retro/ladybug/build/ladybug-runtime.rom) = 0007
Symbol: PLAYER_FB (/mnt/d/retro/ladybug/build/ladybug-runtime.rom) = 000B
Symbol: PLAYER_MANUAL (/mnt/d/retro/ladybug/build/ladybug-runtime.rom) = 0018
Symbol: PLAYER_MODULE_COMPOSE (/mnt/d/retro/ladybug/build/ladybug-runtime.rom) = 080C
Symbol: PLAYER_MODULE_DRAW (/mnt/d/retro/ladybug/build/ladybug-runtime.rom) = 0812
Symbol: PLAYER_OLD_FB (/mnt/d/retro/ladybug/build/ladybug-runtime.rom) = 0067
Symbol: PLAYER_STEP (/mnt/d/retro/ladybug/build/ladybug-runtime.rom) = 0008
Symbol: player_tick (/mnt/d/retro/ladybug/build/ladybug-runtime.rom) = CA9E
Symbol: PLAYER_TICK_PENDING (/mnt/d/retro/ladybug/build/ladybug-runtime.rom) = 006B
Symbol: PLAYER_WANT (/mnt/d/retro/ladybug/build/ladybug-runtime.rom) = 000F
Symbol: popup_multiplier_sparse_streams (/mnt/d/retro/ladybug/build/ladybug-runtime.rom) = D730
Symbol: popup_sparse_streams (/mnt/d/retro/ladybug/build/ladybug-runtime.rom) = D71E
Symbol: prepare_cell_tile (/mnt/d/retro/ladybug/build/ladybug-runtime.rom) = D42A
Symbol: PRES_MAGIC (/mnt/d/retro/ladybug/build/ladybug-runtime.rom) = 00A4
Symbol: PRES_MODE (/mnt/d/retro/ladybug/build/ladybug-runtime.rom) = 00A5
Symbol: PRESENTATION_MODULE_DRAW (/mnt/d/retro/ladybug/build/ladybug-runtime.rom) = 0821
Symbol: PRESENTATION_PAYLOAD_ADDR (/mnt/d/retro/ladybug/build/ladybug-runtime.rom) = AC36
Symbol: PRESENTATION_PAYLOAD_PAGE (/mnt/d/retro/ladybug/build/ladybug-runtime.rom) = 0039
Symbol: pt_advance (/mnt/d/retro/ladybug/build/ladybug-runtime.rom) = CBEB
Symbol: pt_alive (/mnt/d/retro/ladybug/build/ladybug-runtime.rom) = CAA8
Symbol: pt_arrived (/mnt/d/retro/ladybug/build/ladybug-runtime.rom) = CC31
Symbol: pt_at_center (/mnt/d/retro/ladybug/build/ladybug-runtime.rom) = CB5D
Symbol: pt_begin_late_turn (/mnt/d/retro/ladybug/build/ladybug-runtime.rom) = CB4A
Symbol: pt_blocked_request (/mnt/d/retro/ladybug/build/ladybug-runtime.rom) = CB89
Symbol: pt_cell_east (/mnt/d/retro/ladybug/build/ladybug-runtime.rom) = CC2B
Symbol: pt_cell_north (/mnt/d/retro/ladybug/build/ladybug-runtime.rom) = CC27
Symbol: pt_cell_south (/mnt/d/retro/ladybug/build/ladybug-runtime.rom) = CC2F
Symbol: pt_check_active (/mnt/d/retro/ladybug/build/ladybug-runtime.rom) = CB90
Symbol: pt_choose_direction (/mnt/d/retro/ladybug/build/ladybug-runtime.rom) = CB76
Symbol: pt_done (/mnt/d/retro/ladybug/build/ladybug-runtime.rom) = CC49
Symbol: pt_draw (/mnt/d/retro/ladybug/build/ladybug-runtime.rom) = CC3B
Symbol: pt_east (/mnt/d/retro/ladybug/build/ladybug-runtime.rom) = CC03
Symbol: pt_input_active (/mnt/d/retro/ladybug/build/ladybug-runtime.rom) = CAB4
Symbol: pt_north (/mnt/d/retro/ladybug/build/ladybug-runtime.rom) = CBFD
Symbol: pt_probe_east (/mnt/d/retro/ladybug/build/ladybug-runtime.rom) = CB22
Symbol: pt_probe_north (/mnt/d/retro/ladybug/build/ladybug-runtime.rom) = CB1E
Symbol: pt_probe_south (/mnt/d/retro/ladybug/build/ladybug-runtime.rom) = CB26
Symbol: pt_probe_turn (/mnt/d/retro/ladybug/build/ladybug-runtime.rom) = CB28
Symbol: pt_rebase_east (/mnt/d/retro/ladybug/build/ladybug-runtime.rom) = CAF2
Symbol: pt_rebase_north (/mnt/d/retro/ladybug/build/ladybug-runtime.rom) = CAEE
Symbol: pt_rebase_south (/mnt/d/retro/ladybug/build/ladybug-runtime.rom) = CAF6
Symbol: pt_reversed (/mnt/d/retro/ladybug/build/ladybug-runtime.rom) = CAF8
Symbol: pt_snap_advance (/mnt/d/retro/ladybug/build/ladybug-runtime.rom) = CBA4
Symbol: pt_snap_east (/mnt/d/retro/ladybug/build/ladybug-runtime.rom) = CBDA
Symbol: pt_snap_from_east (/mnt/d/retro/ladybug/build/ladybug-runtime.rom) = CBBC
Symbol: pt_snap_from_north (/mnt/d/retro/ladybug/build/ladybug-runtime.rom) = CBB6
Symbol: pt_snap_from_south (/mnt/d/retro/ladybug/build/ladybug-runtime.rom) = CBC0
Symbol: pt_snap_new_axis (/mnt/d/retro/ladybug/build/ladybug-runtime.rom) = CBC4
Symbol: pt_snap_north (/mnt/d/retro/ladybug/build/ladybug-runtime.rom) = CBD4
Symbol: pt_snap_south (/mnt/d/retro/ladybug/build/ladybug-runtime.rom) = CBDE
Symbol: pt_snap_store (/mnt/d/retro/ladybug/build/ladybug-runtime.rom) = CBE2
Symbol: pt_snapshot_ready (/mnt/d/retro/ladybug/build/ladybug-runtime.rom) = CAA8
Symbol: pt_south (/mnt/d/retro/ladybug/build/ladybug-runtime.rom) = CC07
Symbol: pt_store_fb (/mnt/d/retro/ladybug/build/ladybug-runtime.rom) = CC0B
Symbol: pt_try_late_turn (/mnt/d/retro/ladybug/build/ladybug-runtime.rom) = CAFF
Symbol: pt_unprobe_done (/mnt/d/retro/ladybug/build/ladybug-runtime.rom) = CB47
Symbol: pt_unprobe_east (/mnt/d/retro/ladybug/build/ladybug-runtime.rom) = CB41
Symbol: pt_unprobe_north (/mnt/d/retro/ladybug/build/ladybug-runtime.rom) = CB3D
Symbol: pt_unprobe_south (/mnt/d/retro/ladybug/build/ladybug-runtime.rom) = CB45
Symbol: ptt_done (/mnt/d/retro/ladybug/build/ladybug-runtime.rom) = C8AA
Symbol: ptt_draw (/mnt/d/retro/ladybug/build/ladybug-runtime.rom) = C88B
Symbol: ptt_green (/mnt/d/retro/ladybug/build/ladybug-runtime.rom) = C889
Symbol: put_done (/mnt/d/retro/ladybug/build/ladybug-runtime.rom) = D280
Symbol: qgr_second (/mnt/d/retro/ladybug/build/ladybug-runtime.rom) = CF89
Symbol: queue_gate_render (/mnt/d/retro/ladybug/build/ladybug-runtime.rom) = CF78
Symbol: rbt_store (/mnt/d/retro/ladybug/build/ladybug-runtime.rom) = C8BB
Symbol: read_joystick (/mnt/d/retro/ladybug/build/ladybug-runtime.rom) = CA15
Symbol: red_done (/mnt/d/retro/ladybug/build/ladybug-runtime.rom) = D4E5
Symbol: red_row (/mnt/d/retro/ladybug/build/ladybug-runtime.rom) = D4D7
Symbol: refresh_enemy_zone_dot (/mnt/d/retro/ladybug/build/ladybug-runtime.rom) = D4C0
Symbol: reload_box_timer (/mnt/d/retro/ladybug/build/ladybug-runtime.rom) = C8AB
Symbol: reload_enemy_box_store (/mnt/d/retro/ladybug/build/ladybug-runtime.rom) = D713
Symbol: reload_enemy_box_timer (/mnt/d/retro/ladybug/build/ladybug-runtime.rom) = D703
Symbol: RENDER_BOX_COLOR (/mnt/d/retro/ladybug/build/ladybug-runtime.rom) = 0082
Symbol: RENDER_BOX_INDEX (/mnt/d/retro/ladybug/build/ladybug-runtime.rom) = 0081
Symbol: RENDER_FLAGS (/mnt/d/retro/ladybug/build/ladybug-runtime.rom) = 007F
Symbol: RENDER_FLAGS2 (/mnt/d/retro/ladybug/build/ladybug-runtime.rom) = 0080
Symbol: render_frame (/mnt/d/retro/ladybug/build/ladybug-runtime.rom) = D4E6
Symbol: RENDER_GATE2_ID (/mnt/d/retro/ladybug/build/ladybug-runtime.rom) = 008A
Symbol: RENDER_GATE2_MODE (/mnt/d/retro/ladybug/build/ladybug-runtime.rom) = 008B
Symbol: RENDER_GATE2_STYLE (/mnt/d/retro/ladybug/build/ladybug-runtime.rom) = 008E
Symbol: RENDER_GATE_ID (/mnt/d/retro/ladybug/build/ladybug-runtime.rom) = 0088
Symbol: RENDER_GATE_MODE (/mnt/d/retro/ladybug/build/ladybug-runtime.rom) = 0089
Symbol: RENDER_GATE_STYLE (/mnt/d/retro/ladybug/build/ladybug-runtime.rom) = 008D
Symbol: RENDER_LETTER_COLOR (/mnt/d/retro/ladybug/build/ladybug-runtime.rom) = 0085
Symbol: RENDER_LETTER_X (/mnt/d/retro/ladybug/build/ladybug-runtime.rom) = 0083
Symbol: RENDER_LETTER_Y (/mnt/d/retro/ladybug/build/ladybug-runtime.rom) = 0084
Symbol: replay_gate_entity_overlay (/mnt/d/retro/ladybug/build/ladybug-runtime.rom) = D115
Symbol: reset_enemy_clear (/mnt/d/retro/ladybug/build/ladybug-runtime.rom) = D6FD
Symbol: reset_enemy_state (/mnt/d/retro/ladybug/build/ladybug-runtime.rom) = D6C3
Symbol: reset_perimeter_visual (/mnt/d/retro/ladybug/build/ladybug-runtime.rom) = C8BE
Symbol: resident_end (/mnt/d/retro/ladybug/build/ladybug-runtime.rom) = DFA8
Symbol: restore_entity_footprint (/mnt/d/retro/ladybug/build/ladybug-runtime.rom) = D3E1
Symbol: restore_gate_background (/mnt/d/retro/ladybug/build/ladybug-runtime.rom) = CDE9
Symbol: restore_gate_diagonal_dots (/mnt/d/retro/ladybug/build/ladybug-runtime.rom) = CFB9
Symbol: restore_player (/mnt/d/retro/ladybug/build/ladybug-runtime.rom) = D612
Symbol: RF2_LETTER (/mnt/d/retro/ladybug/build/ladybug-runtime.rom) = 0004
Symbol: RF2_MULTIPLIER (/mnt/d/retro/ladybug/build/ladybug-runtime.rom) = 0002
Symbol: RF2_PERIM_RESET (/mnt/d/retro/ladybug/build/ladybug-runtime.rom) = 0008
Symbol: RF2_POPUP (/mnt/d/retro/ladybug/build/ladybug-runtime.rom) = 0001
Symbol: RF_BOX (/mnt/d/retro/ladybug/build/ladybug-runtime.rom) = 0010
Symbol: RF_DEATH (/mnt/d/retro/ladybug/build/ladybug-runtime.rom) = 0080
Symbol: RF_DOT (/mnt/d/retro/ladybug/build/ladybug-runtime.rom) = 0020
Symbol: RF_ENTITIES (/mnt/d/retro/ladybug/build/ladybug-runtime.rom) = 0008
Symbol: RF_HUD (/mnt/d/retro/ladybug/build/ladybug-runtime.rom) = 0002
Symbol: RF_LIVES (/mnt/d/retro/ladybug/build/ladybug-runtime.rom) = 0004
Symbol: RF_PLAYER (/mnt/d/retro/ladybug/build/ladybug-runtime.rom) = 0001
Symbol: RF_STAGE (/mnt/d/retro/ladybug/build/ladybug-runtime.rom) = 0040
Symbol: rgdd_cell (/mnt/d/retro/ladybug/build/ladybug-runtime.rom) = CFD7
Symbol: rgdd_clean (/mnt/d/retro/ladybug/build/ladybug-runtime.rom) = CFF3
Symbol: rgdd_draw (/mnt/d/retro/ladybug/build/ladybug-runtime.rom) = CFF5
Symbol: rgeo_delta_ready (/mnt/d/retro/ladybug/build/ladybug-runtime.rom) = D126
Symbol: rgeo_done (/mnt/d/retro/ladybug/build/ladybug-runtime.rom) = D140
Symbol: rgeo_long_delta (/mnt/d/retro/ladybug/build/ladybug-runtime.rom) = D124
Symbol: rgeo_pair (/mnt/d/retro/ladybug/build/ladybug-runtime.rom) = D130
Symbol: rgeo_run (/mnt/d/retro/ladybug/build/ladybug-runtime.rom) = D11B
Symbol: rj_done (/mnt/d/retro/ladybug/build/ladybug-runtime.rom) = CA78
Symbol: rj_north (/mnt/d/retro/ladybug/build/ladybug-runtime.rom) = CA6C
Symbol: rj_request (/mnt/d/retro/ladybug/build/ladybug-runtime.rom) = CA6E
Symbol: rj_vertical (/mnt/d/retro/ladybug/build/ladybug-runtime.rom) = CA5C
Symbol: rj_west (/mnt/d/retro/ladybug/build/ladybug-runtime.rom) = CA58
Symbol: rj_x_abs (/mnt/d/retro/ladybug/build/ladybug-runtime.rom) = CA35
Symbol: rj_y_abs (/mnt/d/retro/ladybug/build/ladybug-runtime.rom) = CA3E
Symbol: rn_store (/mnt/d/retro/ladybug/build/ladybug-runtime.rom) = C671
Symbol: RNG_ENTROPY (/mnt/d/retro/ladybug/build/ladybug-runtime.rom) = BFFE
Symbol: rng_next (/mnt/d/retro/ladybug/build/ladybug-runtime.rom) = C669
Symbol: RNG_STATE (/mnt/d/retro/ladybug/build/ladybug-runtime.rom) = 0034
Symbol: rp_row (/mnt/d/retro/ladybug/build/ladybug-runtime.rom) = D61A
Symbol: SAM_FAST (/mnt/d/retro/ladybug/build/ladybug-runtime.rom) = FFD9
Symbol: SAM_ROMRAM (/mnt/d/retro/ladybug/build/ladybug-runtime.rom) = FFDE
Symbol: save_player (/mnt/d/retro/ladybug/build/ladybug-runtime.rom) = D5ED
Symbol: SCORE_BCD (/mnt/d/retro/ladybug/build/ladybug-runtime.rom) = 001D
Symbol: SCREEN_HEIGHT (/mnt/d/retro/ladybug/build/ladybug-runtime.rom) = 0018
Symbol: screen_map (/mnt/d/retro/ladybug/build/ladybug-runtime.rom) = E010
Symbol: SCREEN_TILE_COUNT (/mnt/d/retro/ladybug/build/ladybug-runtime.rom) = 0061
Symbol: screen_tiles (/mnt/d/retro/ladybug/build/ladybug-runtime.rom) = E3D0
Symbol: SCREEN_WIDTH (/mnt/d/retro/ladybug/build/ladybug-runtime.rom) = 0028
Symbol: sp_row (/mnt/d/retro/ladybug/build/ladybug-runtime.rom) = D5F7
Symbol: SPECIAL_BITS (/mnt/d/retro/ladybug/build/ladybug-runtime.rom) = 003C
Symbol: special_letter_bits (/mnt/d/retro/ladybug/build/ladybug-runtime.rom) = C301
Symbol: special_letter_x (/mnt/d/retro/ladybug/build/ladybug-runtime.rom) = C30D
Symbol: sprite_attr0_pairs (/mnt/d/retro/ladybug/build/ladybug-runtime.rom) = D56D
Symbol: sprite_blue_pairs (/mnt/d/retro/ladybug/build/ladybug-runtime.rom) = D59D
Symbol: sprite_red_pairs (/mnt/d/retro/ladybug/build/ladybug-runtime.rom) = D57D
Symbol: sprite_score_blue_pairs (/mnt/d/retro/ladybug/build/ladybug-runtime.rom) = D5DD
Symbol: sprite_score_red_pairs (/mnt/d/retro/ladybug/build/ladybug-runtime.rom) = D5BD
Symbol: sprite_score_yellow_pairs (/mnt/d/retro/ladybug/build/ladybug-runtime.rom) = D5CD
Symbol: sprite_white_pairs (/mnt/d/retro/ladybug/build/ladybug-runtime.rom) = D5AD
Symbol: sprite_yellow_pairs (/mnt/d/retro/ladybug/build/ladybug-runtime.rom) = D58D
Symbol: STAGE (/mnt/d/retro/ladybug/build/ladybug-runtime.rom) = 0024
Symbol: STAGE_PENDING (/mnt/d/retro/ladybug/build/ladybug-runtime.rom) = 0026
Symbol: startup_clear_complete (/mnt/d/retro/ladybug/build/ladybug-runtime.rom) = C082
Symbol: startup_clear_entry (/mnt/d/retro/ladybug/build/ladybug-runtime.rom) = C07B
Symbol: startup_complete (/mnt/d/retro/ladybug/build/ladybug-runtime.rom) = C0B9
Symbol: startup_fb_init_entry (/mnt/d/retro/ladybug/build/ladybug-runtime.rom) = C0B6
Symbol: startup_init1_complete (/mnt/d/retro/ladybug/build/ladybug-runtime.rom) = C036
Symbol: startup_mmu_enable (/mnt/d/retro/ladybug/build/ladybug-runtime.rom) = C05F
Symbol: startup_mmu_enabled (/mnt/d/retro/ladybug/build/ladybug-runtime.rom) = C064
Symbol: startup_palette_complete (/mnt/d/retro/ladybug/build/ladybug-runtime.rom) = C075
Symbol: startup_palette_entry (/mnt/d/retro/ladybug/build/ladybug-runtime.rom) = C068
Symbol: startup_par_count_ready (/mnt/d/retro/ladybug/build/ladybug-runtime.rom) = C040
Symbol: startup_par_register_base (/mnt/d/retro/ladybug/build/ladybug-runtime.rom) = C03E
Symbol: startup_par_setup_complete (/mnt/d/retro/ladybug/build/ladybug-runtime.rom) = C047
Symbol: startup_par_setup_entry (/mnt/d/retro/ladybug/build/ladybug-runtime.rom) = C033
Symbol: startup_par_table_ready (/mnt/d/retro/ladybug/build/ladybug-runtime.rom) = C03A
Symbol: startup_par_write_complete (/mnt/d/retro/ladybug/build/ladybug-runtime.rom) = C044
Symbol: startup_seed_ready (/mnt/d/retro/ladybug/build/ladybug-runtime.rom) = C098
Symbol: startup_video_setup_entry (/mnt/d/retro/ladybug/build/ladybug-runtime.rom) = C04A
Symbol: test_cell_offset (/mnt/d/retro/ladybug/build/ladybug-runtime.rom) = CDB5
Symbol: TEST_DIR (/mnt/d/retro/ladybug/build/ladybug-runtime.rom) = 0012
Symbol: TEST_X (/mnt/d/retro/ladybug/build/ladybug-runtime.rom) = 0010
Symbol: TEST_Y (/mnt/d/retro/ladybug/build/ladybug-runtime.rom) = 0011
Symbol: TURN_OLD (/mnt/d/retro/ladybug/build/ladybug-runtime.rom) = 0057
Symbol: TURN_SNAP (/mnt/d/retro/ladybug/build/ladybug-runtime.rom) = 0056
Symbol: VEG_STATE (/mnt/d/retro/ladybug/build/ladybug-runtime.rom) = 005A
Symbol: VEGETABLE_COUNT (/mnt/d/retro/ladybug/build/ladybug-runtime.rom) = 0012
Symbol: vegetable_sprites (/mnt/d/retro/ladybug/build/ladybug-runtime.rom) = DB28
Symbol: vegetable_values (/mnt/d/retro/ladybug/build/ladybug-runtime.rom) = C412
