Symbol: acd_death (/mnt/d/retro/ladybug/build/ladybug-enemy-runtime.rom) = 0C56
Symbol: acd_done (/mnt/d/retro/ladybug/build/ladybug-enemy-runtime.rom) = 0C83
Symbol: acd_draw_loop (/mnt/d/retro/ladybug/build/ladybug-enemy-runtime.rom) = 0C32
Symbol: acd_draw_next (/mnt/d/retro/ladybug/build/ladybug-enemy-runtime.rom) = 0C45
Symbol: acd_draw_player (/mnt/d/retro/ladybug/build/ladybug-enemy-runtime.rom) = 0C80
Symbol: acd_player (/mnt/d/retro/ladybug/build/ladybug-enemy-runtime.rom) = 0C6E
Symbol: acd_popup (/mnt/d/retro/ladybug/build/ladybug-enemy-runtime.rom) = 0C4F
Symbol: acd_save_actor (/mnt/d/retro/ladybug/build/ladybug-enemy-runtime.rom) = 0C1A
Symbol: acd_save_loop (/mnt/d/retro/ladybug/build/ladybug-enemy-runtime.rom) = 0C0C
Symbol: acd_save_next (/mnt/d/retro/ladybug/build/ladybug-enemy-runtime.rom) = 0C25
Symbol: acr_enemies (/mnt/d/retro/ladybug/build/ladybug-enemy-runtime.rom) = 0BD8
Symbol: acr_enemy_loop (/mnt/d/retro/ladybug/build/ladybug-enemy-runtime.rom) = 0BDF
Symbol: acr_enemy_next (/mnt/d/retro/ladybug/build/ladybug-enemy-runtime.rom) = 0BFE
Symbol: actor_closure_draw (/mnt/d/retro/ladybug/build/ladybug-enemy-runtime.rom) = 0C05
Symbol: actor_closure_restore (/mnt/d/retro/ladybug/build/ladybug-enemy-runtime.rom) = 0BC1
Symbol: ACTOR_STAGE (/mnt/d/retro/ladybug/build/ladybug-enemy-runtime.rom) = 1800
Symbol: benc_frame (/mnt/d/retro/ladybug/build/ladybug-enemy-runtime.rom) = 177E
Symbol: blit_packed_sprite (/mnt/d/retro/ladybug/build/ladybug-enemy-runtime.rom) = D52C
Symbol: blit_stage_sprite (/mnt/d/retro/ladybug/build/ladybug-enemy-runtime.rom) = 1718
Symbol: bnc_copy (/mnt/d/retro/ladybug/build/ladybug-enemy-runtime.rom) = 17AA
Symbol: BOX_INDEX (/mnt/d/retro/ladybug/build/ladybug-enemy-runtime.rom) = 004B
Symbol: BOX_PHASE (/mnt/d/retro/ladybug/build/ladybug-enemy-runtime.rom) = 004C
Symbol: BOX_TIMER (/mnt/d/retro/ladybug/build/ladybug-enemy-runtime.rom) = 004A
Symbol: bss_source (/mnt/d/retro/ladybug/build/ladybug-enemy-runtime.rom) = 171C
Symbol: build_enemy_nest_cache (/mnt/d/retro/ladybug/build/ladybug-enemy-runtime.rom) = 1773
Symbol: capture_zone_bg (/mnt/d/retro/ladybug/build/ladybug-enemy-runtime.rom) = 174D
Symbol: cea_done (/mnt/d/retro/ladybug/build/ladybug-enemy-runtime.rom) = 142F
Symbol: cez_active_loop (/mnt/d/retro/ladybug/build/ladybug-enemy-runtime.rom) = 13A8
Symbol: cez_active_next (/mnt/d/retro/ladybug/build/ladybug-enemy-runtime.rom) = 13CE
Symbol: cez_commit (/mnt/d/retro/ladybug/build/ladybug-enemy-runtime.rom) = 13F4
Symbol: cez_commit_row (/mnt/d/retro/ladybug/build/ladybug-enemy-runtime.rom) = 13FE
Symbol: cez_copy_bg (/mnt/d/retro/ladybug/build/ladybug-enemy-runtime.rom) = 1399
Symbol: cez_dormant (/mnt/d/retro/ladybug/build/ladybug-enemy-runtime.rom) = 13E4
Symbol: cez_vegetable (/mnt/d/retro/ladybug/build/ladybug-enemy-runtime.rom) = 13EE
Symbol: COLOR_WHITE (/mnt/d/retro/ladybug/build/ladybug-enemy-runtime.rom) = 0006
Symbol: compose_enemy_animation (/mnt/d/retro/ladybug/build/ladybug-enemy-runtime.rom) = 1417
Symbol: compose_enemy_zone (/mnt/d/retro/ladybug/build/ladybug-enemy-runtime.rom) = 138F
Symbol: copy_nest_128 (/mnt/d/retro/ladybug/build/ladybug-enemy-runtime.rom) = 17A6
Symbol: copy_two_fb_rows (/mnt/d/retro/ladybug/build/ladybug-enemy-runtime.rom) = 1571
Symbol: ctfr_row (/mnt/d/retro/ladybug/build/ladybug-enemy-runtime.rom) = 1575
Symbol: czb_row (/mnt/d/retro/ladybug/build/ladybug-enemy-runtime.rom) = 1757
Symbol: DEATH_FRAME (/mnt/d/retro/ladybug/build/ladybug-enemy-runtime.rom) = 004E
Symbol: DEATH_STATE (/mnt/d/retro/ladybug/build/ladybug-enemy-runtime.rom) = 004D
Symbol: DIR_NONE (/mnt/d/retro/ladybug/build/ladybug-enemy-runtime.rom) = 00FF
Symbol: draw_all_gates (/mnt/d/retro/ladybug/build/ladybug-enemy-runtime.rom) = CDD6
Symbol: draw_death_frame (/mnt/d/retro/ladybug/build/ladybug-enemy-runtime.rom) = D3C2
Symbol: draw_enemy_fb (/mnt/d/retro/ladybug/build/ladybug-enemy-runtime.rom) = 1385
Symbol: draw_enemy_stage (/mnt/d/retro/ladybug/build/ladybug-enemy-runtime.rom) = 15C6
Symbol: draw_entities (/mnt/d/retro/ladybug/build/ladybug-enemy-runtime.rom) = C674
Symbol: draw_gate (/mnt/d/retro/ladybug/build/ladybug-enemy-runtime.rom) = CDBF
Symbol: draw_gate_diagonal (/mnt/d/retro/ladybug/build/ladybug-enemy-runtime.rom) = CE70
Symbol: draw_gate_entities (/mnt/d/retro/ladybug/build/ladybug-enemy-runtime.rom) = D0E4
Symbol: draw_gate_transition (/mnt/d/retro/ladybug/build/ladybug-enemy-runtime.rom) = CEBA
Symbol: draw_hud (/mnt/d/retro/ladybug/build/ladybug-enemy-runtime.rom) = C37B
Symbol: draw_lives (/mnt/d/retro/ladybug/build/ladybug-enemy-runtime.rom) = C4C6
Symbol: draw_maze_state_cell (/mnt/d/retro/ladybug/build/ladybug-enemy-runtime.rom) = D400
Symbol: draw_multiplier_hud (/mnt/d/retro/ladybug/build/ladybug-enemy-runtime.rom) = C2DA
Symbol: draw_perimeter_box (/mnt/d/retro/ladybug/build/ladybug-enemy-runtime.rom) = C908
Symbol: draw_player (/mnt/d/retro/ladybug/build/ladybug-enemy-runtime.rom) = D4EA
Symbol: draw_recolored_map_tile (/mnt/d/retro/ladybug/build/ladybug-enemy-runtime.rom) = C462
Symbol: draw_score_popup (/mnt/d/retro/ladybug/build/ladybug-enemy-runtime.rom) = D281
Symbol: draw_screen (/mnt/d/retro/ladybug/build/ladybug-enemy-runtime.rom) = D633
Symbol: draw_vegetable_stage (/mnt/d/retro/ladybug/build/ladybug-enemy-runtime.rom) = 16F3
Symbol: draw_word_progress_hud (/mnt/d/retro/ladybug/build/ladybug-enemy-runtime.rom) = C33C
Symbol: dvs_draw (/mnt/d/retro/ladybug/build/ladybug-enemy-runtime.rom) = 170F
Symbol: dvs_first (/mnt/d/retro/ladybug/build/ladybug-enemy-runtime.rom) = 170B
Symbol: dvs_indexed (/mnt/d/retro/ladybug/build/ladybug-enemy-runtime.rom) = 1700
Symbol: ec_done (/mnt/d/retro/ladybug/build/ladybug-enemy-runtime.rom) = 0E85
Symbol: ec_score_done (/mnt/d/retro/ladybug/build/ladybug-enemy-runtime.rom) = 0E77
Symbol: ecd_blocked (/mnt/d/retro/ladybug/build/ladybug-enemy-runtime.rom) = 0EC0
Symbol: ecd_choose (/mnt/d/retro/ladybug/build/ladybug-enemy-runtime.rom) = 0EB9
Symbol: ecd_next (/mnt/d/retro/ladybug/build/ladybug-enemy-runtime.rom) = 0EA4
Symbol: ecd_scan (/mnt/d/retro/ladybug/build/ladybug-enemy-runtime.rom) = 0E9A
Symbol: edl_bounds (/mnt/d/retro/ladybug/build/ladybug-enemy-runtime.rom) = 0F21
Symbol: edl_clear (/mnt/d/retro/ladybug/build/ladybug-enemy-runtime.rom) = 0FCB
Symbol: edl_east (/mnt/d/retro/ladybug/build/ladybug-enemy-runtime.rom) = 0F1B
Symbol: edl_gate (/mnt/d/retro/ladybug/build/ladybug-enemy-runtime.rom) = 0F6C
Symbol: edl_horizontal_dir (/mnt/d/retro/ladybug/build/ladybug-enemy-runtime.rom) = 0FA0
Symbol: edl_north (/mnt/d/retro/ladybug/build/ladybug-enemy-runtime.rom) = 0F17
Symbol: edl_offset (/mnt/d/retro/ladybug/build/ladybug-enemy-runtime.rom) = 0F47
Symbol: edl_set (/mnt/d/retro/ladybug/build/ladybug-enemy-runtime.rom) = 0FC8
Symbol: edl_slow (/mnt/d/retro/ladybug/build/ladybug-enemy-runtime.rom) = 0EFF
Symbol: edl_south (/mnt/d/retro/ladybug/build/ladybug-enemy-runtime.rom) = 0F1F
Symbol: edl_vertical_dir (/mnt/d/retro/ladybug/build/ladybug-enemy-runtime.rom) = 0FC0
Symbol: edl_vertical_gate (/mnt/d/retro/ladybug/build/ladybug-enemy-runtime.rom) = 0FAC
Symbol: efn_direction_ready (/mnt/d/retro/ladybug/build/ladybug-enemy-runtime.rom) = 15D5
Symbol: efn_offset_ready (/mnt/d/retro/ladybug/build/ladybug-enemy-runtime.rom) = 15F2
Symbol: efn_record_ready (/mnt/d/retro/ladybug/build/ladybug-enemy-runtime.rom) = 15FD
Symbol: efn_slot_ready (/mnt/d/retro/ladybug/build/ladybug-enemy-runtime.rom) = 15E1
Symbol: efn_type_ready (/mnt/d/retro/ladybug/build/ladybug-enemy-runtime.rom) = 1600
Symbol: ENEMY_ACTIVE (/mnt/d/retro/ladybug/build/ladybug-enemy-runtime.rom) = 0058
Symbol: ENEMY_ANIM (/mnt/d/retro/ladybug/build/ladybug-enemy-runtime.rom) = 0054
Symbol: ENEMY_BG_B (/mnt/d/retro/ladybug/build/ladybug-enemy-runtime.rom) = AB80
Symbol: ENEMY_BG_BASE (/mnt/d/retro/ladybug/build/ladybug-enemy-runtime.rom) = A690
Symbol: ENEMY_BG_RING (/mnt/d/retro/ladybug/build/ladybug-enemy-runtime.rom) = A898
Symbol: ENEMY_CANDIDATE (/mnt/d/retro/ladybug/build/ladybug-enemy-runtime.rom) = 007C
Symbol: ENEMY_CAPTURE_DIRTY (/mnt/d/retro/ladybug/build/ladybug-enemy-runtime.rom) = 009B
Symbol: enemy_choose_direction (/mnt/d/retro/ladybug/build/ladybug-enemy-runtime.rom) = 0E86
Symbol: enemy_collect_impl (/mnt/d/retro/ladybug/build/ladybug-enemy-runtime.rom) = 0E3C
Symbol: ENEMY_DEATH_LATCH (/mnt/d/retro/ladybug/build/ladybug-enemy-runtime.rom) = 0062
Symbol: enemy_direction_legal (/mnt/d/retro/ladybug/build/ladybug-enemy-runtime.rom) = 0EC7
Symbol: enemy_entry_masks (/mnt/d/retro/ladybug/build/ladybug-enemy-runtime.rom) = 0FCE
Symbol: enemy_exit_masks (/mnt/d/retro/ladybug/build/ladybug-enemy-runtime.rom) = 0FD2
Symbol: ENEMY_FB (/mnt/d/retro/ladybug/build/ladybug-enemy-runtime.rom) = 57EC
Symbol: enemy_frame_number (/mnt/d/retro/ladybug/build/ladybug-enemy-runtime.rom) = 15D0
Symbol: enemy_init_impl (/mnt/d/retro/ladybug/build/ladybug-enemy-runtime.rom) = 0824
Symbol: ENEMY_MOVE (/mnt/d/retro/ladybug/build/ladybug-enemy-runtime.rom) = 0061
Symbol: ENEMY_NEST_CACHE (/mnt/d/retro/ladybug/build/ladybug-enemy-runtime.rom) = AD80
Symbol: ENEMY_NEST_DIRTY (/mnt/d/retro/ladybug/build/ladybug-enemy-runtime.rom) = 0060
Symbol: ENEMY_OLD_FB (/mnt/d/retro/ladybug/build/ladybug-enemy-runtime.rom) = A890
Symbol: ENEMY_OLD_VALID (/mnt/d/retro/ladybug/build/ladybug-enemy-runtime.rom) = 0086
Symbol: enemy_player_contact (/mnt/d/retro/ladybug/build/ladybug-enemy-runtime.rom) = 0FDA
Symbol: ENEMY_PTR (/mnt/d/retro/ladybug/build/ladybug-enemy-runtime.rom) = 005E
Symbol: enemy_release_impl (/mnt/d/retro/ladybug/build/ladybug-enemy-runtime.rom) = 082E
Symbol: ENEMY_RELEASED (/mnt/d/retro/ladybug/build/ladybug-enemy-runtime.rom) = 0059
Symbol: ENEMY_RENDER_FLAGS (/mnt/d/retro/ladybug/build/ladybug-enemy-runtime.rom) = 0087
Symbol: enemy_render_impl (/mnt/d/retro/ladybug/build/ladybug-enemy-runtime.rom) = 09A1
Symbol: ENEMY_REVERSE (/mnt/d/retro/ladybug/build/ladybug-enemy-runtime.rom) = 007D
Symbol: ENEMY_ROAMING (/mnt/d/retro/ladybug/build/ladybug-enemy-runtime.rom) = 007E
Symbol: ENEMY_ROW (/mnt/d/retro/ladybug/build/ladybug-enemy-runtime.rom) = 0063
Symbol: enemy_runtime_end (/mnt/d/retro/ladybug/build/ladybug-enemy-runtime.rom) = 17FF
Symbol: enemy_skull_test (/mnt/d/retro/ladybug/build/ladybug-enemy-runtime.rom) = 0FF6
Symbol: ENEMY_TABLE (/mnt/d/retro/ladybug/build/ladybug-enemy-runtime.rom) = A470
Symbol: enemy_target_offsets (/mnt/d/retro/ladybug/build/ladybug-enemy-runtime.rom) = 0FD6
Symbol: enemy_tick_impl (/mnt/d/retro/ladybug/build/ladybug-enemy-runtime.rom) = 0876
Symbol: ENEMY_TIMER (/mnt/d/retro/ladybug/build/ladybug-enemy-runtime.rom) = 0055
Symbol: ENEMY_WORK (/mnt/d/retro/ladybug/build/ladybug-enemy-runtime.rom) = 005D
Symbol: ENEMY_ZONE_BG (/mnt/d/retro/ladybug/build/ladybug-enemy-runtime.rom) = A490
Symbol: ENEMY_ZONE_FB (/mnt/d/retro/ladybug/build/ladybug-enemy-runtime.rom) = 4DEC
Symbol: ENEMY_ZONE_ROWS (/mnt/d/retro/ladybug/build/ladybug-enemy-runtime.rom) = 0020
Symbol: ENEMY_ZONE_STAGE (/mnt/d/retro/ladybug/build/ladybug-enemy-runtime.rom) = 1800
Symbol: ENTITY_COUNT (/mnt/d/retro/ladybug/build/ladybug-enemy-runtime.rom) = 0032
Symbol: ENTITY_SKULL (/mnt/d/retro/ladybug/build/ladybug-enemy-runtime.rom) = 0001
Symbol: ENTITY_TABLE (/mnt/d/retro/ladybug/build/ladybug-enemy-runtime.rom) = A380
Symbol: ENTITY_X (/mnt/d/retro/ladybug/build/ladybug-enemy-runtime.rom) = 0036
Symbol: ENTITY_Y (/mnt/d/retro/ladybug/build/ladybug-enemy-runtime.rom) = 0037
Symbol: epc_clear (/mnt/d/retro/ladybug/build/ladybug-enemy-runtime.rom) = 0FF3
Symbol: epc_x_positive (/mnt/d/retro/ladybug/build/ladybug-enemy-runtime.rom) = 0FE1
Symbol: epc_y_positive (/mnt/d/retro/ladybug/build/ladybug-enemy-runtime.rom) = 0FEC
Symbol: er_done (/mnt/d/retro/ladybug/build/ladybug-enemy-runtime.rom) = 0875
Symbol: er_find (/mnt/d/retro/ladybug/build/ladybug-enemy-runtime.rom) = 083F
Symbol: er_use (/mnt/d/retro/ladybug/build/ladybug-enemy-runtime.rom) = 084A
Symbol: erase_entity_footprints (/mnt/d/retro/ladybug/build/ladybug-enemy-runtime.rom) = C6AC
Symbol: ERF_DIRTY (/mnt/d/retro/ladybug/build/ladybug-enemy-runtime.rom) = 0002
Symbol: ERF_INIT (/mnt/d/retro/ladybug/build/ladybug-enemy-runtime.rom) = 0001
Symbol: ERF_NEST (/mnt/d/retro/ladybug/build/ladybug-enemy-runtime.rom) = 0008
Symbol: ERF_NEST_ANIM (/mnt/d/retro/ladybug/build/ladybug-enemy-runtime.rom) = 0010
Symbol: ERF_ZONE_REFRESH (/mnt/d/retro/ladybug/build/ladybug-enemy-runtime.rom) = 0004
Symbol: eri_dirty (/mnt/d/retro/ladybug/build/ladybug-enemy-runtime.rom) = 09BE
Symbol: eri_done (/mnt/d/retro/ladybug/build/ladybug-enemy-runtime.rom) = 09D6
Symbol: eri_finish (/mnt/d/retro/ladybug/build/ladybug-enemy-runtime.rom) = 09D4
Symbol: eri_nest (/mnt/d/retro/ladybug/build/ladybug-enemy-runtime.rom) = 09D1
Symbol: eri_nest_anim (/mnt/d/retro/ladybug/build/ladybug-enemy-runtime.rom) = 09CC
Symbol: eri_refresh (/mnt/d/retro/ladybug/build/ladybug-enemy-runtime.rom) = 09AA
Symbol: est_done (/mnt/d/retro/ladybug/build/ladybug-enemy-runtime.rom) = 1044
Symbol: est_loop (/mnt/d/retro/ladybug/build/ladybug-enemy-runtime.rom) = 1001
Symbol: est_next (/mnt/d/retro/ladybug/build/ladybug-enemy-runtime.rom) = 103E
Symbol: est_skull (/mnt/d/retro/ladybug/build/ladybug-enemy-runtime.rom) = 100B
Symbol: et_alive (/mnt/d/retro/ladybug/build/ladybug-enemy-runtime.rom) = 089D
Symbol: et_animation_timer (/mnt/d/retro/ladybug/build/ladybug-enemy-runtime.rom) = 08B9
Symbol: et_arrive_east (/mnt/d/retro/ladybug/build/ladybug-enemy-runtime.rom) = 096D
Symbol: et_arrive_north (/mnt/d/retro/ladybug/build/ladybug-enemy-runtime.rom) = 0969
Symbol: et_arrive_south (/mnt/d/retro/ladybug/build/ladybug-enemy-runtime.rom) = 0971
Symbol: et_begin_death (/mnt/d/retro/ladybug/build/ladybug-enemy-runtime.rom) = 0887
Symbol: et_choose_arrival (/mnt/d/retro/ladybug/build/ladybug-enemy-runtime.rom) = 0973
Symbol: et_compose (/mnt/d/retro/ladybug/build/ladybug-enemy-runtime.rom) = 099A
Symbol: et_contact (/mnt/d/retro/ladybug/build/ladybug-enemy-runtime.rom) = 0985
Symbol: et_contact_scan (/mnt/d/retro/ladybug/build/ladybug-enemy-runtime.rom) = 08A6
Symbol: et_contact_scan_next (/mnt/d/retro/ladybug/build/ladybug-enemy-runtime.rom) = 08B1
Symbol: et_death_animate (/mnt/d/retro/ladybug/build/ladybug-enemy-runtime.rom) = 0899
Symbol: et_find_movement (/mnt/d/retro/ladybug/build/ladybug-enemy-runtime.rom) = 08E4
Symbol: et_finish (/mnt/d/retro/ladybug/build/ladybug-enemy-runtime.rom) = 099A
Symbol: et_freeze_timer (/mnt/d/retro/ladybug/build/ladybug-enemy-runtime.rom) = 08D5
Symbol: et_mark_move (/mnt/d/retro/ladybug/build/ladybug-enemy-runtime.rom) = 0905
Symbol: et_move_next (/mnt/d/retro/ladybug/build/ladybug-enemy-runtime.rom) = 0907
Symbol: et_move_scan (/mnt/d/retro/ladybug/build/ladybug-enemy-runtime.rom) = 08F1
Symbol: et_player_death (/mnt/d/retro/ladybug/build/ladybug-enemy-runtime.rom) = 0987
Symbol: et_render_test (/mnt/d/retro/ladybug/build/ladybug-enemy-runtime.rom) = 090D
Symbol: et_snapshot_ready (/mnt/d/retro/ladybug/build/ladybug-enemy-runtime.rom) = 087F
Symbol: et_step_east (/mnt/d/retro/ladybug/build/ladybug-enemy-runtime.rom) = 0941
Symbol: et_step_north (/mnt/d/retro/ladybug/build/ladybug-enemy-runtime.rom) = 093A
Symbol: et_step_south (/mnt/d/retro/ladybug/build/ladybug-enemy-runtime.rom) = 0948
Symbol: et_store_step (/mnt/d/retro/ladybug/build/ladybug-enemy-runtime.rom) = 094D
Symbol: et_update (/mnt/d/retro/ladybug/build/ladybug-enemy-runtime.rom) = 0916
Symbol: et_update_loop (/mnt/d/retro/ladybug/build/ladybug-enemy-runtime.rom) = 0923
Symbol: et_update_next (/mnt/d/retro/ladybug/build/ladybug-enemy-runtime.rom) = 0994
Symbol: FB_B_PAGE0 (/mnt/d/retro/ladybug/build/ladybug-enemy-runtime.rom) = 002C
Symbol: FB_BACK_ID (/mnt/d/retro/ladybug/build/ladybug-enemy-runtime.rom) = 0090
Symbol: FB_COMMIT_SEQ (/mnt/d/retro/ladybug/build/ladybug-enemy-runtime.rom) = 0092
Symbol: FB_FRONT_ID (/mnt/d/retro/ladybug/build/ladybug-enemy-runtime.rom) = 008F
Symbol: FB_INIT_STATE (/mnt/d/retro/ladybug/build/ladybug-enemy-runtime.rom) = 009A
Symbol: FB_META_A (/mnt/d/retro/ladybug/build/ladybug-enemy-runtime.rom) = A900
Symbol: FB_META_B (/mnt/d/retro/ladybug/build/ladybug-enemy-runtime.rom) = AA00
Symbol: FB_MISSED_COMMIT (/mnt/d/retro/ladybug/build/ladybug-enemy-runtime.rom) = 0096
Symbol: FB_RENDER_ACTIVE (/mnt/d/retro/ladybug/build/ladybug-enemy-runtime.rom) = 0098
Symbol: FB_RENDER_PENDING (/mnt/d/retro/ladybug/build/ladybug-enemy-runtime.rom) = 0091
Symbol: FB_SCRATCH_PAGE0 (/mnt/d/retro/ladybug/build/ladybug-enemy-runtime.rom) = 0028
Symbol: FB_SIM_SEQ (/mnt/d/retro/ladybug/build/ladybug-enemy-runtime.rom) = 0094
Symbol: FB_WRITE_FRONT_FAULT (/mnt/d/retro/ladybug/build/ladybug-enemy-runtime.rom) = 0099
Symbol: fbca_enemy (/mnt/d/retro/ladybug/build/ladybug-enemy-runtime.rom) = 0E1F
Symbol: fbcb_enemy (/mnt/d/retro/ladybug/build/ladybug-enemy-runtime.rom) = 0DAC
Symbol: fbf_done (/mnt/d/retro/ladybug/build/ladybug-enemy-runtime.rom) = 0D85
Symbol: fbf_ready (/mnt/d/retro/ladybug/build/ladybug-enemy-runtime.rom) = 0D7B
Symbol: fbi_clear_meta (/mnt/d/retro/ladybug/build/ladybug-enemy-runtime.rom) = 0CF2
Symbol: fbi_copy_meta (/mnt/d/retro/ladybug/build/ladybug-enemy-runtime.rom) = 0D05
Symbol: fbi_enemy_bg (/mnt/d/retro/ladybug/build/ladybug-enemy-runtime.rom) = 0CE1
Symbol: fbi_page (/mnt/d/retro/ladybug/build/ladybug-enemy-runtime.rom) = 0CA3
Symbol: fbi_page_word (/mnt/d/retro/ladybug/build/ladybug-enemy-runtime.rom) = 0CAF
Symbol: fbi_player_bg (/mnt/d/retro/ladybug/build/ladybug-enemy-runtime.rom) = 0CCF
Symbol: fbiq_done (/mnt/d/retro/ladybug/build/ladybug-enemy-runtime.rom) = 0DF4
Symbol: fbiq_missed (/mnt/d/retro/ladybug/build/ladybug-enemy-runtime.rom) = 0DF5
Symbol: fbiq_publish (/mnt/d/retro/ladybug/build/ladybug-enemy-runtime.rom) = 0DDB
Symbol: fbiq_ready (/mnt/d/retro/ladybug/build/ladybug-enemy-runtime.rom) = 0DCE
Symbol: fbiq_sim (/mnt/d/retro/ladybug/build/ladybug-enemy-runtime.rom) = 0DEE
Symbol: FBM_DAMAGE (/mnt/d/retro/ladybug/build/ladybug-enemy-runtime.rom) = 0001
Symbol: fbm_done (/mnt/d/retro/ladybug/build/ladybug-enemy-runtime.rom) = 0D90
Symbol: FBM_ENEMIES (/mnt/d/retro/ladybug/build/ladybug-enemy-runtime.rom) = 0008
Symbol: FBM_ENEMY_RESERVED (/mnt/d/retro/ladybug/build/ladybug-enemy-runtime.rom) = 0028
Symbol: FBM_ENEMY_RINGS (/mnt/d/retro/ladybug/build/ladybug-enemy-runtime.rom) = 002C
Symbol: FBM_ENTITY_DAMAGE (/mnt/d/retro/ladybug/build/ladybug-enemy-runtime.rom) = 007B
Symbol: FBM_FULL_REBUILD (/mnt/d/retro/ladybug/build/ladybug-enemy-runtime.rom) = 0002
Symbol: FBM_GATE_DAMAGE (/mnt/d/retro/ladybug/build/ladybug-enemy-runtime.rom) = 0078
Symbol: FBM_HUD_DAMAGE (/mnt/d/retro/ladybug/build/ladybug-enemy-runtime.rom) = 0093
Symbol: FBM_MAZE_DAMAGE (/mnt/d/retro/ladybug/build/ladybug-enemy-runtime.rom) = 0030
Symbol: FBM_NEST_DAMAGE (/mnt/d/retro/ladybug/build/ladybug-enemy-runtime.rom) = 0095
Symbol: FBM_PENDING_INTENTS (/mnt/d/retro/ladybug/build/ladybug-enemy-runtime.rom) = 00A0
Symbol: FBM_PERIM_DAMAGE (/mnt/d/retro/ladybug/build/ladybug-enemy-runtime.rom) = 0087
Symbol: FBM_PLAYER_FB (/mnt/d/retro/ladybug/build/ladybug-enemy-runtime.rom) = 0004
Symbol: FBM_PLAYER_RESERVED (/mnt/d/retro/ladybug/build/ladybug-enemy-runtime.rom) = 0003
Symbol: FBM_PLAYER_VALID (/mnt/d/retro/ladybug/build/ladybug-enemy-runtime.rom) = 0002
Symbol: FBM_PRESENT_DAMAGE (/mnt/d/retro/ladybug/build/ladybug-enemy-runtime.rom) = 0096
Symbol: FBM_STATE (/mnt/d/retro/ladybug/build/ladybug-enemy-runtime.rom) = 0000
Symbol: FBM_VALID (/mnt/d/retro/ladybug/build/ladybug-enemy-runtime.rom) = 0001
Symbol: fbp_enemies (/mnt/d/retro/ladybug/build/ladybug-enemy-runtime.rom) = 0D3C
Symbol: fbp_enemy (/mnt/d/retro/ladybug/build/ladybug-enemy-runtime.rom) = 0D4B
Symbol: fbp_enemy_next (/mnt/d/retro/ladybug/build/ladybug-enemy-runtime.rom) = 0D5B
Symbol: fbp_ok (/mnt/d/retro/ladybug/build/ladybug-enemy-runtime.rom) = 0D71
Symbol: fbp_owned (/mnt/d/retro/ladybug/build/ladybug-enemy-runtime.rom) = 0D21
Symbol: fbp_write_front_fault (/mnt/d/retro/ladybug/build/ladybug-enemy-runtime.rom) = 0D1C
Symbol: fbpd_done (/mnt/d/retro/ladybug/build/ladybug-enemy-runtime.rom) = 0A94
Symbol: fbpd_generic (/mnt/d/retro/ladybug/build/ladybug-enemy-runtime.rom) = 0A92
Symbol: fbpd_load (/mnt/d/retro/ladybug/build/ladybug-enemy-runtime.rom) = 0A67
Symbol: fbpd_project_gate (/mnt/d/retro/ladybug/build/ladybug-enemy-runtime.rom) = 0A42
Symbol: fbpd_restore (/mnt/d/retro/ladybug/build/ladybug-enemy-runtime.rom) = 0A81
Symbol: fbpd_save (/mnt/d/retro/ladybug/build/ladybug-enemy-runtime.rom) = 0A57
Symbol: fbpd_save_current (/mnt/d/retro/ladybug/build/ladybug-enemy-runtime.rom) = 0A48
Symbol: fbpd_second_gate (/mnt/d/retro/ladybug/build/ladybug-enemy-runtime.rom) = 0A30
Symbol: fbqd_copy (/mnt/d/retro/ladybug/build/ladybug-enemy-runtime.rom) = 0AA8
Symbol: fbqd_done (/mnt/d/retro/ladybug/build/ladybug-enemy-runtime.rom) = 0ADB
Symbol: fbqd_meta (/mnt/d/retro/ladybug/build/ladybug-enemy-runtime.rom) = 0A9F
Symbol: frame_render_background (/mnt/d/retro/ladybug/build/ladybug-enemy-runtime.rom) = 0AF1
Symbol: frame_render_impl (/mnt/d/retro/ladybug/build/ladybug-enemy-runtime.rom) = 09D9
Symbol: framebuffer_back_meta (/mnt/d/retro/ladybug/build/ladybug-enemy-runtime.rom) = 0D86
Symbol: framebuffer_capture_a (/mnt/d/retro/ladybug/build/ladybug-enemy-runtime.rom) = 0E00
Symbol: framebuffer_capture_back (/mnt/d/retro/ladybug/build/ladybug-enemy-runtime.rom) = 0D91
Symbol: framebuffer_finish_back (/mnt/d/retro/ladybug/build/ladybug-enemy-runtime.rom) = 0D74
Symbol: framebuffer_init_impl (/mnt/d/retro/ladybug/build/ladybug-enemy-runtime.rom) = 0C84
Symbol: framebuffer_irq_impl (/mnt/d/retro/ladybug/build/ladybug-enemy-runtime.rom) = 0DC5
Symbol: framebuffer_prepare_back (/mnt/d/retro/ladybug/build/ladybug-enemy-runtime.rom) = 0D12
Symbol: framebuffer_project_damage (/mnt/d/retro/ladybug/build/ladybug-enemy-runtime.rom) = 0A0B
Symbol: framebuffer_project_gate_only (/mnt/d/retro/ladybug/build/ladybug-enemy-runtime.rom) = CF2E
Symbol: framebuffer_queue_damage (/mnt/d/retro/ladybug/build/ladybug-enemy-runtime.rom) = 0A95
Symbol: FRAMES (/mnt/d/retro/ladybug/build/ladybug-enemy-runtime.rom) = 0002
Symbol: FREEZE_TIMER (/mnt/d/retro/ladybug/build/ladybug-enemy-runtime.rom) = 005B
Symbol: fri_abort (/mnt/d/retro/ladybug/build/ladybug-enemy-runtime.rom) = 0A08
Symbol: fri_actor_closure (/mnt/d/retro/ladybug/build/ladybug-enemy-runtime.rom) = 09F7
Symbol: fri_background_done (/mnt/d/retro/ladybug/build/ladybug-enemy-runtime.rom) = 0B8B
Symbol: fri_box (/mnt/d/retro/ladybug/build/ladybug-enemy-runtime.rom) = 0B2B
Symbol: fri_dot (/mnt/d/retro/ladybug/build/ladybug-enemy-runtime.rom) = 0B05
Symbol: fri_gate (/mnt/d/retro/ladybug/build/ladybug-enemy-runtime.rom) = 0B6D
Symbol: fri_hud (/mnt/d/retro/ladybug/build/ladybug-enemy-runtime.rom) = 0B16
Symbol: fri_letter (/mnt/d/retro/ladybug/build/ladybug-enemy-runtime.rom) = 0B58
Symbol: fri_lives (/mnt/d/retro/ladybug/build/ladybug-enemy-runtime.rom) = 0B22
Symbol: fri_multiplier (/mnt/d/retro/ladybug/build/ladybug-enemy-runtime.rom) = 0B4F
Symbol: fri_render (/mnt/d/retro/ladybug/build/ladybug-enemy-runtime.rom) = 09F4
Symbol: fri_secondary (/mnt/d/retro/ladybug/build/ladybug-enemy-runtime.rom) = 0B47
Symbol: fri_stage_background (/mnt/d/retro/ladybug/build/ladybug-enemy-runtime.rom) = 0BA8
Symbol: GATE_ANIM_ID (/mnt/d/retro/ladybug/build/ladybug-enemy-runtime.rom) = 0019
Symbol: gate_compose_impl (/mnt/d/retro/ladybug/build/ladybug-enemy-runtime.rom) = 158E
Symbol: GATE_COMPOSE_MODE (/mnt/d/retro/ladybug/build/ladybug-enemy-runtime.rom) = 006F
Symbol: GATE_COPY_COUNT (/mnt/d/retro/ladybug/build/ladybug-enemy-runtime.rom) = 0079
Symbol: GATE_COPY_ROWS (/mnt/d/retro/ladybug/build/ladybug-enemy-runtime.rom) = 007A
Symbol: GATE_END_X (/mnt/d/retro/ladybug/build/ladybug-enemy-runtime.rom) = 0076
Symbol: GATE_END_Y (/mnt/d/retro/ladybug/build/ladybug-enemy-runtime.rom) = 0077
Symbol: GATE_ID (/mnt/d/retro/ladybug/build/ladybug-enemy-runtime.rom) = 0013
Symbol: gate_map_live (/mnt/d/retro/ladybug/build/ladybug-enemy-runtime.rom) = 15AA
Symbol: GATE_RECT_FB (/mnt/d/retro/ladybug/build/ladybug-enemy-runtime.rom) = 0070
Symbol: GATE_RECT_ROWS (/mnt/d/retro/ladybug/build/ladybug-enemy-runtime.rom) = 0073
Symbol: GATE_RECT_WIDTH (/mnt/d/retro/ladybug/build/ladybug-enemy-runtime.rom) = 0072
Symbol: gate_redraw_neighbors (/mnt/d/retro/ladybug/build/ladybug-enemy-runtime.rom) = F086
Symbol: gate_render_hidden (/mnt/d/retro/ladybug/build/ladybug-enemy-runtime.rom) = CF96
Symbol: GATE_SHADOW_PAGE (/mnt/d/retro/ladybug/build/ladybug-enemy-runtime.rom) = 0078
Symbol: GATE_START_X (/mnt/d/retro/ladybug/build/ladybug-enemy-runtime.rom) = 0074
Symbol: GATE_START_Y (/mnt/d/retro/ladybug/build/ladybug-enemy-runtime.rom) = 0075
Symbol: GATE_STATE (/mnt/d/retro/ladybug/build/ladybug-enemy-runtime.rom) = A240
Symbol: GATE_WORK_ID (/mnt/d/retro/ladybug/build/ladybug-enemy-runtime.rom) = 007B
Symbol: GATE_X (/mnt/d/retro/ladybug/build/ladybug-enemy-runtime.rom) = 0014
Symbol: GATE_Y (/mnt/d/retro/ladybug/build/ladybug-enemy-runtime.rom) = 0015
Symbol: gci_done (/mnt/d/retro/ladybug/build/ladybug-enemy-runtime.rom) = 15A4
Symbol: gci_final (/mnt/d/retro/ladybug/build/ladybug-enemy-runtime.rom) = 159B
Symbol: gci_mark_overlap (/mnt/d/retro/ladybug/build/ladybug-enemy-runtime.rom) = 15A1
Symbol: GIME_IRQEN (/mnt/d/retro/ladybug/build/ladybug-enemy-runtime.rom) = FF92
Symbol: GIME_PAR1 (/mnt/d/retro/ladybug/build/ladybug-enemy-runtime.rom) = FFA1
Symbol: GIME_PAR5 (/mnt/d/retro/ladybug/build/ladybug-enemy-runtime.rom) = FFA5
Symbol: GIME_VOFF1 (/mnt/d/retro/ladybug/build/ladybug-enemy-runtime.rom) = FF9D
Symbol: gml_map (/mnt/d/retro/ladybug/build/ladybug-enemy-runtime.rom) = 15B6
Symbol: HIGH_BCD (/mnt/d/retro/ladybug/build/ladybug-enemy-runtime.rom) = 0020
Symbol: HUD_COLOR (/mnt/d/retro/ladybug/build/ladybug-enemy-runtime.rom) = 0029
Symbol: HUD_X (/mnt/d/retro/ladybug/build/ladybug-enemy-runtime.rom) = 0027
Symbol: HUD_Y (/mnt/d/retro/ladybug/build/ladybug-enemy-runtime.rom) = 0028
Symbol: LAST_FRAME (/mnt/d/retro/ladybug/build/ladybug-enemy-runtime.rom) = 0000
Symbol: LIVE_PAGE0 (/mnt/d/retro/ladybug/build/ladybug-enemy-runtime.rom) = 0030
Symbol: mark_gate_enemy_overlap (/mnt/d/retro/ladybug/build/ladybug-enemy-runtime.rom) = D141
Symbol: maze_gate_owner (/mnt/d/retro/ladybug/build/ladybug-enemy-runtime.rom) = F95A
Symbol: maze_gates (/mnt/d/retro/ladybug/build/ladybug-enemy-runtime.rom) = FB9A
Symbol: maze_nav (/mnt/d/retro/ladybug/build/ladybug-enemy-runtime.rom) = F71A
Symbol: merge_stage_pixel (/mnt/d/retro/ladybug/build/ladybug-enemy-runtime.rom) = 1737
Symbol: msp_high (/mnt/d/retro/ladybug/build/ladybug-enemy-runtime.rom) = 1740
Symbol: msp_low (/mnt/d/retro/ladybug/build/ladybug-enemy-runtime.rom) = 1746
Symbol: pci_build (/mnt/d/retro/ladybug/build/ladybug-enemy-runtime.rom) = 146B
Symbol: pci_commit_row (/mnt/d/retro/ladybug/build/ladybug-enemy-runtime.rom) = 1512
Symbol: pci_copy_old (/mnt/d/retro/ladybug/build/ladybug-enemy-runtime.rom) = 1439
Symbol: pci_done (/mnt/d/retro/ladybug/build/ladybug-enemy-runtime.rom) = 1570
Symbol: pci_down (/mnt/d/retro/ladybug/build/ladybug-enemy-runtime.rom) = 1457
Symbol: pci_horizontal_strip (/mnt/d/retro/ladybug/build/ladybug-enemy-runtime.rom) = 1546
Symbol: pci_next_row (/mnt/d/retro/ladybug/build/ladybug-enemy-runtime.rom) = 14D9
Symbol: pci_old_full (/mnt/d/retro/ladybug/build/ladybug-enemy-runtime.rom) = 14B7
Symbol: pci_old_left (/mnt/d/retro/ladybug/build/ladybug-enemy-runtime.rom) = 14A1
Symbol: pci_restore_bottom (/mnt/d/retro/ladybug/build/ladybug-enemy-runtime.rom) = 153A
Symbol: pci_restore_left_loop (/mnt/d/retro/ladybug/build/ladybug-enemy-runtime.rom) = 1554
Symbol: pci_restore_right (/mnt/d/retro/ladybug/build/ladybug-enemy-runtime.rom) = 1563
Symbol: pci_row (/mnt/d/retro/ladybug/build/ladybug-enemy-runtime.rom) = 1473
Symbol: pci_save_loop (/mnt/d/retro/ladybug/build/ladybug-enemy-runtime.rom) = 14EE
Symbol: pci_up (/mnt/d/retro/ladybug/build/ladybug-enemy-runtime.rom) = 1462
Symbol: pci_visible_row (/mnt/d/retro/ladybug/build/ladybug-enemy-runtime.rom) = 14C9
Symbol: perimeter_box_coordinates (/mnt/d/retro/ladybug/build/ladybug-enemy-runtime.rom) = C8C7
Symbol: PERIMETER_RESET_HELPER (/mnt/d/retro/ladybug/build/ladybug-enemy-runtime.rom) = 06B2
Symbol: perimeter_reset_published (/mnt/d/retro/ladybug/build/ladybug-enemy-runtime.rom) = 0BA7
Symbol: PERSISTENT_FB (/mnt/d/retro/ladybug/build/ladybug-enemy-runtime.rom) = 0001
Symbol: PICKUP_TIMER (/mnt/d/retro/ladybug/build/ladybug-enemy-runtime.rom) = 0051
Symbol: PLAYER_ANIM (/mnt/d/retro/ladybug/build/ladybug-enemy-runtime.rom) = 004F
Symbol: PLAYER_BG (/mnt/d/retro/ladybug/build/ladybug-enemy-runtime.rom) = A300
Symbol: PLAYER_BG_B (/mnt/d/retro/ladybug/build/ladybug-enemy-runtime.rom) = AB00
Symbol: PLAYER_BG_PTR (/mnt/d/retro/ladybug/build/ladybug-enemy-runtime.rom) = 00A2
Symbol: PLAYER_BG_VALID (/mnt/d/retro/ladybug/build/ladybug-enemy-runtime.rom) = 006A
Symbol: PLAYER_CELL_X (/mnt/d/retro/ladybug/build/ladybug-enemy-runtime.rom) = 0009
Symbol: PLAYER_CELL_Y (/mnt/d/retro/ladybug/build/ladybug-enemy-runtime.rom) = 000A
Symbol: player_compose_impl (/mnt/d/retro/ladybug/build/ladybug-enemy-runtime.rom) = 1430
Symbol: PLAYER_DIR (/mnt/d/retro/ladybug/build/ladybug-enemy-runtime.rom) = 0006
Symbol: player_draw_impl (/mnt/d/retro/ladybug/build/ladybug-enemy-runtime.rom) = 160A
Symbol: PLAYER_DX (/mnt/d/retro/ladybug/build/ladybug-enemy-runtime.rom) = 006C
Symbol: PLAYER_DY (/mnt/d/retro/ladybug/build/ladybug-enemy-runtime.rom) = 006D
Symbol: PLAYER_ERASED (/mnt/d/retro/ladybug/build/ladybug-enemy-runtime.rom) = 0069
Symbol: PLAYER_FACE (/mnt/d/retro/ladybug/build/ladybug-enemy-runtime.rom) = 0007
Symbol: PLAYER_FB (/mnt/d/retro/ladybug/build/ladybug-enemy-runtime.rom) = 000B
Symbol: PLAYER_OLD_FB (/mnt/d/retro/ladybug/build/ladybug-enemy-runtime.rom) = 0067
Symbol: PLAYER_OLD_STAGE (/mnt/d/retro/ladybug/build/ladybug-enemy-runtime.rom) = 1880
Symbol: PLAYER_ROW (/mnt/d/retro/ladybug/build/ladybug-enemy-runtime.rom) = 006E
Symbol: PLAYER_STAGE (/mnt/d/retro/ladybug/build/ladybug-enemy-runtime.rom) = 1800
Symbol: PLAYER_TICK_PENDING (/mnt/d/retro/ladybug/build/ladybug-enemy-runtime.rom) = 006B
Symbol: PLAYER_WANT (/mnt/d/retro/ladybug/build/ladybug-enemy-runtime.rom) = 000F
Symbol: rba_buffer_b (/mnt/d/retro/ladybug/build/ladybug-enemy-runtime.rom) = 10A8
Symbol: rba_done (/mnt/d/retro/ladybug/build/ladybug-enemy-runtime.rom) = 10AB
Symbol: rcbtf_fast_table (/mnt/d/retro/ladybug/build/ladybug-enemy-runtime.rom) = 1241
Symbol: rcbtf_phase0 (/mnt/d/retro/ladybug/build/ladybug-enemy-runtime.rom) = 1251
Symbol: rcbtf_phase0_row (/mnt/d/retro/ladybug/build/ladybug-enemy-runtime.rom) = 1251
Symbol: rcbtf_phase0_rows (/mnt/d/retro/ladybug/build/ladybug-enemy-runtime.rom) = 1251
Symbol: rcbtf_phase1 (/mnt/d/retro/ladybug/build/ladybug-enemy-runtime.rom) = 1268
Symbol: rcbtf_phase1_row (/mnt/d/retro/ladybug/build/ladybug-enemy-runtime.rom) = 1268
Symbol: rcbtf_phase1_rows (/mnt/d/retro/ladybug/build/ladybug-enemy-runtime.rom) = 1268
Symbol: rcbtf_phase2 (/mnt/d/retro/ladybug/build/ladybug-enemy-runtime.rom) = 1285
Symbol: rcbtf_phase2_row (/mnt/d/retro/ladybug/build/ladybug-enemy-runtime.rom) = 1285
Symbol: rcbtf_phase2_rows (/mnt/d/retro/ladybug/build/ladybug-enemy-runtime.rom) = 1285
Symbol: rcbtf_phase3 (/mnt/d/retro/ladybug/build/ladybug-enemy-runtime.rom) = 12A0
Symbol: rcbtf_phase3_row (/mnt/d/retro/ladybug/build/ladybug-enemy-runtime.rom) = 12A0
Symbol: rcbtf_phase3_rows (/mnt/d/retro/ladybug/build/ladybug-enemy-runtime.rom) = 12A0
Symbol: rcbtf_phase4 (/mnt/d/retro/ladybug/build/ladybug-enemy-runtime.rom) = 12BD
Symbol: rcbtf_phase4_row (/mnt/d/retro/ladybug/build/ladybug-enemy-runtime.rom) = 12BD
Symbol: rcbtf_phase4_rows (/mnt/d/retro/ladybug/build/ladybug-enemy-runtime.rom) = 12BD
Symbol: rcbtf_phase5 (/mnt/d/retro/ladybug/build/ladybug-enemy-runtime.rom) = 12D8
Symbol: rcbtf_phase5_row (/mnt/d/retro/ladybug/build/ladybug-enemy-runtime.rom) = 12D8
Symbol: rcbtf_phase5_rows (/mnt/d/retro/ladybug/build/ladybug-enemy-runtime.rom) = 12D8
Symbol: rcbtf_phase6 (/mnt/d/retro/ladybug/build/ladybug-enemy-runtime.rom) = 12F5
Symbol: rcbtf_phase6_row (/mnt/d/retro/ladybug/build/ladybug-enemy-runtime.rom) = 12F5
Symbol: rcbtf_phase6_rows (/mnt/d/retro/ladybug/build/ladybug-enemy-runtime.rom) = 12F5
Symbol: rcbtf_phase7 (/mnt/d/retro/ladybug/build/ladybug-enemy-runtime.rom) = 1310
Symbol: rcbtf_phase7_row (/mnt/d/retro/ladybug/build/ladybug-enemy-runtime.rom) = 1310
Symbol: rcbtf_phase7_rows (/mnt/d/retro/ladybug/build/ladybug-enemy-runtime.rom) = 1310
Symbol: rcbtf_ring_done (/mnt/d/retro/ladybug/build/ladybug-enemy-runtime.rom) = 1367
Symbol: rcbtf_ring_setup (/mnt/d/retro/ladybug/build/ladybug-enemy-runtime.rom) = 132D
Symbol: rcftb_row (/mnt/d/retro/ladybug/build/ladybug-enemy-runtime.rom) = 136C
Symbol: rcrr_byte (/mnt/d/retro/ladybug/build/ladybug-enemy-runtime.rom) = 1212
Symbol: rcrr_rotated (/mnt/d/retro/ladybug/build/ladybug-enemy-runtime.rom) = 120E
Symbol: RECORD_SIZE (/mnt/d/retro/ladybug/build/ladybug-enemy-runtime.rom) = 0008
Symbol: refresh_zone_bg_footprint (/mnt/d/retro/ladybug/build/ladybug-enemy-runtime.rom) = 17B3
Symbol: reload_enemy_box_timer (/mnt/d/retro/ladybug/build/ladybug-enemy-runtime.rom) = D703
Symbol: RENDER_BOX_COLOR (/mnt/d/retro/ladybug/build/ladybug-enemy-runtime.rom) = 0082
Symbol: RENDER_BOX_INDEX (/mnt/d/retro/ladybug/build/ladybug-enemy-runtime.rom) = 0081
Symbol: render_exposed_player (/mnt/d/retro/ladybug/build/ladybug-enemy-runtime.rom) = 0B8C
Symbol: RENDER_FLAGS (/mnt/d/retro/ladybug/build/ladybug-enemy-runtime.rom) = 007F
Symbol: RENDER_FLAGS2 (/mnt/d/retro/ladybug/build/ladybug-enemy-runtime.rom) = 0080
Symbol: RENDER_GATE2_ID (/mnt/d/retro/ladybug/build/ladybug-enemy-runtime.rom) = 008A
Symbol: RENDER_GATE2_MODE (/mnt/d/retro/ladybug/build/ladybug-enemy-runtime.rom) = 008B
Symbol: RENDER_GATE2_STYLE (/mnt/d/retro/ladybug/build/ladybug-enemy-runtime.rom) = 008E
Symbol: RENDER_GATE_ID (/mnt/d/retro/ladybug/build/ladybug-enemy-runtime.rom) = 0088
Symbol: RENDER_GATE_MODE (/mnt/d/retro/ladybug/build/ladybug-enemy-runtime.rom) = 0089
Symbol: RENDER_GATE_STYLE (/mnt/d/retro/ladybug/build/ladybug-enemy-runtime.rom) = 008D
Symbol: RENDER_LETTER_COLOR (/mnt/d/retro/ladybug/build/ladybug-enemy-runtime.rom) = 0085
Symbol: RENDER_LETTER_X (/mnt/d/retro/ladybug/build/ladybug-enemy-runtime.rom) = 0083
Symbol: RENDER_LETTER_Y (/mnt/d/retro/ladybug/build/ladybug-enemy-runtime.rom) = 0084
Symbol: render_perimeter_reset (/mnt/d/retro/ladybug/build/ladybug-enemy-runtime.rom) = 0BA4
Symbol: RENDER_ZONE_Y (/mnt/d/retro/ladybug/build/ladybug-enemy-runtime.rom) = 008C
Symbol: rep_done (/mnt/d/retro/ladybug/build/ladybug-enemy-runtime.rom) = 0BA3
Symbol: reset_enemy_state (/mnt/d/retro/ladybug/build/ladybug-enemy-runtime.rom) = D6C3
Symbol: restore_entity_footprint (/mnt/d/retro/ladybug/build/ladybug-enemy-runtime.rom) = D3E1
Symbol: restore_gate_diagonal_dots (/mnt/d/retro/ladybug/build/ladybug-enemy-runtime.rom) = CFB9
Symbol: restore_player (/mnt/d/retro/ladybug/build/ladybug-enemy-runtime.rom) = D612
Symbol: RF2_LETTER (/mnt/d/retro/ladybug/build/ladybug-enemy-runtime.rom) = 0004
Symbol: RF2_MULTIPLIER (/mnt/d/retro/ladybug/build/ladybug-enemy-runtime.rom) = 0002
Symbol: RF2_PERIM_RESET (/mnt/d/retro/ladybug/build/ladybug-enemy-runtime.rom) = 0008
Symbol: RF2_POPUP (/mnt/d/retro/ladybug/build/ladybug-enemy-runtime.rom) = 0001
Symbol: RF_BOX (/mnt/d/retro/ladybug/build/ladybug-enemy-runtime.rom) = 0010
Symbol: RF_DEATH (/mnt/d/retro/ladybug/build/ladybug-enemy-runtime.rom) = 0080
Symbol: RF_DOT (/mnt/d/retro/ladybug/build/ladybug-enemy-runtime.rom) = 0020
Symbol: RF_ENTITIES (/mnt/d/retro/ladybug/build/ladybug-enemy-runtime.rom) = 0008
Symbol: RF_HUD (/mnt/d/retro/ladybug/build/ladybug-enemy-runtime.rom) = 0002
Symbol: RF_LIVES (/mnt/d/retro/ladybug/build/ladybug-enemy-runtime.rom) = 0004
Symbol: RF_PLAYER (/mnt/d/retro/ladybug/build/ladybug-enemy-runtime.rom) = 0001
Symbol: RF_STAGE (/mnt/d/retro/ladybug/build/ladybug-enemy-runtime.rom) = 0040
Symbol: RING_BASE (/mnt/d/retro/ladybug/build/ladybug-enemy-runtime.rom) = 009E
Symbol: RING_PHASE (/mnt/d/retro/ladybug/build/ladybug-enemy-runtime.rom) = 009C
Symbol: RING_ROW (/mnt/d/retro/ladybug/build/ladybug-enemy-runtime.rom) = 009D
Symbol: rmu_dirty (/mnt/d/retro/ladybug/build/ladybug-enemy-runtime.rom) = 0AEA
Symbol: rmu_done (/mnt/d/retro/ladybug/build/ladybug-enemy-runtime.rom) = 0AEE
Symbol: RNG_STATE (/mnt/d/retro/ladybug/build/ladybug-enemy-runtime.rom) = 0034
Symbol: roam_bg_address (/mnt/d/retro/ladybug/build/ladybug-enemy-runtime.rom) = 1098
Symbol: roam_capture_ring_row (/mnt/d/retro/ladybug/build/ladybug-enemy-runtime.rom) = 11F7
Symbol: roam_copy_bg_to_fb (/mnt/d/retro/ladybug/build/ladybug-enemy-runtime.rom) = 121E
Symbol: roam_copy_fb_to_bg (/mnt/d/retro/ladybug/build/ladybug-enemy-runtime.rom) = 1368
Symbol: roam_mark_underlay (/mnt/d/retro/ladybug/build/ladybug-enemy-runtime.rom) = 0ADC
Symbol: roam_old_slot (/mnt/d/retro/ladybug/build/ladybug-enemy-runtime.rom) = 108D
Symbol: roam_ring_slot (/mnt/d/retro/ladybug/build/ladybug-enemy-runtime.rom) = 10AE
Symbol: roam_slot_masks (/mnt/d/retro/ladybug/build/ladybug-enemy-runtime.rom) = 1089
Symbol: roam_snapshot_old (/mnt/d/retro/ladybug/build/ladybug-enemy-runtime.rom) = 1045
Symbol: roam_update_background (/mnt/d/retro/ladybug/build/ladybug-enemy-runtime.rom) = 10B8
Symbol: rsn_actor (/mnt/d/retro/ladybug/build/ladybug-enemy-runtime.rom) = 1069
Symbol: rsn_loop (/mnt/d/retro/ladybug/build/ladybug-enemy-runtime.rom) = 105B
Symbol: rsn_next (/mnt/d/retro/ladybug/build/ladybug-enemy-runtime.rom) = 1082
Symbol: rub_column_done (/mnt/d/retro/ladybug/build/ladybug-enemy-runtime.rom) = 117C
Symbol: rub_column_first (/mnt/d/retro/ladybug/build/ladybug-enemy-runtime.rom) = 115B
Symbol: rub_column_second (/mnt/d/retro/ladybug/build/ladybug-enemy-runtime.rom) = 116F
Symbol: rub_done (/mnt/d/retro/ladybug/build/ladybug-enemy-runtime.rom) = 1104
Symbol: rub_down (/mnt/d/retro/ladybug/build/ladybug-enemy-runtime.rom) = 117F
Symbol: rub_full (/mnt/d/retro/ladybug/build/ladybug-enemy-runtime.rom) = 10EF
Symbol: rub_horizontal (/mnt/d/retro/ladybug/build/ladybug-enemy-runtime.rom) = 110A
Symbol: rub_horizontal_fb (/mnt/d/retro/ladybug/build/ladybug-enemy-runtime.rom) = 1143
Symbol: rub_left (/mnt/d/retro/ladybug/build/ladybug-enemy-runtime.rom) = 1109
Symbol: rub_right (/mnt/d/retro/ladybug/build/ladybug-enemy-runtime.rom) = 1105
Symbol: rub_right_slot (/mnt/d/retro/ladybug/build/ladybug-enemy-runtime.rom) = 1137
Symbol: rub_row_loop (/mnt/d/retro/ladybug/build/ladybug-enemy-runtime.rom) = 11D8
Symbol: rub_shift_left (/mnt/d/retro/ladybug/build/ladybug-enemy-runtime.rom) = 1128
Symbol: rub_shift_up (/mnt/d/retro/ladybug/build/ladybug-enemy-runtime.rom) = 11A9
Symbol: rub_store_column (/mnt/d/retro/ladybug/build/ladybug-enemy-runtime.rom) = 1129
Symbol: rub_store_row (/mnt/d/retro/ladybug/build/ladybug-enemy-runtime.rom) = 11B1
Symbol: rub_up (/mnt/d/retro/ladybug/build/ladybug-enemy-runtime.rom) = 1183
Symbol: rub_vertical (/mnt/d/retro/ladybug/build/ladybug-enemy-runtime.rom) = 1184
Symbol: rub_vertical_fb (/mnt/d/retro/ladybug/build/ladybug-enemy-runtime.rom) = 11CF
Symbol: rzbf_done (/mnt/d/retro/ladybug/build/ladybug-enemy-runtime.rom) = 17FE
Symbol: rzbf_row (/mnt/d/retro/ladybug/build/ladybug-enemy-runtime.rom) = 17E6
Symbol: save_player (/mnt/d/retro/ladybug/build/ladybug-enemy-runtime.rom) = D5ED
Symbol: sbf_command (/mnt/d/retro/ladybug/build/ladybug-enemy-runtime.rom) = 165F
Symbol: sbf_delta (/mnt/d/retro/ladybug/build/ladybug-enemy-runtime.rom) = 1658
Symbol: sbf_extended (/mnt/d/retro/ladybug/build/ladybug-enemy-runtime.rom) = 16B1
Symbol: sbf_opaque1 (/mnt/d/retro/ladybug/build/ladybug-enemy-runtime.rom) = 1689
Symbol: sbf_opaque2 (/mnt/d/retro/ladybug/build/ladybug-enemy-runtime.rom) = 16AB
Symbol: sbf_opaque3 (/mnt/d/retro/ladybug/build/ladybug-enemy-runtime.rom) = 168F
Symbol: sbf_opaque4 (/mnt/d/retro/ladybug/build/ladybug-enemy-runtime.rom) = 16A2
Symbol: sbf_opaque5 (/mnt/d/retro/ladybug/build/ladybug-enemy-runtime.rom) = 1682
Symbol: sbf_opaque6 (/mnt/d/retro/ladybug/build/ladybug-enemy-runtime.rom) = 1695
Symbol: sbf_opaque_byte (/mnt/d/retro/ladybug/build/ladybug-enemy-runtime.rom) = 1671
Symbol: sbf_opaque_small (/mnt/d/retro/ladybug/build/ladybug-enemy-runtime.rom) = 167A
Symbol: sbf_partial (/mnt/d/retro/ladybug/build/ladybug-enemy-runtime.rom) = 164B
Symbol: sbf_partial_byte (/mnt/d/retro/ladybug/build/ladybug-enemy-runtime.rom) = 164D
Symbol: sbs_add_delta (/mnt/d/retro/ladybug/build/ladybug-enemy-runtime.rom) = 16CD
Symbol: sbs_command (/mnt/d/retro/ladybug/build/ladybug-enemy-runtime.rom) = 16CE
Symbol: sbs_delta (/mnt/d/retro/ladybug/build/ladybug-enemy-runtime.rom) = 16C1
Symbol: sbs_extended (/mnt/d/retro/ladybug/build/ladybug-enemy-runtime.rom) = 16EA
Symbol: sbs_opaque_byte (/mnt/d/retro/ladybug/build/ladybug-enemy-runtime.rom) = 16D2
Symbol: sbs_partial (/mnt/d/retro/ladybug/build/ladybug-enemy-runtime.rom) = 16DB
Symbol: sbs_partial_byte (/mnt/d/retro/ladybug/build/ladybug-enemy-runtime.rom) = 16DD
Symbol: SCORE_BCD (/mnt/d/retro/ladybug/build/ladybug-enemy-runtime.rom) = 001D
Symbol: sparse_blit_fb (/mnt/d/retro/ladybug/build/ladybug-enemy-runtime.rom) = 1649
Symbol: sparse_blit_stage (/mnt/d/retro/ladybug/build/ladybug-enemy-runtime.rom) = 16C1
Symbol: sparse_decode_done (/mnt/d/retro/ladybug/build/ladybug-enemy-runtime.rom) = 16BB
Symbol: SPARSE_ENEMY_INDEX_ADDR (/mnt/d/retro/ladybug/build/ladybug-enemy-runtime.rom) = A000
Symbol: SPARSE_ENEMY_PAYLOAD_PAGE (/mnt/d/retro/ladybug/build/ladybug-enemy-runtime.rom) = 0035
Symbol: sparse_enemy_stream (/mnt/d/retro/ladybug/build/ladybug-enemy-runtime.rom) = 1617
Symbol: SPARSE_PLAYER_INDEX_ADDR (/mnt/d/retro/ladybug/build/ladybug-enemy-runtime.rom) = A000
Symbol: SPARSE_PLAYER_PAYLOAD_PAGE (/mnt/d/retro/ladybug/build/ladybug-enemy-runtime.rom) = 0039
Symbol: sparse_player_stream (/mnt/d/retro/ladybug/build/ladybug-enemy-runtime.rom) = 1630
Symbol: sprite_attr0_pairs (/mnt/d/retro/ladybug/build/ladybug-enemy-runtime.rom) = D56D
Symbol: SPRITE_SOURCE_SIZE (/mnt/d/retro/ladybug/build/ladybug-enemy-runtime.rom) = 0040
Symbol: STAGE (/mnt/d/retro/ladybug/build/ladybug-enemy-runtime.rom) = 0024
Symbol: STAGE_COUNT (/mnt/d/retro/ladybug/build/ladybug-enemy-runtime.rom) = 0064
Symbol: STAGE_PIXEL (/mnt/d/retro/ladybug/build/ladybug-enemy-runtime.rom) = 0065
Symbol: STAGE_SOURCE (/mnt/d/retro/ladybug/build/ladybug-enemy-runtime.rom) = 0066
Symbol: TEST_X (/mnt/d/retro/ladybug/build/ladybug-enemy-runtime.rom) = 0010
Symbol: TEST_Y (/mnt/d/retro/ladybug/build/ladybug-enemy-runtime.rom) = 0011
Symbol: VEG_STATE (/mnt/d/retro/ladybug/build/ladybug-enemy-runtime.rom) = 005A
Symbol: vegetable_sprites (/mnt/d/retro/ladybug/build/ladybug-enemy-runtime.rom) = DB28
