Symbol: FB_BACK_ID (/mnt/d/retro/ladybug/build/ladybug-perimeter-reset-helper.bin) = 0090
Symbol: FB_FRONT_ID (/mnt/d/retro/ladybug/build/ladybug-perimeter-reset-helper.bin) = 008F
Symbol: hold_copy_chunk (/mnt/d/retro/ladybug/build/ladybug-perimeter-reset-helper.bin) = 074B
Symbol: hold_copy_word (/mnt/d/retro/ladybug/build/ladybug-perimeter-reset-helper.bin) = 077A
Symbol: hold_destination_pages (/mnt/d/retro/ladybug/build/ladybug-perimeter-reset-helper.bin) = 07F9
Symbol: hold_source_page (/mnt/d/retro/ladybug/build/ladybug-perimeter-reset-helper.bin) = 075F
Symbol: hold_source_pages (/mnt/d/retro/ladybug/build/ladybug-perimeter-reset-helper.bin) = 07F5
Symbol: pao_actor (/mnt/d/retro/ladybug/build/ladybug-perimeter-reset-helper.bin) = 07AC
Symbol: pao_after_pass (/mnt/d/retro/ladybug/build/ladybug-perimeter-reset-helper.bin) = 07D2
Symbol: pao_capture (/mnt/d/retro/ladybug/build/ladybug-perimeter-reset-helper.bin) = 07E1
Symbol: pao_done (/mnt/d/retro/ladybug/build/ladybug-perimeter-reset-helper.bin) = 07E0
Symbol: pao_phase_change (/mnt/d/retro/ladybug/build/ladybug-perimeter-reset-helper.bin) = 078D
Symbol: pao_phase_ready (/mnt/d/retro/ladybug/build/ladybug-perimeter-reset-helper.bin) = 079F
Symbol: pao_row (/mnt/d/retro/ladybug/build/ladybug-perimeter-reset-helper.bin) = 07B6
Symbol: PAR1 (/mnt/d/retro/ladybug/build/ladybug-perimeter-reset-helper.bin) = FFA1
Symbol: PAR2 (/mnt/d/retro/ladybug/build/ladybug-perimeter-reset-helper.bin) = FFA2
Symbol: PAR3 (/mnt/d/retro/ladybug/build/ladybug-perimeter-reset-helper.bin) = FFA3
Symbol: PAR4 (/mnt/d/retro/ladybug/build/ladybug-perimeter-reset-helper.bin) = FFA4
Symbol: PAR5 (/mnt/d/retro/ladybug/build/ladybug-perimeter-reset-helper.bin) = FFA5
Symbol: PENDING (/mnt/d/retro/ladybug/build/ladybug-perimeter-reset-helper.bin) = 0091
Symbol: PERIMETER_PRESENTATION_HELPER_END (/mnt/d/retro/ladybug/build/ladybug-perimeter-reset-helper.bin) = 07FD
Symbol: PERIMETER_RESET_HELPER (/mnt/d/retro/ladybug/build/ladybug-perimeter-reset-helper.bin) = 06B2
Symbol: PERIMETER_RESET_HELPER_END (/mnt/d/retro/ladybug/build/ladybug-perimeter-reset-helper.bin) = 06C5
Symbol: phb_done (/mnt/d/retro/ladybug/build/ladybug-perimeter-reset-helper.bin) = 06DA
Symbol: pht_active (/mnt/d/retro/ladybug/build/ladybug-perimeter-reset-helper.bin) = 0722
Symbol: pht_cancel_final (/mnt/d/retro/ladybug/build/ladybug-perimeter-reset-helper.bin) = 073E
Symbol: pht_copy (/mnt/d/retro/ladybug/build/ladybug-perimeter-reset-helper.bin) = 06E1
Symbol: pht_copy_do (/mnt/d/retro/ladybug/build/ladybug-perimeter-reset-helper.bin) = 06FB
Symbol: pht_publish (/mnt/d/retro/ladybug/build/ladybug-perimeter-reset-helper.bin) = 0723
Symbol: pht_request (/mnt/d/retro/ladybug/build/ladybug-perimeter-reset-helper.bin) = 0712
Symbol: PRES_ACTOR_KIND (/mnt/d/retro/ladybug/build/ladybug-perimeter-reset-helper.bin) = 00D0
Symbol: PRES_ACTOR_PHASE (/mnt/d/retro/ladybug/build/ladybug-perimeter-reset-helper.bin) = 00D3
Symbol: PRES_DST (/mnt/d/retro/ladybug/build/ladybug-perimeter-reset-helper.bin) = 00AE
Symbol: PRES_HOLD_CHUNK (/mnt/d/retro/ladybug/build/ladybug-perimeter-reset-helper.bin) = 00D5
Symbol: PRES_HOLD_COPY (/mnt/d/retro/ladybug/build/ladybug-perimeter-reset-helper.bin) = 0080
Symbol: PRES_HOLD_FINAL (/mnt/d/retro/ladybug/build/ladybug-perimeter-reset-helper.bin) = 0081
Symbol: PRES_HOLD_GEN (/mnt/d/retro/ladybug/build/ladybug-perimeter-reset-helper.bin) = 00D8
Symbol: PRES_HOLD_HYDRATE (/mnt/d/retro/ladybug/build/ladybug-perimeter-reset-helper.bin) = 0003
Symbol: PRES_HOLD_OWNER (/mnt/d/retro/ladybug/build/ladybug-perimeter-reset-helper.bin) = 00D9
Symbol: PRES_HOLD_PUBLISH (/mnt/d/retro/ladybug/build/ladybug-perimeter-reset-helper.bin) = 0081
Symbol: PRES_HOLD_SAVED_BACK (/mnt/d/retro/ladybug/build/ladybug-perimeter-reset-helper.bin) = 00D7
Symbol: PRES_HOLD_SAVED_FRONT (/mnt/d/retro/ladybug/build/ladybug-perimeter-reset-helper.bin) = 00D6
Symbol: PRES_HOLD_STATE (/mnt/d/retro/ladybug/build/ladybug-perimeter-reset-helper.bin) = 00D4
Symbol: PRES_MAIN_BLIT_TILE (/mnt/d/retro/ladybug/build/ladybug-perimeter-reset-helper.bin) = D669
Symbol: PRES_MAIN_CAN_MOVE (/mnt/d/retro/ladybug/build/ladybug-perimeter-reset-helper.bin) = CC5B
Symbol: PRES_MAIN_DEATH (/mnt/d/retro/ladybug/build/ladybug-perimeter-reset-helper.bin) = D2DA
Symbol: PRES_MAIN_ENEMY (/mnt/d/retro/ladybug/build/ladybug-perimeter-reset-helper.bin) = D510
Symbol: PRES_MAIN_ENEMY_TICK (/mnt/d/retro/ladybug/build/ladybug-perimeter-reset-helper.bin) = D514
Symbol: PRES_MAIN_ENTITIES (/mnt/d/retro/ladybug/build/ladybug-perimeter-reset-helper.bin) = C57E
Symbol: PRES_MAIN_FB_CAPTURE (/mnt/d/retro/ladybug/build/ladybug-perimeter-reset-helper.bin) = 0D91
Symbol: PRES_MAIN_FB_FINISH (/mnt/d/retro/ladybug/build/ladybug-perimeter-reset-helper.bin) = 0D74
Symbol: PRES_MAIN_FB_PREPARE (/mnt/d/retro/ladybug/build/ladybug-perimeter-reset-helper.bin) = 0D12
Symbol: PRES_MAIN_GATES (/mnt/d/retro/ladybug/build/ladybug-perimeter-reset-helper.bin) = C9B0
Symbol: PRES_MAIN_INIT (/mnt/d/retro/ladybug/build/ladybug-perimeter-reset-helper.bin) = C154
Symbol: PRES_MAIN_MAZE (/mnt/d/retro/ladybug/build/ladybug-perimeter-reset-helper.bin) = C56B
Symbol: PRES_MAIN_NEXT_STAGE (/mnt/d/retro/ladybug/build/ladybug-perimeter-reset-helper.bin) = C1A5
Symbol: PRES_MAIN_PLAYER (/mnt/d/retro/ladybug/build/ladybug-perimeter-reset-helper.bin) = C9F5
Symbol: PRES_MAIN_PLAYER_TICK (/mnt/d/retro/ladybug/build/ladybug-perimeter-reset-helper.bin) = CA9E
Symbol: PRES_MAIN_READ_JOY (/mnt/d/retro/ladybug/build/ladybug-perimeter-reset-helper.bin) = CA15
Symbol: PRES_MAIN_RENDER (/mnt/d/retro/ladybug/build/ladybug-perimeter-reset-helper.bin) = D4E6
Symbol: PRES_MAIN_RESTORE_PLAYER (/mnt/d/retro/ladybug/build/ladybug-perimeter-reset-helper.bin) = D612
Symbol: PRES_MAIN_SAVE_PLAYER (/mnt/d/retro/ladybug/build/ladybug-perimeter-reset-helper.bin) = D5ED
Symbol: PRES_MODULE_COLD_PTR (/mnt/d/retro/ladybug/build/ladybug-perimeter-reset-helper.bin) = 1B8A
Symbol: PRES_MODULE_COLOUR_SURFACE (/mnt/d/retro/ladybug/build/ladybug-perimeter-reset-helper.bin) = 1D93
Symbol: PRES_MODULE_COLOUR_TILE (/mnt/d/retro/ladybug/build/ladybug-perimeter-reset-helper.bin) = 1D6D
Symbol: PRES_MODULE_DRAW_ACTOR (/mnt/d/retro/ladybug/build/ladybug-perimeter-reset-helper.bin) = 1D4F
Symbol: PRES_MODULE_DRAW_TILE (/mnt/d/retro/ladybug/build/ladybug-perimeter-reset-helper.bin) = 1B56
Symbol: PRES_MODULE_MAP_BACK (/mnt/d/retro/ladybug/build/ladybug-perimeter-reset-helper.bin) = 1BB5
Symbol: PRES_REMAIN (/mnt/d/retro/ladybug/build/ladybug-perimeter-reset-helper.bin) = 00B9
Symbol: PRES_TIMER (/mnt/d/retro/ladybug/build/ladybug-perimeter-reset-helper.bin) = 00B0
Symbol: PRESENTATION_ATTRACT_OVERLAY (/mnt/d/retro/ladybug/build/ladybug-perimeter-reset-helper.bin) = 06C9
Symbol: presentation_attract_overlay_impl (/mnt/d/retro/ladybug/build/ladybug-perimeter-reset-helper.bin) = 0786
Symbol: presentation_attract_phase (/mnt/d/retro/ladybug/build/ladybug-perimeter-reset-helper.bin) = 07E4
Symbol: PRESENTATION_HOLD_BEGIN (/mnt/d/retro/ladybug/build/ladybug-perimeter-reset-helper.bin) = 06C5
Symbol: presentation_hold_begin_impl (/mnt/d/retro/ladybug/build/ladybug-perimeter-reset-helper.bin) = 06CC
Symbol: PRESENTATION_HOLD_TICK (/mnt/d/retro/ladybug/build/ladybug-perimeter-reset-helper.bin) = 06C7
Symbol: presentation_hold_tick_impl (/mnt/d/retro/ladybug/build/ladybug-perimeter-reset-helper.bin) = 06DB
Symbol: PRESENTATION_MODULE_CAPTURE_BACK (/mnt/d/retro/ladybug/build/ladybug-perimeter-reset-helper.bin) = 0D91
Symbol: PRESENTATION_MODULE_MAP_BACK (/mnt/d/retro/ladybug/build/ladybug-perimeter-reset-helper.bin) = 1BB5
Symbol: presentation_phase_zero (/mnt/d/retro/ladybug/build/ladybug-perimeter-reset-helper.bin) = 07F3
