(gdb) >>>>>>>(gdb) 
RSCH009_BEGIN_2a776348cfb3e2b29a592aa40ddbeb5d
The target architecture is set to "m6809".

RSCH009_END_2a776348cfb3e2b29a592aa40ddbeb5d
(gdb) >>>>(gdb) 
RSCH009_BEGIN_9018cdd0592252979b93e307d0b6319a
warning: No executable has been specified and target does not support
determining executable automatically.  Try using the "file" command.
0x000005c0 in ?? ()

RSCH009_END_9018cdd0592252979b93e307d0b6319a
(gdb) >>>>(gdb) 
RSCH009_BEGIN_687b79a9de379b24706db541e8c8ecd2
Breakpoint 1 at 0xc0e3

RSCH009_END_687b79a9de379b24706db541e8c8ecd2
(gdb) >>>>(gdb) 
RSCH009_BEGIN_1dec57b5ece1ed4e660c95204f23053f

Breakpoint 1, 0x0000c0e3 in ?? ()

RSCH009_END_1dec57b5ece1ed4e660c95204f23053f
(gdb) >>>>(gdb) 
RSCH009_BEGIN_98787325cf0f9d0e79c31aa02ef46141
RSCH009_PC=49379

RSCH009_END_98787325cf0f9d0e79c31aa02ef46141
(gdb) >>>>>(gdb) 
RSCH009_BEGIN_8597eaeb599ed4e10a10dc3c49e71624
No breakpoints or watchpoints.

RSCH009_END_8597eaeb599ed4e10a10dc3c49e71624
(gdb) >>>>(gdb) 
RSCH009_BEGIN_62c7346d3c025658b674e856a62101d4
RSCH009_PC=49379

RSCH009_END_62c7346d3c025658b674e856a62101d4
(gdb) >>>>(gdb) 
RSCH009_BEGIN_d8c8e1623e0d09517474f33ca47d53fb

RSCH009_END_d8c8e1623e0d09517474f33ca47d53fb
(gdb) >>>>(gdb) 
RSCH009_BEGIN_358e3d7cbada05c50a035495b2fbbee3
RSCH009_PC=49379

RSCH009_END_358e3d7cbada05c50a035495b2fbbee3
(gdb) Remote communication error.  Target disconnected: Connection reset by peer.
