Symbol: abs_hundred (/mnt/e/projects/ladybug/repro/bug040/parent-first-candidate.rom) = C2DA
Symbol: abs_multiply (/mnt/e/projects/ladybug/repro/bug040/parent-first-candidate.rom) = C2D5
Symbol: abs_next (/mnt/e/projects/ladybug/repro/bug040/parent-first-candidate.rom) = C2EA
Symbol: abs_red (/mnt/e/projects/ladybug/repro/bug040/parent-first-candidate.rom) = C2D3
Symbol: abs_yellow (/mnt/e/projects/ladybug/repro/bug040/parent-first-candidate.rom) = C2CF
Symbol: add_bonus_score (/mnt/e/projects/ladybug/repro/bug040/parent-first-candidate.rom) = C2C1
Symbol: add_dot_score (/mnt/e/projects/ladybug/repro/bug040/parent-first-candidate.rom) = C291
Symbol: add_special_score (/mnt/e/projects/ladybug/repro/bug040/parent-first-candidate.rom) = C383
Symbol: ads_copy_high (/mnt/e/projects/ladybug/repro/bug040/parent-first-candidate.rom) = C2B2
Symbol: ads_ten_loop (/mnt/e/projects/ladybug/repro/bug040/parent-first-candidate.rom) = C295
Symbol: ads_ten_next (/mnt/e/projects/ladybug/repro/bug040/parent-first-candidate.rom) = C2AE
Symbol: alp_done (/mnt/e/projects/ladybug/repro/bug040/parent-first-candidate.rom) = C382
Symbol: alp_extra (/mnt/e/projects/ladybug/repro/bug040/parent-first-candidate.rom) = C346
Symbol: alp_extra_draw (/mnt/e/projects/ladybug/repro/bug040/parent-first-candidate.rom) = C35E
Symbol: alp_special (/mnt/e/projects/ladybug/repro/bug040/parent-first-candidate.rom) = C308
Symbol: alp_special_draw (/mnt/e/projects/ladybug/repro/bug040/parent-first-candidate.rom) = C321
Symbol: apply_letter_pickup (/mnt/e/projects/ladybug/repro/bug040/parent-first-candidate.rom) = C2FD
Symbol: asset_draw_hud_digit (/mnt/e/projects/ladybug/repro/bug040/parent-first-candidate.rom) = 121C2
Symbol: asset_draw_recolored_map_tile (/mnt/e/projects/ladybug/repro/bug040/parent-first-candidate.rom) = 121E0
Symbol: asset_draw_text_at_y (/mnt/e/projects/ladybug/repro/bug040/parent-first-candidate.rom) = 121DC
Symbol: asset_end (/mnt/e/projects/ladybug/repro/bug040/parent-first-candidate.rom) = 12420
Symbol: asset_start (/mnt/e/projects/ladybug/repro/bug040/parent-first-candidate.rom) = 10000
Symbol: AUDIO_ENGINE_BYTES (/mnt/e/projects/ladybug/repro/bug040/parent-first-candidate.rom) = 032C
Symbol: AUDIO_ENGINE_EXEC (/mnt/e/projects/ladybug/repro/bug040/parent-first-candidate.rom) = 0300
Symbol: AUDIO_ENQUEUE_EXEC (/mnt/e/projects/ladybug/repro/bug040/parent-first-candidate.rom) = 0306
Symbol: AUDIO_INIT_EXEC (/mnt/e/projects/ladybug/repro/bug040/parent-first-candidate.rom) = 0303
Symbol: AUDIO_INSTALL_EXEC (/mnt/e/projects/ladybug/repro/bug040/parent-first-candidate.rom) = A32C
Symbol: AUDIO_RUNTIME_ADDRESS (/mnt/e/projects/ladybug/repro/bug040/parent-first-candidate.rom) = A000
Symbol: AUDIO_RUNTIME_BYTES (/mnt/e/projects/ladybug/repro/bug040/parent-first-candidate.rom) = 130D
Symbol: AUDIO_RUNTIME_PAGE (/mnt/e/projects/ladybug/repro/bug040/parent-first-candidate.rom) = 003D
Symbol: bct_done (/mnt/e/projects/ladybug/repro/bug040/parent-first-candidate.rom) = C9A0
Symbol: bct_entities (/mnt/e/projects/ladybug/repro/bug040/parent-first-candidate.rom) = C99A
Symbol: bct_player_marked (/mnt/e/projects/ladybug/repro/bug040/parent-first-candidate.rom) = C992
Symbol: bct_redraw (/mnt/e/projects/ladybug/repro/bug040/parent-first-candidate.rom) = C981
Symbol: bct_to_red (/mnt/e/projects/ladybug/repro/bug040/parent-first-candidate.rom) = C971
Symbol: bct_to_yellow (/mnt/e/projects/ladybug/repro/bug040/parent-first-candidate.rom) = C97A
Symbol: begin_score_popup (/mnt/e/projects/ladybug/repro/bug040/parent-first-candidate.rom) = D38D
Symbol: bgel_entity (/mnt/e/projects/ladybug/repro/bug040/parent-first-candidate.rom) = D1C7
Symbol: bgel_gate (/mnt/e/projects/ladybug/repro/bug040/parent-first-candidate.rom) = D146
Symbol: bgel_neighbor_end_x (/mnt/e/projects/ladybug/repro/bug040/parent-first-candidate.rom) = D191
Symbol: bgel_neighbor_end_y (/mnt/e/projects/ladybug/repro/bug040/parent-first-candidate.rom) = D1A4
Symbol: bgel_neighbor_start_y (/mnt/e/projects/ladybug/repro/bug040/parent-first-candidate.rom) = D19A
Symbol: bgel_next (/mnt/e/projects/ladybug/repro/bug040/parent-first-candidate.rom) = D20F
Symbol: bgel_scan (/mnt/e/projects/ladybug/repro/bug040/parent-first-candidate.rom) = D1AD
Symbol: blit_packed_sprite (/mnt/e/projects/ladybug/repro/bug040/parent-first-candidate.rom) = D66D
Symbol: BLIT_ROWS (/mnt/e/projects/ladybug/repro/bug040/parent-first-candidate.rom) = 001B
Symbol: blit_tile (/mnt/e/projects/ladybug/repro/bug040/parent-first-candidate.rom) = D71B
Symbol: blit_transparent (/mnt/e/projects/ladybug/repro/bug040/parent-first-candidate.rom) = D737
Symbol: BLIT_WIDTH (/mnt/e/projects/ladybug/repro/bug040/parent-first-candidate.rom) = 001C
Symbol: BONUS_COLOR (/mnt/e/projects/ladybug/repro/bug040/parent-first-candidate.rom) = 002F
Symbol: bonus_color_tick (/mnt/e/projects/ladybug/repro/bug040/parent-first-candidate.rom) = C955
Symbol: BONUS_LEFT (/mnt/e/projects/ladybug/repro/bug040/parent-first-candidate.rom) = 0033
Symbol: BONUS_TIMER (/mnt/e/projects/ladybug/repro/bug040/parent-first-candidate.rom) = 0030
Symbol: BOOT_FLAG (/mnt/e/projects/ladybug/repro/bug040/parent-first-candidate.rom) = 02F0
Symbol: BOX_INDEX (/mnt/e/projects/ladybug/repro/bug040/parent-first-candidate.rom) = 004B
Symbol: BOX_PHASE (/mnt/e/projects/ladybug/repro/bug040/parent-first-candidate.rom) = 004C
Symbol: BOX_TIMER (/mnt/e/projects/ladybug/repro/bug040/parent-first-candidate.rom) = 004A
Symbol: bps_byte (/mnt/e/projects/ladybug/repro/bug040/parent-first-candidate.rom) = D675
Symbol: bps_row (/mnt/e/projects/ladybug/repro/bug040/parent-first-candidate.rom) = D671
Symbol: bsp_blue (/mnt/e/projects/ladybug/repro/bug040/parent-first-candidate.rom) = D39B
Symbol: bsp_frame (/mnt/e/projects/ladybug/repro/bug040/parent-first-candidate.rom) = D3A0
Symbol: bsp_yellow (/mnt/e/projects/ladybug/repro/bug040/parent-first-candidate.rom) = D39E
Symbol: btrow (/mnt/e/projects/ladybug/repro/bug040/parent-first-candidate.rom) = D722
Symbol: btt_byte (/mnt/e/projects/ladybug/repro/bug040/parent-first-candidate.rom) = D73F
Symbol: btt_high_opaque (/mnt/e/projects/ladybug/repro/bug040/parent-first-candidate.rom) = D748
Symbol: btt_low_opaque (/mnt/e/projects/ladybug/repro/bug040/parent-first-candidate.rom) = D74E
Symbol: btt_next_row (/mnt/e/projects/ladybug/repro/bug040/parent-first-candidate.rom) = D76C
Symbol: btt_row (/mnt/e/projects/ladybug/repro/bug040/parent-first-candidate.rom) = D73B
Symbol: btt_tile_row (/mnt/e/projects/ladybug/repro/bug040/parent-first-candidate.rom) = D768
Symbol: BUG011_DEVELOPMENT_PROFILE (/mnt/e/projects/ladybug/repro/bug040/parent-first-candidate.rom) = 0001
Symbol: build_gate_entity_lists (/mnt/e/projects/ladybug/repro/bug040/parent-first-candidate.rom) = D144
Symbol: cache_entity_operation (/mnt/e/projects/ladybug/repro/bug040/parent-first-candidate.rom) = C8DF
Symbol: cache_entity_overflow (/mnt/e/projects/ladybug/repro/bug040/parent-first-candidate.rom) = C8DD
Symbol: cache_entity_overlay (/mnt/e/projects/ladybug/repro/bug040/parent-first-candidate.rom) = C890
Symbol: can_move (/mnt/e/projects/ladybug/repro/bug040/parent-first-candidate.rom) = CD73
Symbol: cell_row_addresses (/mnt/e/projects/ladybug/repro/bug040/parent-first-candidate.rom) = D594
Symbol: ceo_byte (/mnt/e/projects/ladybug/repro/bug040/parent-first-candidate.rom) = C8B2
Symbol: ceo_long_delta (/mnt/e/projects/ladybug/repro/bug040/parent-first-candidate.rom) = C913
Symbol: ceo_pair (/mnt/e/projects/ladybug/repro/bug040/parent-first-candidate.rom) = C935
Symbol: ceo_preserve (/mnt/e/projects/ladybug/repro/bug040/parent-first-candidate.rom) = C94E
Symbol: ceo_row (/mnt/e/projects/ladybug/repro/bug040/parent-first-candidate.rom) = C8AE
Symbol: ceo_run_header_done (/mnt/e/projects/ladybug/repro/bug040/parent-first-candidate.rom) = C92B
Symbol: cep_check_clear (/mnt/e/projects/ladybug/repro/bug040/parent-first-candidate.rom) = D353
Symbol: cep_letter (/mnt/e/projects/ladybug/repro/bug040/parent-first-candidate.rom) = D350
Symbol: cep_loop (/mnt/e/projects/ladybug/repro/bug040/parent-first-candidate.rom) = D2DF
Symbol: cep_multiplier_five (/mnt/e/projects/ladybug/repro/bug040/parent-first-candidate.rom) = D344
Symbol: cep_next (/mnt/e/projects/ladybug/repro/bug040/parent-first-candidate.rom) = D51B
Symbol: cep_skull (/mnt/e/projects/ladybug/repro/bug040/parent-first-candidate.rom) = D35A
Symbol: cep_skull_loop (/mnt/e/projects/ladybug/repro/bug040/parent-first-candidate.rom) = D361
Symbol: cep_skull_next (/mnt/e/projects/ladybug/repro/bug040/parent-first-candidate.rom) = D371
Symbol: check_entity_pickup (/mnt/e/projects/ladybug/repro/bug040/parent-first-candidate.rom) = D2D8
Symbol: check_stage_clear (/mnt/e/projects/ladybug/repro/bug040/parent-first-candidate.rom) = C3F0
Symbol: clear_life_marker (/mnt/e/projects/ladybug/repro/bug040/parent-first-candidate.rom) = C540
Symbol: clm_row (/mnt/e/projects/ladybug/repro/bug040/parent-first-candidate.rom) = C55A
Symbol: clr_fb (/mnt/e/projects/ladybug/repro/bug040/parent-first-candidate.rom) = C07B
Symbol: cm_allowed (/mnt/e/projects/ladybug/repro/bug040/parent-first-candidate.rom) = CEC3
Symbol: cm_blocked (/mnt/e/projects/ladybug/repro/bug040/parent-first-candidate.rom) = CEC6
Symbol: cm_bounds (/mnt/e/projects/ladybug/repro/bug040/parent-first-candidate.rom) = CD97
Symbol: cm_check_vertical_passages (/mnt/e/projects/ladybug/repro/bug040/parent-first-candidate.rom) = CDEC
Symbol: cm_east (/mnt/e/projects/ladybug/repro/bug040/parent-first-candidate.rom) = CD91
Symbol: cm_east_style_done (/mnt/e/projects/ladybug/repro/bug040/parent-first-candidate.rom) = CE66
Symbol: cm_entry_masks (/mnt/e/projects/ladybug/repro/bug040/parent-first-candidate.rom) = CEC9
Symbol: cm_h_endpoint (/mnt/e/projects/ladybug/repro/bug040/parent-first-candidate.rom) = CE3C
Symbol: cm_north (/mnt/e/projects/ladybug/repro/bug040/parent-first-candidate.rom) = CD8D
Symbol: cm_north_style_done (/mnt/e/projects/ladybug/repro/bug040/parent-first-candidate.rom) = CE8E
Symbol: cm_pass_horizontal (/mnt/e/projects/ladybug/repro/bug040/parent-first-candidate.rom) = CE05
Symbol: cm_pass_vertical (/mnt/e/projects/ladybug/repro/bug040/parent-first-candidate.rom) = CE15
Symbol: cm_regular (/mnt/e/projects/ladybug/repro/bug040/parent-first-candidate.rom) = CEB0
Symbol: cm_rotate (/mnt/e/projects/ladybug/repro/bug040/parent-first-candidate.rom) = CE9D
Symbol: cm_set_east (/mnt/e/projects/ladybug/repro/bug040/parent-first-candidate.rom) = CE5C
Symbol: cm_set_north (/mnt/e/projects/ladybug/repro/bug040/parent-first-candidate.rom) = CE84
Symbol: cm_set_south (/mnt/e/projects/ladybug/repro/bug040/parent-first-candidate.rom) = CE91
Symbol: cm_set_west (/mnt/e/projects/ladybug/repro/bug040/parent-first-candidate.rom) = CE4E
Symbol: cm_south (/mnt/e/projects/ladybug/repro/bug040/parent-first-candidate.rom) = CD95
Symbol: cm_south_style_done (/mnt/e/projects/ladybug/repro/bug040/parent-first-candidate.rom) = CE9B
Symbol: cm_try_rotate (/mnt/e/projects/ladybug/repro/bug040/parent-first-candidate.rom) = CE25
Symbol: cm_v_endpoint (/mnt/e/projects/ladybug/repro/bug040/parent-first-candidate.rom) = CE74
Symbol: cm_vertical_bar (/mnt/e/projects/ladybug/repro/bug040/parent-first-candidate.rom) = CE6A
Symbol: cm_west_style_done (/mnt/e/projects/ladybug/repro/bug040/parent-first-candidate.rom) = CE58
Symbol: COLOR_BLUE (/mnt/e/projects/ladybug/repro/bug040/parent-first-candidate.rom) = 0003
Symbol: COLOR_GREEN (/mnt/e/projects/ladybug/repro/bug040/parent-first-candidate.rom) = 0005
Symbol: COLOR_LIGHT_GREEN (/mnt/e/projects/ladybug/repro/bug040/parent-first-candidate.rom) = 0008
Symbol: COLOR_PINK (/mnt/e/projects/ladybug/repro/bug040/parent-first-candidate.rom) = 0004
Symbol: COLOR_RED (/mnt/e/projects/ladybug/repro/bug040/parent-first-candidate.rom) = 0001
Symbol: COLOR_WHITE (/mnt/e/projects/ladybug/repro/bug040/parent-first-candidate.rom) = 0006
Symbol: COLOR_YELLOW (/mnt/e/projects/ladybug/repro/bug040/parent-first-candidate.rom) = 0002
Symbol: colour_lut (/mnt/e/projects/ladybug/repro/bug040/parent-first-candidate.rom) = 11D30
Symbol: COMPLETE_PROFILE (/mnt/e/projects/ladybug/repro/bug040/parent-first-candidate.rom) = 0001
Symbol: csc_done (/mnt/e/projects/ladybug/repro/bug040/parent-first-candidate.rom) = C3FE
Symbol: dag_loop (/mnt/e/projects/ladybug/repro/bug040/parent-first-candidate.rom) = CEF0
Symbol: dbl_byte (/mnt/e/projects/ladybug/repro/bug040/parent-first-candidate.rom) = C501
Symbol: de_loop (/mnt/e/projects/ladybug/repro/bug040/parent-first-candidate.rom) = C6DD
Symbol: de_next (/mnt/e/projects/ladybug/repro/bug040/parent-first-candidate.rom) = C6F9
Symbol: de_normal (/mnt/e/projects/ladybug/repro/bug040/parent-first-candidate.rom) = C6D1
Symbol: DEATH_ANGEL_FRAME (/mnt/e/projects/ladybug/repro/bug040/parent-first-candidate.rom) = 000D
Symbol: DEATH_FRAME (/mnt/e/projects/ladybug/repro/bug040/parent-first-candidate.rom) = 004E
Symbol: DEATH_FRAME_COUNT (/mnt/e/projects/ladybug/repro/bug040/parent-first-candidate.rom) = 000E
Symbol: death_sparse_frame_0 (/mnt/e/projects/ladybug/repro/bug040/parent-first-candidate.rom) = D804
Symbol: death_sparse_frame_1 (/mnt/e/projects/ladybug/repro/bug040/parent-first-candidate.rom) = D879
Symbol: death_sparse_frame_10 (/mnt/e/projects/ladybug/repro/bug040/parent-first-candidate.rom) = DA85
Symbol: death_sparse_frame_11 (/mnt/e/projects/ladybug/repro/bug040/parent-first-candidate.rom) = DAD9
Symbol: death_sparse_frame_12 (/mnt/e/projects/ladybug/repro/bug040/parent-first-candidate.rom) = DB24
Symbol: death_sparse_frame_13 (/mnt/e/projects/ladybug/repro/bug040/parent-first-candidate.rom) = DB86
Symbol: death_sparse_frame_2 (/mnt/e/projects/ladybug/repro/bug040/parent-first-candidate.rom) = D8EB
Symbol: death_sparse_frame_3 (/mnt/e/projects/ladybug/repro/bug040/parent-first-candidate.rom) = D955
Symbol: death_sparse_frame_4 (/mnt/e/projects/ladybug/repro/bug040/parent-first-candidate.rom) = D993
Symbol: death_sparse_frame_5 (/mnt/e/projects/ladybug/repro/bug040/parent-first-candidate.rom) = D9C5
Symbol: death_sparse_frame_6 (/mnt/e/projects/ladybug/repro/bug040/parent-first-candidate.rom) = D9DF
Symbol: death_sparse_frame_7 (/mnt/e/projects/ladybug/repro/bug040/parent-first-candidate.rom) = D9F1
Symbol: death_sparse_frame_8 (/mnt/e/projects/ladybug/repro/bug040/parent-first-candidate.rom) = DA0B
Symbol: death_sparse_frame_9 (/mnt/e/projects/ladybug/repro/bug040/parent-first-candidate.rom) = DA43
Symbol: death_sparse_streams (/mnt/e/projects/ladybug/repro/bug040/parent-first-candidate.rom) = D7E8
Symbol: DEATH_STATE (/mnt/e/projects/ladybug/repro/bug040/parent-first-candidate.rom) = 004D
Symbol: death_tick (/mnt/e/projects/ladybug/repro/bug040/parent-first-candidate.rom) = D41F
Symbol: DEATH_TIMER (/mnt/e/projects/ladybug/repro/bug040/parent-first-candidate.rom) = 003A
Symbol: DEATH_WING_FIRST (/mnt/e/projects/ladybug/repro/bug040/parent-first-candidate.rom) = 0007
Symbol: deo_bonus (/mnt/e/projects/ladybug/repro/bug040/parent-first-candidate.rom) = C817
Symbol: deo_byte (/mnt/e/projects/ladybug/repro/bug040/parent-first-candidate.rom) = C859
Symbol: deo_destination (/mnt/e/projects/ladybug/repro/bug040/parent-first-candidate.rom) = C839
Symbol: deo_red (/mnt/e/projects/ladybug/repro/bug040/parent-first-candidate.rom) = C82F
Symbol: deo_row (/mnt/e/projects/ladybug/repro/bug040/parent-first-candidate.rom) = C855
Symbol: deo_yellow (/mnt/e/projects/ladybug/repro/bug040/parent-first-candidate.rom) = C835
Symbol: dez_bonus (/mnt/e/projects/ladybug/repro/bug040/parent-first-candidate.rom) = C76D
Symbol: dez_byte (/mnt/e/projects/ladybug/repro/bug040/parent-first-candidate.rom) = C79D
Symbol: dez_colour (/mnt/e/projects/ladybug/repro/bug040/parent-first-candidate.rom) = C761
Symbol: dez_done (/mnt/e/projects/ladybug/repro/bug040/parent-first-candidate.rom) = C7D7
Symbol: dez_loop (/mnt/e/projects/ladybug/repro/bug040/parent-first-candidate.rom) = C714
Symbol: dez_lower_full (/mnt/e/projects/ladybug/repro/bug040/parent-first-candidate.rom) = C73A
Symbol: dez_next (/mnt/e/projects/ladybug/repro/bug040/parent-first-candidate.rom) = C7CF
Symbol: dez_one_row (/mnt/e/projects/ladybug/repro/bug040/parent-first-candidate.rom) = C795
Symbol: dez_red (/mnt/e/projects/ladybug/repro/bug040/parent-first-candidate.rom) = C77D
Symbol: dez_row (/mnt/e/projects/ladybug/repro/bug040/parent-first-candidate.rom) = C799
Symbol: dez_row_count (/mnt/e/projects/ladybug/repro/bug040/parent-first-candidate.rom) = C797
Symbol: dez_rows (/mnt/e/projects/ladybug/repro/bug040/parent-first-candidate.rom) = C787
Symbol: dez_select (/mnt/e/projects/ladybug/repro/bug040/parent-first-candidate.rom) = C74C
Symbol: dez_upper (/mnt/e/projects/ladybug/repro/bug040/parent-first-candidate.rom) = C740
Symbol: dez_yellow (/mnt/e/projects/ladybug/repro/bug040/parent-first-candidate.rom) = C783
Symbol: dg_done (/mnt/e/projects/ladybug/repro/bug040/parent-first-candidate.rom) = CEED
Symbol: dg_restore (/mnt/e/projects/ladybug/repro/bug040/parent-first-candidate.rom) = CF5A
Symbol: dg_tiles (/mnt/e/projects/ladybug/repro/bug040/parent-first-candidate.rom) = CF9B
Symbol: dgd_no_neighbor (/mnt/e/projects/ladybug/repro/bug040/parent-first-candidate.rom) = CFCA
Symbol: dgd_tile (/mnt/e/projects/ladybug/repro/bug040/parent-first-candidate.rom) = CFE2
Symbol: dge_done (/mnt/e/projects/ladybug/repro/bug040/parent-first-candidate.rom) = D259
Symbol: dge_loop (/mnt/e/projects/ladybug/repro/bug040/parent-first-candidate.rom) = D244
Symbol: dge_next (/mnt/e/projects/ladybug/repro/bug040/parent-first-candidate.rom) = D255
Symbol: dge_skip (/mnt/e/projects/ladybug/repro/bug040/parent-first-candidate.rom) = D253
Symbol: dgt_done (/mnt/e/projects/ladybug/repro/bug040/parent-first-candidate.rom) = D06A
Symbol: dgt_extended (/mnt/e/projects/ladybug/repro/bug040/parent-first-candidate.rom) = D064
Symbol: dgt_final (/mnt/e/projects/ladybug/repro/bug040/parent-first-candidate.rom) = D038
Symbol: dgt_index (/mnt/e/projects/ladybug/repro/bug040/parent-first-candidate.rom) = D03A
Symbol: dgt_length (/mnt/e/projects/ladybug/repro/bug040/parent-first-candidate.rom) = D059
Symbol: dgt_store (/mnt/e/projects/ladybug/repro/bug040/parent-first-candidate.rom) = D05B
Symbol: dgt_token (/mnt/e/projects/ladybug/repro/bug040/parent-first-candidate.rom) = D04F
Symbol: dhu_mod10 (/mnt/e/projects/ladybug/repro/bug040/parent-first-candidate.rom) = C468
Symbol: dhu_stage_digit (/mnt/e/projects/ladybug/repro/bug040/parent-first-candidate.rom) = C470
Symbol: DIR_EAST (/mnt/e/projects/ladybug/repro/bug040/parent-first-candidate.rom) = 0001
Symbol: DIR_NONE (/mnt/e/projects/ladybug/repro/bug040/parent-first-candidate.rom) = 00FF
Symbol: DIR_NORTH (/mnt/e/projects/ladybug/repro/bug040/parent-first-candidate.rom) = 0000
Symbol: DIR_SOUTH (/mnt/e/projects/ladybug/repro/bug040/parent-first-candidate.rom) = 0002
Symbol: DIR_WEST (/mnt/e/projects/ladybug/repro/bug040/parent-first-candidate.rom) = 0003
Symbol: dl_erase (/mnt/e/projects/ladybug/repro/bug040/parent-first-candidate.rom) = C534
Symbol: dl_marker (/mnt/e/projects/ladybug/repro/bug040/parent-first-candidate.rom) = C51E
Symbol: dl_next (/mnt/e/projects/ladybug/repro/bug040/parent-first-candidate.rom) = C537
Symbol: dmh_draw (/mnt/e/projects/ladybug/repro/bug040/parent-first-candidate.rom) = C3AD
Symbol: dmh_three (/mnt/e/projects/ladybug/repro/bug040/parent-first-candidate.rom) = C3AB
Symbol: dmh_two (/mnt/e/projects/ladybug/repro/bug040/parent-first-candidate.rom) = C3A7
Symbol: dmsc_dot (/mnt/e/projects/ladybug/repro/bug040/parent-first-candidate.rom) = D565
Symbol: dmsc_draw (/mnt/e/projects/ladybug/repro/bug040/parent-first-candidate.rom) = D567
Symbol: DOTS_LEFT (/mnt/e/projects/ladybug/repro/bug040/parent-first-candidate.rom) = 0025
Symbol: dpb_byte (/mnt/e/projects/ladybug/repro/bug040/parent-first-candidate.rom) = CA4F
Symbol: dpb_low (/mnt/e/projects/ladybug/repro/bug040/parent-first-candidate.rom) = CA69
Symbol: dpb_row (/mnt/e/projects/ladybug/repro/bug040/parent-first-candidate.rom) = CA4B
Symbol: dpb_store (/mnt/e/projects/ladybug/repro/bug040/parent-first-candidate.rom) = CA79
Symbol: dpm_done (/mnt/e/projects/ladybug/repro/bug040/parent-first-candidate.rom) = D41E
Symbol: dpm_select (/mnt/e/projects/ladybug/repro/bug040/parent-first-candidate.rom) = D407
Symbol: dpm_three (/mnt/e/projects/ladybug/repro/bug040/parent-first-candidate.rom) = D405
Symbol: dpm_two (/mnt/e/projects/ladybug/repro/bug040/parent-first-candidate.rom) = D402
Symbol: draw_all_gates (/mnt/e/projects/ladybug/repro/bug040/parent-first-candidate.rom) = CEEE
Symbol: draw_authored_hud_tile (/mnt/e/projects/ladybug/repro/bug040/parent-first-candidate.rom) = C57F
Symbol: draw_bcd_line (/mnt/e/projects/ladybug/repro/bug040/parent-first-candidate.rom) = C4F9
Symbol: draw_cell_overlay (/mnt/e/projects/ladybug/repro/bug040/parent-first-candidate.rom) = D5CB
Symbol: draw_cell_tile (/mnt/e/projects/ladybug/repro/bug040/parent-first-candidate.rom) = D5C4
Symbol: DRAW_COUNT (/mnt/e/projects/ladybug/repro/bug040/parent-first-candidate.rom) = 0016
Symbol: draw_death_frame (/mnt/e/projects/ladybug/repro/bug040/parent-first-candidate.rom) = D507
Symbol: draw_entities (/mnt/e/projects/ladybug/repro/bug040/parent-first-candidate.rom) = C6C1
Symbol: draw_entity_object (/mnt/e/projects/ladybug/repro/bug040/parent-first-candidate.rom) = C7F5
Symbol: draw_entity_zone_overlay (/mnt/e/projects/ladybug/repro/bug040/parent-first-candidate.rom) = C709
Symbol: draw_gate (/mnt/e/projects/ladybug/repro/bug040/parent-first-candidate.rom) = CED7
Symbol: draw_gate_diagonal (/mnt/e/projects/ladybug/repro/bug040/parent-first-candidate.rom) = CFB5
Symbol: draw_gate_entities (/mnt/e/projects/ladybug/repro/bug040/parent-first-candidate.rom) = D229
Symbol: draw_gate_overlay (/mnt/e/projects/ladybug/repro/bug040/parent-first-candidate.rom) = CF74
Symbol: draw_gate_transition (/mnt/e/projects/ladybug/repro/bug040/parent-first-candidate.rom) = CFFF
Symbol: draw_hud (/mnt/e/projects/ladybug/repro/bug040/parent-first-candidate.rom) = C43E
Symbol: draw_hud_digit (/mnt/e/projects/ladybug/repro/bug040/parent-first-candidate.rom) = 121C2
Symbol: draw_hud_tile (/mnt/e/projects/ladybug/repro/bug040/parent-first-candidate.rom) = C58E
Symbol: draw_life_marker (/mnt/e/projects/ladybug/repro/bug040/parent-first-candidate.rom) = C56E
Symbol: draw_lives (/mnt/e/projects/ladybug/repro/bug040/parent-first-candidate.rom) = C51C
Symbol: draw_maze_state_cell (/mnt/e/projects/ladybug/repro/bug040/parent-first-candidate.rom) = D541
Symbol: draw_multiplier_hud (/mnt/e/projects/ladybug/repro/bug040/parent-first-candidate.rom) = C399
Symbol: draw_perimeter_box (/mnt/e/projects/ladybug/repro/bug040/parent-first-candidate.rom) = CA32
Symbol: draw_player (/mnt/e/projects/ladybug/repro/bug040/parent-first-candidate.rom) = D62B
Symbol: draw_popup_multiplier (/mnt/e/projects/ladybug/repro/bug040/parent-first-candidate.rom) = D3F0
Symbol: draw_recolored_map_tile (/mnt/e/projects/ladybug/repro/bug040/parent-first-candidate.rom) = 121E0
Symbol: draw_score_popup (/mnt/e/projects/ladybug/repro/bug040/parent-first-candidate.rom) = D3C6
Symbol: draw_screen (/mnt/e/projects/ladybug/repro/bug040/parent-first-candidate.rom) = D6F6
Symbol: draw_text_at_y (/mnt/e/projects/ladybug/repro/bug040/parent-first-candidate.rom) = 121DC
Symbol: DRAW_TILE (/mnt/e/projects/ladybug/repro/bug040/parent-first-candidate.rom) = 0017
Symbol: draw_vegetable_hud (/mnt/e/projects/ladybug/repro/bug040/parent-first-candidate.rom) = C477
Symbol: draw_word_progress_hud (/mnt/e/projects/ladybug/repro/bug040/parent-first-candidate.rom) = C3FF
Symbol: ds_column (/mnt/e/projects/ladybug/repro/bug040/parent-first-candidate.rom) = D703
Symbol: ds_row (/mnt/e/projects/ladybug/repro/bug040/parent-first-candidate.rom) = D6FF
Symbol: dt_blank (/mnt/e/projects/ladybug/repro/bug040/parent-first-candidate.rom) = D4D6
Symbol: dt_done (/mnt/e/projects/ladybug/repro/bug040/parent-first-candidate.rom) = D506
Symbol: dt_finish_blank (/mnt/e/projects/ladybug/repro/bug040/parent-first-candidate.rom) = D4DD
Symbol: dt_finish_wings (/mnt/e/projects/ladybug/repro/bug040/parent-first-candidate.rom) = D4CD
Symbol: dt_first_circle (/mnt/e/projects/ladybug/repro/bug040/parent-first-candidate.rom) = D464
Symbol: dt_game_over (/mnt/e/projects/ladybug/repro/bug040/parent-first-candidate.rom) = D4F8
Symbol: dt_mark_render (/mnt/e/projects/ladybug/repro/bug040/parent-first-candidate.rom) = D436
Symbol: dt_shrink (/mnt/e/projects/ladybug/repro/bug040/parent-first-candidate.rom) = D44D
Symbol: dt_shrink_divide (/mnt/e/projects/ladybug/repro/bug040/parent-first-candidate.rom) = D457
Symbol: dt_shrink_draw (/mnt/e/projects/ladybug/repro/bug040/parent-first-candidate.rom) = D466
Symbol: dt_shrink_frame (/mnt/e/projects/ladybug/repro/bug040/parent-first-candidate.rom) = D460
Symbol: dt_swing_hidden (/mnt/e/projects/ladybug/repro/bug040/parent-first-candidate.rom) = D4CA
Symbol: dt_swing_horizontal (/mnt/e/projects/ladybug/repro/bug040/parent-first-candidate.rom) = D4AC
Symbol: dt_swing_left (/mnt/e/projects/ladybug/repro/bug040/parent-first-candidate.rom) = D4C2
Symbol: dt_swing_phase (/mnt/e/projects/ladybug/repro/bug040/parent-first-candidate.rom) = D495
Symbol: dt_swing_quarter (/mnt/e/projects/ladybug/repro/bug040/parent-first-candidate.rom) = D48C
Symbol: dt_swing_rise (/mnt/e/projects/ladybug/repro/bug040/parent-first-candidate.rom) = D4A8
Symbol: dt_swing_store (/mnt/e/projects/ladybug/repro/bug040/parent-first-candidate.rom) = D4C4
Symbol: dt_wings (/mnt/e/projects/ladybug/repro/bug040/parent-first-candidate.rom) = D477
Symbol: dvh_stage_ok (/mnt/e/projects/ladybug/repro/bug040/parent-first-candidate.rom) = C47F
Symbol: dwph_extra (/mnt/e/projects/ladybug/repro/bug040/parent-first-candidate.rom) = C426
Symbol: dwph_extra_next (/mnt/e/projects/ladybug/repro/bug040/parent-first-candidate.rom) = C435
Symbol: dwph_special (/mnt/e/projects/ladybug/repro/bug040/parent-first-candidate.rom) = C407
Symbol: dwph_special_next (/mnt/e/projects/ladybug/repro/bug040/parent-first-candidate.rom) = C416
Symbol: dynamic_descriptors (/mnt/e/projects/ladybug/repro/bug040/parent-first-candidate.rom) = 11FC2
Symbol: dynamic_dispatch (/mnt/e/projects/ladybug/repro/bug040/parent-first-candidate.rom) = 12379
Symbol: dynamic_graphic (/mnt/e/projects/ladybug/repro/bug040/parent-first-candidate.rom) = 1238F
Symbol: dynamic_index (/mnt/e/projects/ladybug/repro/bug040/parent-first-candidate.rom) = 1237A
Symbol: eat_dot (/mnt/e/projects/ladybug/repro/bug040/parent-first-candidate.rom) = D5D6
Symbol: ed_done (/mnt/e/projects/ladybug/repro/bug040/parent-first-candidate.rom) = D600
Symbol: eef_loop (/mnt/e/projects/ladybug/repro/bug040/parent-first-candidate.rom) = C7DF
Symbol: ENEMY_ACTIVE (/mnt/e/projects/ladybug/repro/bug040/parent-first-candidate.rom) = 0058
Symbol: ENEMY_ANIM (/mnt/e/projects/ladybug/repro/bug040/parent-first-candidate.rom) = 0054
Symbol: ENEMY_BG_RING (/mnt/e/projects/ladybug/repro/bug040/parent-first-candidate.rom) = A898
Symbol: ENEMY_CAPTURE_DIRTY (/mnt/e/projects/ladybug/repro/bug040/parent-first-candidate.rom) = 009B
Symbol: enemy_collect (/mnt/e/projects/ladybug/repro/bug040/parent-first-candidate.rom) = D669
Symbol: ENEMY_DEATH_LATCH (/mnt/e/projects/ladybug/repro/bug040/parent-first-candidate.rom) = 0062
Symbol: ENEMY_FB (/mnt/e/projects/ladybug/repro/bug040/parent-first-candidate.rom) = 57EC
Symbol: ENEMY_MODULE_COLLECT (/mnt/e/projects/ladybug/repro/bug040/parent-first-candidate.rom) = 0809
Symbol: ENEMY_MODULE_INIT (/mnt/e/projects/ladybug/repro/bug040/parent-first-candidate.rom) = 0800
Symbol: ENEMY_MODULE_RELEASE (/mnt/e/projects/ladybug/repro/bug040/parent-first-candidate.rom) = 0806
Symbol: ENEMY_MODULE_RENDER (/mnt/e/projects/ladybug/repro/bug040/parent-first-candidate.rom) = 0815
Symbol: ENEMY_MODULE_TICK (/mnt/e/projects/ladybug/repro/bug040/parent-first-candidate.rom) = 0803
Symbol: ENEMY_MOVE (/mnt/e/projects/ladybug/repro/bug040/parent-first-candidate.rom) = 0061
Symbol: ENEMY_NEST_DIRTY (/mnt/e/projects/ladybug/repro/bug040/parent-first-candidate.rom) = 0060
Symbol: ENEMY_OLD_FB (/mnt/e/projects/ladybug/repro/bug040/parent-first-candidate.rom) = A890
Symbol: ENEMY_OLD_VALID (/mnt/e/projects/ladybug/repro/bug040/parent-first-candidate.rom) = 0086
Symbol: ENEMY_PTR (/mnt/e/projects/ladybug/repro/bug040/parent-first-candidate.rom) = 005E
Symbol: enemy_release (/mnt/e/projects/ladybug/repro/bug040/parent-first-candidate.rom) = D665
Symbol: ENEMY_RELEASED (/mnt/e/projects/ladybug/repro/bug040/parent-first-candidate.rom) = 0059
Symbol: ENEMY_RENDER_FLAGS (/mnt/e/projects/ladybug/repro/bug040/parent-first-candidate.rom) = 0087
Symbol: ENEMY_TABLE (/mnt/e/projects/ladybug/repro/bug040/parent-first-candidate.rom) = A470
Symbol: enemy_tick (/mnt/e/projects/ladybug/repro/bug040/parent-first-candidate.rom) = D655
Symbol: ENEMY_TIMER (/mnt/e/projects/ladybug/repro/bug040/parent-first-candidate.rom) = 0055
Symbol: ENEMY_WORK (/mnt/e/projects/ladybug/repro/bug040/parent-first-candidate.rom) = 005D
Symbol: ENEMY_ZONE_BG (/mnt/e/projects/ladybug/repro/bug040/parent-first-candidate.rom) = A490
Symbol: ENEMY_ZONE_STAGE (/mnt/e/projects/ladybug/repro/bug040/parent-first-candidate.rom) = 1800
Symbol: ENTITY_COUNT (/mnt/e/projects/ladybug/repro/bug040/parent-first-candidate.rom) = 0032
Symbol: ENTITY_GATE_CACHE (/mnt/e/projects/ladybug/repro/bug040/parent-first-candidate.rom) = B000
Symbol: ENTITY_HEART (/mnt/e/projects/ladybug/repro/bug040/parent-first-candidate.rom) = 0002
Symbol: ENTITY_LETTER (/mnt/e/projects/ladybug/repro/bug040/parent-first-candidate.rom) = 0003
Symbol: ENTITY_NONE (/mnt/e/projects/ladybug/repro/bug040/parent-first-candidate.rom) = 0000
Symbol: ENTITY_PTR (/mnt/e/projects/ladybug/repro/bug040/parent-first-candidate.rom) = 003E
Symbol: ENTITY_SKULL (/mnt/e/projects/ladybug/repro/bug040/parent-first-candidate.rom) = 0001
Symbol: ENTITY_TABLE (/mnt/e/projects/ladybug/repro/bug040/parent-first-candidate.rom) = A380
Symbol: ENTITY_TOTAL (/mnt/e/projects/ladybug/repro/bug040/parent-first-candidate.rom) = 0049
Symbol: ENTITY_TYPE (/mnt/e/projects/ladybug/repro/bug040/parent-first-candidate.rom) = 0038
Symbol: ENTITY_VARIANT (/mnt/e/projects/ladybug/repro/bug040/parent-first-candidate.rom) = 0039
Symbol: ENTITY_WORK (/mnt/e/projects/ladybug/repro/bug040/parent-first-candidate.rom) = 0048
Symbol: ENTITY_X (/mnt/e/projects/ladybug/repro/bug040/parent-first-candidate.rom) = 0036
Symbol: ENTITY_Y (/mnt/e/projects/ladybug/repro/bug040/parent-first-candidate.rom) = 0037
Symbol: entry (/mnt/e/projects/ladybug/repro/bug040/parent-first-candidate.rom) = C002
Symbol: ENTRY_INACTIVE (/mnt/e/projects/ladybug/repro/bug040/parent-first-candidate.rom) = 0000
Symbol: ENTRY_MAZE_ENTRY (/mnt/e/projects/ladybug/repro/bug040/parent-first-candidate.rom) = 0004
Symbol: ENTRY_OFFSCREEN (/mnt/e/projects/ladybug/repro/bug040/parent-first-candidate.rom) = 0003
Symbol: entry_ram_loaded (/mnt/e/projects/ladybug/repro/bug040/parent-first-candidate.rom) = C033
Symbol: ENTRY_WAIT_STAGE (/mnt/e/projects/ladybug/repro/bug040/parent-first-candidate.rom) = 0001
Symbol: ENTRY_WALKOUT (/mnt/e/projects/ladybug/repro/bug040/parent-first-candidate.rom) = 0002
Symbol: epb_done (/mnt/e/projects/ladybug/repro/bug040/parent-first-candidate.rom) = CD68
Symbol: erase_entity_footprints (/mnt/e/projects/ladybug/repro/bug040/parent-first-candidate.rom) = C7D8
Symbol: ERF_DIRTY (/mnt/e/projects/ladybug/repro/bug040/parent-first-candidate.rom) = 0002
Symbol: ERF_INIT (/mnt/e/projects/ladybug/repro/bug040/parent-first-candidate.rom) = 0001
Symbol: ERF_ZONE_ENTITY (/mnt/e/projects/ladybug/repro/bug040/parent-first-candidate.rom) = 0080
Symbol: ERF_ZONE_ENTITY_LOWER (/mnt/e/projects/ladybug/repro/bug040/parent-first-candidate.rom) = 0040
Symbol: etw_done (/mnt/e/projects/ladybug/repro/bug040/parent-first-candidate.rom) = D664
Symbol: expose_player_background (/mnt/e/projects/ladybug/repro/bug040/parent-first-candidate.rom) = CD62
Symbol: EXTRA_BITS (/mnt/e/projects/ladybug/repro/bug040/parent-first-candidate.rom) = 003D
Symbol: extra_letter_bits (/mnt/e/projects/ladybug/repro/bug040/parent-first-candidate.rom) = C3D8
Symbol: extra_letter_x (/mnt/e/projects/ladybug/repro/bug040/parent-first-candidate.rom) = C3E4
Symbol: FB_BACK_ID (/mnt/e/projects/ladybug/repro/bug040/parent-first-candidate.rom) = 0090
Symbol: FB_COMMIT_SEQ (/mnt/e/projects/ladybug/repro/bug040/parent-first-candidate.rom) = 0092
Symbol: FB_END (/mnt/e/projects/ladybug/repro/bug040/parent-first-candidate.rom) = 9800
Symbol: FB_FRONT_ID (/mnt/e/projects/ladybug/repro/bug040/parent-first-candidate.rom) = 008F
Symbol: FB_INIT_STATE (/mnt/e/projects/ladybug/repro/bug040/parent-first-candidate.rom) = 009A
Symbol: FB_META_A (/mnt/e/projects/ladybug/repro/bug040/parent-first-candidate.rom) = A900
Symbol: FB_META_B (/mnt/e/projects/ladybug/repro/bug040/parent-first-candidate.rom) = AA00
Symbol: FB_MISSED_COMMIT (/mnt/e/projects/ladybug/repro/bug040/parent-first-candidate.rom) = 0096
Symbol: FB_MODULE_INIT (/mnt/e/projects/ladybug/repro/bug040/parent-first-candidate.rom) = 081B
Symbol: FB_MODULE_IRQ (/mnt/e/projects/ladybug/repro/bug040/parent-first-candidate.rom) = 081E
Symbol: FB_PHYS (/mnt/e/projects/ladybug/repro/bug040/parent-first-candidate.rom) = 0030
Symbol: FB_RENDER_ACTIVE (/mnt/e/projects/ladybug/repro/bug040/parent-first-candidate.rom) = 0098
Symbol: FB_RENDER_PENDING (/mnt/e/projects/ladybug/repro/bug040/parent-first-candidate.rom) = 0091
Symbol: FB_SIM_SEQ (/mnt/e/projects/ladybug/repro/bug040/parent-first-candidate.rom) = 0094
Symbol: FB_VIRT (/mnt/e/projects/ladybug/repro/bug040/parent-first-candidate.rom) = 2000
Symbol: FB_WRITE_FRONT_FAULT (/mnt/e/projects/ladybug/repro/bug040/parent-first-candidate.rom) = 0099
Symbol: FBM_DAMAGE (/mnt/e/projects/ladybug/repro/bug040/parent-first-candidate.rom) = 0001
Symbol: FBM_PENDING_INTENTS (/mnt/e/projects/ladybug/repro/bug040/parent-first-candidate.rom) = 00A0
Symbol: FBM_PLAYER_RESERVED (/mnt/e/projects/ladybug/repro/bug040/parent-first-candidate.rom) = 0003
Symbol: FBM_PLAYER_VALID (/mnt/e/projects/ladybug/repro/bug040/parent-first-candidate.rom) = 0002
Symbol: fga_done (/mnt/e/projects/ladybug/repro/bug040/parent-first-candidate.rom) = D0BC
Symbol: finish_gate_animation (/mnt/e/projects/ladybug/repro/bug040/parent-first-candidate.rom) = D0AF
Symbol: font (/mnt/e/projects/ladybug/repro/bug040/parent-first-candidate.rom) = 11BE8
Symbol: fpg_no (/mnt/e/projects/ladybug/repro/bug040/parent-first-candidate.rom) = D0AC
Symbol: fpg_ready (/mnt/e/projects/ladybug/repro/bug040/parent-first-candidate.rom) = D0A9
Symbol: fpg_second (/mnt/e/projects/ladybug/repro/bug040/parent-first-candidate.rom) = D09F
Symbol: framebuffer_project_gate_only (/mnt/e/projects/ladybug/repro/bug040/parent-first-candidate.rom) = D073
Symbol: FRAMES (/mnt/e/projects/ladybug/repro/bug040/parent-first-candidate.rom) = 0002
Symbol: FREEZE_TIMER (/mnt/e/projects/ladybug/repro/bug040/parent-first-candidate.rom) = 005B
Symbol: gameplay_descriptors (/mnt/e/projects/ladybug/repro/bug040/parent-first-candidate.rom) = 11F70
Symbol: gameplay_dispatch (/mnt/e/projects/ladybug/repro/bug040/parent-first-candidate.rom) = 122F2
Symbol: gameplay_text (/mnt/e/projects/ladybug/repro/bug040/parent-first-candidate.rom) = 12304
Symbol: GATE_ANIM_ID (/mnt/e/projects/ladybug/repro/bug040/parent-first-candidate.rom) = 0019
Symbol: GATE_ANIM_STYLE (/mnt/e/projects/ladybug/repro/bug040/parent-first-candidate.rom) = 001A
Symbol: gate_background_index (/mnt/e/projects/ladybug/repro/bug040/parent-first-candidate.rom) = 11056
Symbol: gate_background_tiles (/mnt/e/projects/ladybug/repro/bug040/parent-first-candidate.rom) = 1106A
Symbol: GATE_COMPOSE_MODE (/mnt/e/projects/ladybug/repro/bug040/parent-first-candidate.rom) = 006F
Symbol: GATE_COPY_COUNT (/mnt/e/projects/ladybug/repro/bug040/parent-first-candidate.rom) = 0079
Symbol: gate_cross_offsets (/mnt/e/projects/ladybug/repro/bug040/parent-first-candidate.rom) = D2C2
Symbol: gate_diagonal_dot_offsets (/mnt/e/projects/ladybug/repro/bug040/parent-first-candidate.rom) = D2D0
Symbol: gate_diagonal_tiles (/mnt/e/projects/ladybug/repro/bug040/parent-first-candidate.rom) = 1102C
Symbol: GATE_END_X (/mnt/e/projects/ladybug/repro/bug040/parent-first-candidate.rom) = 0076
Symbol: GATE_END_Y (/mnt/e/projects/ladybug/repro/bug040/parent-first-candidate.rom) = 0077
Symbol: GATE_ENTITY_LISTS (/mnt/e/projects/ladybug/repro/bug040/parent-first-candidate.rom) = B600
Symbol: GATE_ENTITY_RECORD_SIZE (/mnt/e/projects/ladybug/repro/bug040/parent-first-candidate.rom) = 004D
Symbol: GATE_ENTITY_SLOT (/mnt/e/projects/ladybug/repro/bug040/parent-first-candidate.rom) = 0070
Symbol: gate_footprints (/mnt/e/projects/ladybug/repro/bug040/parent-first-candidate.rom) = 11BD6
Symbol: GATE_ID (/mnt/e/projects/ladybug/repro/bug040/parent-first-candidate.rom) = 0013
Symbol: GATE_MODULE_COMPOSE (/mnt/e/projects/ladybug/repro/bug040/parent-first-candidate.rom) = 080F
Symbol: gate_redraw_neighbors (/mnt/e/projects/ladybug/repro/bug040/parent-first-candidate.rom) = 11086
Symbol: gate_render_hidden (/mnt/e/projects/ladybug/repro/bug040/parent-first-candidate.rom) = D0DB
Symbol: GATE_START_X (/mnt/e/projects/ladybug/repro/bug040/parent-first-candidate.rom) = 0074
Symbol: GATE_START_Y (/mnt/e/projects/ladybug/repro/bug040/parent-first-candidate.rom) = 0075
Symbol: GATE_STATE (/mnt/e/projects/ladybug/repro/bug040/parent-first-candidate.rom) = A240
Symbol: gate_state_tiles (/mnt/e/projects/ladybug/repro/bug040/parent-first-candidate.rom) = 10FF0
Symbol: GATE_TRANSITION_PAGE (/mnt/e/projects/ladybug/repro/bug040/parent-first-candidate.rom) = 0039
Symbol: GATE_TRANSITION_PAYLOAD (/mnt/e/projects/ladybug/repro/bug040/parent-first-candidate.rom) = A8F6
Symbol: GATE_X (/mnt/e/projects/ladybug/repro/bug040/parent-first-candidate.rom) = 0014
Symbol: GATE_Y (/mnt/e/projects/ladybug/repro/bug040/parent-first-candidate.rom) = 0015
Symbol: GIME_BORDER (/mnt/e/projects/ladybug/repro/bug040/parent-first-candidate.rom) = FF9A
Symbol: GIME_INIT0 (/mnt/e/projects/ladybug/repro/bug040/parent-first-candidate.rom) = FF90
Symbol: GIME_IRQEN (/mnt/e/projects/ladybug/repro/bug040/parent-first-candidate.rom) = FF92
Symbol: GIME_PAR5 (/mnt/e/projects/ladybug/repro/bug040/parent-first-candidate.rom) = FFA5
Symbol: GIME_VMODE (/mnt/e/projects/ladybug/repro/bug040/parent-first-candidate.rom) = FF98
Symbol: GIME_VOFF0 (/mnt/e/projects/ladybug/repro/bug040/parent-first-candidate.rom) = FF9E
Symbol: GIME_VOFF1 (/mnt/e/projects/ladybug/repro/bug040/parent-first-candidate.rom) = FF9D
Symbol: GIME_VRES (/mnt/e/projects/ladybug/repro/bug040/parent-first-candidate.rom) = FF99
Symbol: graphic (/mnt/e/projects/ladybug/repro/bug040/parent-first-candidate.rom) = 121F9
Symbol: grh_final (/mnt/e/projects/ladybug/repro/bug040/parent-first-candidate.rom) = D0EE
Symbol: grh_gate (/mnt/e/projects/ladybug/repro/bug040/parent-first-candidate.rom) = D0E2
Symbol: grh_player (/mnt/e/projects/ladybug/repro/bug040/parent-first-candidate.rom) = D0FA
Symbol: HIGH_BCD (/mnt/e/projects/ladybug/repro/bug040/parent-first-candidate.rom) = 0020
Symbol: HIGHSCORE_PHASE_HELPER (/mnt/e/projects/ladybug/repro/bug040/parent-first-candidate.rom) = 0000
Symbol: HIGHSCORE_TEST_PROFILE (/mnt/e/projects/ladybug/repro/bug040/parent-first-candidate.rom) = 0000
Symbol: HUD_BCD_BYTE (/mnt/e/projects/ladybug/repro/bug040/parent-first-candidate.rom) = 002D
Symbol: HUD_BCD_COUNT (/mnt/e/projects/ladybug/repro/bug040/parent-first-candidate.rom) = 002E
Symbol: HUD_BYTE (/mnt/e/projects/ladybug/repro/bug040/parent-first-candidate.rom) = 002A
Symbol: HUD_COLOR (/mnt/e/projects/ladybug/repro/bug040/parent-first-candidate.rom) = 0029
Symbol: HUD_COUNT (/mnt/e/projects/ladybug/repro/bug040/parent-first-candidate.rom) = 002B
Symbol: HUD_DIGIT_COUNT (/mnt/e/projects/ladybug/repro/bug040/parent-first-candidate.rom) = 000A
Symbol: HUD_DIGIT_SIZE (/mnt/e/projects/ladybug/repro/bug040/parent-first-candidate.rom) = 0020
Symbol: hud_digit_tiles (/mnt/e/projects/ladybug/repro/bug040/parent-first-candidate.rom) = 1109A
Symbol: hud_glyph_cells (/mnt/e/projects/ladybug/repro/bug040/parent-first-candidate.rom) = 11F30
Symbol: HUD_WIDTH (/mnt/e/projects/ladybug/repro/bug040/parent-first-candidate.rom) = 002C
Symbol: HUD_X (/mnt/e/projects/ladybug/repro/bug040/parent-first-candidate.rom) = 0027
Symbol: HUD_Y (/mnt/e/projects/ladybug/repro/bug040/parent-first-candidate.rom) = 0028
Symbol: ie_five_skulls (/mnt/e/projects/ladybug/repro/bug040/parent-first-candidate.rom) = C5F8
Symbol: ie_four_skulls (/mnt/e/projects/ladybug/repro/bug040/parent-first-candidate.rom) = C5F4
Symbol: ie_heart_loop (/mnt/e/projects/ladybug/repro/bug040/parent-first-candidate.rom) = C60A
Symbol: ie_place_skulls (/mnt/e/projects/ladybug/repro/bug040/parent-first-candidate.rom) = C5FA
Symbol: ie_skull_loop (/mnt/e/projects/ladybug/repro/bug040/parent-first-candidate.rom) = C5FC
Symbol: ie_spcil_mod (/mnt/e/projects/ladybug/repro/bug040/parent-first-candidate.rom) = C62C
Symbol: ie_spcil_pick (/mnt/e/projects/ladybug/repro/bug040/parent-first-candidate.rom) = C634
Symbol: ie_three_skulls (/mnt/e/projects/ladybug/repro/bug040/parent-first-candidate.rom) = C5F0
Symbol: ie_two_skulls (/mnt/e/projects/ladybug/repro/bug040/parent-first-candidate.rom) = C5EC
Symbol: ie_xtr_mod (/mnt/e/projects/ladybug/repro/bug040/parent-first-candidate.rom) = C617
Symbol: ie_xtr_pick (/mnt/e/projects/ladybug/repro/bug040/parent-first-candidate.rom) = C61F
Symbol: iet_done (/mnt/e/projects/ladybug/repro/bug040/parent-first-candidate.rom) = C20E
Symbol: iet_maze_entry (/mnt/e/projects/ladybug/repro/bug040/parent-first-candidate.rom) = C1E4
Symbol: iet_maze_render (/mnt/e/projects/ladybug/repro/bug040/parent-first-candidate.rom) = C208
Symbol: iet_offscreen (/mnt/e/projects/ladybug/repro/bug040/parent-first-candidate.rom) = C1CC
Symbol: iet_wait_stage (/mnt/e/projects/ladybug/repro/bug040/parent-first-candidate.rom) = C184
Symbol: iet_walkout (/mnt/e/projects/ladybug/repro/bug040/parent-first-candidate.rom) = C1AC
Symbol: iet_walkout_render (/mnt/e/projects/ladybug/repro/bug040/parent-first-candidate.rom) = C1C5
Symbol: igs_loop (/mnt/e/projects/ladybug/repro/bug040/parent-first-candidate.rom) = CAE4
Symbol: ims_copy (/mnt/e/projects/ladybug/repro/bug040/parent-first-candidate.rom) = C5C5
Symbol: init_enemy (/mnt/e/projects/ladybug/repro/bug040/parent-first-candidate.rom) = D651
Symbol: init_entities (/mnt/e/projects/ladybug/repro/bug040/parent-first-candidate.rom) = C5D0
Symbol: init_game_state (/mnt/e/projects/ladybug/repro/bug040/parent-first-candidate.rom) = C20F
Symbol: init_gate_state (/mnt/e/projects/ladybug/repro/bug040/parent-first-candidate.rom) = CADA
Symbol: init_joystick (/mnt/e/projects/ladybug/repro/bug040/parent-first-candidate.rom) = CAEE
Symbol: init_maze_state (/mnt/e/projects/ladybug/repro/bug040/parent-first-candidate.rom) = C5BD
Symbol: init_player (/mnt/e/projects/ladybug/repro/bug040/parent-first-candidate.rom) = CB1A
Symbol: INITIAL_ENTRY_STATE (/mnt/e/projects/ladybug/repro/bug040/parent-first-candidate.rom) = 00A0
Symbol: initial_entry_tick (/mnt/e/projects/ladybug/repro/bug040/parent-first-candidate.rom) = C171
Symbol: INPUT_JOYSTICK (/mnt/e/projects/ladybug/repro/bug040/parent-first-candidate.rom) = 0000
Symbol: install_phase_tiles_for_screen (/mnt/e/projects/ladybug/repro/bug040/parent-first-candidate.rom) = E072
Symbol: irq_handler (/mnt/e/projects/ladybug/repro/bug040/parent-first-candidate.rom) = D771
Symbol: JOY_DIR (/mnt/e/projects/ladybug/repro/bug040/parent-first-candidate.rom) = 0005
Symbol: JOY_DX (/mnt/e/projects/ladybug/repro/bug040/parent-first-candidate.rom) = 000D
Symbol: JOY_DY (/mnt/e/projects/ladybug/repro/bug040/parent-first-candidate.rom) = 000E
Symbol: JOY_X (/mnt/e/projects/ladybug/repro/bug040/parent-first-candidate.rom) = 0001
Symbol: JOY_Y (/mnt/e/projects/ladybug/repro/bug040/parent-first-candidate.rom) = 0004
Symbol: JT_IRQ (/mnt/e/projects/ladybug/repro/bug040/parent-first-candidate.rom) = FEF7
Symbol: keyboard_read_axis (/mnt/e/projects/ladybug/repro/bug040/parent-first-candidate.rom) = CB96
Symbol: kra_done (/mnt/e/projects/ladybug/repro/bug040/parent-first-candidate.rom) = CBB5
Symbol: kra_negative (/mnt/e/projects/ladybug/repro/bug040/parent-first-candidate.rom) = CBA6
Symbol: LAST_FRAME (/mnt/e/projects/ladybug/repro/bug040/parent-first-candidate.rom) = 0000
Symbol: letter_ea (/mnt/e/projects/ladybug/repro/bug040/parent-first-candidate.rom) = C660
Symbol: letter_spcil (/mnt/e/projects/ladybug/repro/bug040/parent-first-candidate.rom) = C65B
Symbol: letter_xtr (/mnt/e/projects/ladybug/repro/bug040/parent-first-candidate.rom) = C658
Symbol: LIVES (/mnt/e/projects/ladybug/repro/bug040/parent-first-candidate.rom) = 0023
Symbol: main_after_player (/mnt/e/projects/ladybug/repro/bug040/parent-first-candidate.rom) = C12E
Symbol: main_after_timers (/mnt/e/projects/ladybug/repro/bug040/parent-first-candidate.rom) = C138
Symbol: main_alive (/mnt/e/projects/ladybug/repro/bug040/parent-first-candidate.rom) = C144
Symbol: main_death (/mnt/e/projects/ladybug/repro/bug040/parent-first-candidate.rom) = C13F
Symbol: main_demo_input_owned (/mnt/e/projects/ladybug/repro/bug040/parent-first-candidate.rom) = C16B
Symbol: main_entry_audio (/mnt/e/projects/ladybug/repro/bug040/parent-first-candidate.rom) = C16B
Symbol: main_entry_render (/mnt/e/projects/ladybug/repro/bug040/parent-first-candidate.rom) = C10D
Symbol: main_game_tick (/mnt/e/projects/ladybug/repro/bug040/parent-first-candidate.rom) = C0F9
Symbol: main_game_tick_normal (/mnt/e/projects/ladybug/repro/bug040/parent-first-candidate.rom) = C112
Symbol: main_render (/mnt/e/projects/ladybug/repro/bug040/parent-first-candidate.rom) = C15F
Symbol: mainloop (/mnt/e/projects/ladybug/repro/bug040/parent-first-candidate.rom) = C0E3
Symbol: mark_gate_enemy_overlap (/mnt/e/projects/ladybug/repro/bug040/parent-first-candidate.rom) = D286
Symbol: maze_cells (/mnt/e/projects/ladybug/repro/bug040/parent-first-candidate.rom) = 114DA
Symbol: MAZE_CLEAN_TILE (/mnt/e/projects/ladybug/repro/bug040/parent-first-candidate.rom) = 0005
Symbol: MAZE_DOT_COUNT (/mnt/e/projects/ladybug/repro/bug040/parent-first-candidate.rom) = 0075
Symbol: MAZE_DOT_TILE (/mnt/e/projects/ladybug/repro/bug040/parent-first-candidate.rom) = 0018
Symbol: MAZE_GATE_COUNT (/mnt/e/projects/ladybug/repro/bug040/parent-first-candidate.rom) = 0014
Symbol: maze_gate_owner (/mnt/e/projects/ladybug/repro/bug040/parent-first-candidate.rom) = 1195A
Symbol: maze_gates (/mnt/e/projects/ladybug/repro/bug040/parent-first-candidate.rom) = 11B9A
Symbol: MAZE_HEIGHT (/mnt/e/projects/ladybug/repro/bug040/parent-first-candidate.rom) = 0018
Symbol: maze_nav (/mnt/e/projects/ladybug/repro/bug040/parent-first-candidate.rom) = 1171A
Symbol: MAZE_STATE (/mnt/e/projects/ladybug/repro/bug040/parent-first-candidate.rom) = A000
Symbol: MAZE_STYLE_COUNT (/mnt/e/projects/ladybug/repro/bug040/parent-first-candidate.rom) = 0019
Symbol: MAZE_WIDTH (/mnt/e/projects/ladybug/repro/bug040/parent-first-candidate.rom) = 0018
Symbol: merge_sprite_byte (/mnt/e/projects/ladybug/repro/bug040/parent-first-candidate.rom) = D696
Symbol: mgeo_loop (/mnt/e/projects/ladybug/repro/bug040/parent-first-candidate.rom) = D291
Symbol: mgeo_next (/mnt/e/projects/ladybug/repro/bug040/parent-first-candidate.rom) = D2B9
Symbol: MODE_DEMO (/mnt/e/projects/ladybug/repro/bug040/parent-first-candidate.rom) = 0004
Symbol: msb_high (/mnt/e/projects/ladybug/repro/bug040/parent-first-candidate.rom) = D69F
Symbol: msb_low (/mnt/e/projects/ladybug/repro/bug040/parent-first-candidate.rom) = D6A5
Symbol: MULTIPLIER (/mnt/e/projects/ladybug/repro/bug040/parent-first-candidate.rom) = 003B
Symbol: name_late_turn (/mnt/e/projects/ladybug/repro/bug040/parent-first-candidate.rom) = E07C
Symbol: next_stage (/mnt/e/projects/ladybug/repro/bug040/parent-first-candidate.rom) = C264
Symbol: nlt_delta (/mnt/e/projects/ladybug/repro/bug040/parent-first-candidate.rom) = E0C8
Symbol: nlt_deltas (/mnt/e/projects/ladybug/repro/bug040/parent-first-candidate.rom) = E0CF
Symbol: nlt_no (/mnt/e/projects/ladybug/repro/bug040/parent-first-candidate.rom) = E0C6
Symbol: nlt_snap (/mnt/e/projects/ladybug/repro/bug040/parent-first-candidate.rom) = E0AD
Symbol: nlt_yes (/mnt/e/projects/ladybug/repro/bug040/parent-first-candidate.rom) = E0C3
Symbol: ns_stage_valid (/mnt/e/projects/ladybug/repro/bug040/parent-first-candidate.rom) = C26C
Symbol: OBJ_ACCENT (/mnt/e/projects/ladybug/repro/bug040/parent-first-candidate.rom) = 0047
Symbol: OBJ_BYTES (/mnt/e/projects/ladybug/repro/bug040/parent-first-candidate.rom) = 0043
Symbol: OBJ_CACHE_BASE (/mnt/e/projects/ladybug/repro/bug040/parent-first-candidate.rom) = 0063
Symbol: OBJ_CACHE_CURSOR (/mnt/e/projects/ladybug/repro/bug040/parent-first-candidate.rom) = 006C
Symbol: OBJ_CACHE_LUT (/mnt/e/projects/ladybug/repro/bug040/parent-first-candidate.rom) = 0071
Symbol: OBJ_CACHE_REMAIN (/mnt/e/projects/ladybug/repro/bug040/parent-first-candidate.rom) = 0073
Symbol: OBJ_CACHE_RUN_LENGTH (/mnt/e/projects/ladybug/repro/bug040/parent-first-candidate.rom) = 007A
Symbol: OBJ_INDEX (/mnt/e/projects/ladybug/repro/bug040/parent-first-candidate.rom) = 0045
Symbol: OBJ_PRIMARY (/mnt/e/projects/ladybug/repro/bug040/parent-first-candidate.rom) = 0046
Symbol: OBJ_ROWS (/mnt/e/projects/ladybug/repro/bug040/parent-first-candidate.rom) = 0042
Symbol: OBJ_SOURCE (/mnt/e/projects/ladybug/repro/bug040/parent-first-candidate.rom) = 0040
Symbol: OBJ_VALUE (/mnt/e/projects/ladybug/repro/bug040/parent-first-candidate.rom) = 0044
Symbol: OBJECT_A (/mnt/e/projects/ladybug/repro/bug040/parent-first-candidate.rom) = 0002
Symbol: object_blue_lut (/mnt/e/projects/ladybug/repro/bug040/parent-first-candidate.rom) = CABA
Symbol: OBJECT_C (/mnt/e/projects/ladybug/repro/bug040/parent-first-candidate.rom) = 0003
Symbol: OBJECT_E (/mnt/e/projects/ladybug/repro/bug040/parent-first-candidate.rom) = 0004
Symbol: OBJECT_HEART (/mnt/e/projects/ladybug/repro/bug040/parent-first-candidate.rom) = 0001
Symbol: OBJECT_I (/mnt/e/projects/ladybug/repro/bug040/parent-first-candidate.rom) = 0005
Symbol: OBJECT_L (/mnt/e/projects/ladybug/repro/bug040/parent-first-candidate.rom) = 0006
Symbol: OBJECT_MASK_COUNT (/mnt/e/projects/ladybug/repro/bug040/parent-first-candidate.rom) = 000C
Symbol: object_mask_lut (/mnt/e/projects/ladybug/repro/bug040/parent-first-candidate.rom) = CA8A
Symbol: OBJECT_MASK_SIZE (/mnt/e/projects/ladybug/repro/bug040/parent-first-candidate.rom) = 0040
Symbol: object_masks (/mnt/e/projects/ladybug/repro/bug040/parent-first-candidate.rom) = 111DA
Symbol: OBJECT_P (/mnt/e/projects/ladybug/repro/bug040/parent-first-candidate.rom) = 0007
Symbol: OBJECT_R (/mnt/e/projects/ladybug/repro/bug040/parent-first-candidate.rom) = 0008
Symbol: object_red_lut (/mnt/e/projects/ladybug/repro/bug040/parent-first-candidate.rom) = CA9A
Symbol: OBJECT_S (/mnt/e/projects/ladybug/repro/bug040/parent-first-candidate.rom) = 0009
Symbol: OBJECT_SKULL (/mnt/e/projects/ladybug/repro/bug040/parent-first-candidate.rom) = 0000
Symbol: object_skull_lut (/mnt/e/projects/ladybug/repro/bug040/parent-first-candidate.rom) = CACA
Symbol: OBJECT_T (/mnt/e/projects/ladybug/repro/bug040/parent-first-candidate.rom) = 000A
Symbol: OBJECT_X (/mnt/e/projects/ladybug/repro/bug040/parent-first-candidate.rom) = 000B
Symbol: object_yellow_lut (/mnt/e/projects/ladybug/repro/bug040/parent-first-candidate.rom) = CAAA
Symbol: PACKED_SPRITE_SIZE (/mnt/e/projects/ladybug/repro/bug040/parent-first-candidate.rom) = 0040
Symbol: PAL_BASE (/mnt/e/projects/ladybug/repro/bug040/parent-first-candidate.rom) = FFB0
Symbol: palette_table (/mnt/e/projects/ladybug/repro/bug040/parent-first-candidate.rom) = 10000
Symbol: palloop (/mnt/e/projects/ladybug/repro/bug040/parent-first-candidate.rom) = C06E
Symbol: PAR_EXEC (/mnt/e/projects/ladybug/repro/bug040/parent-first-candidate.rom) = FFA0
Symbol: par_table (/mnt/e/projects/ladybug/repro/bug040/parent-first-candidate.rom) = D7C8
Symbol: parloop (/mnt/e/projects/ladybug/repro/bug040/parent-first-candidate.rom) = C040
Symbol: pat_count (/mnt/e/projects/ladybug/repro/bug040/parent-first-candidate.rom) = D640
Symbol: pat_done (/mnt/e/projects/ladybug/repro/bug040/parent-first-candidate.rom) = D650
Symbol: pbc_bottom (/mnt/e/projects/ladybug/repro/bug040/parent-first-candidate.rom) = CA0D
Symbol: pbc_left (/mnt/e/projects/ladybug/repro/bug040/parent-first-candidate.rom) = CA1D
Symbol: pbc_right (/mnt/e/projects/ladybug/repro/bug040/parent-first-candidate.rom) = C9FE
Symbol: pbc_top_left (/mnt/e/projects/ladybug/repro/bug040/parent-first-candidate.rom) = CA2B
Symbol: pe_candidate (/mnt/e/projects/ladybug/repro/bug040/parent-first-candidate.rom) = C674
Symbol: pe_coordinates (/mnt/e/projects/ladybug/repro/bug040/parent-first-candidate.rom) = C697
Symbol: pe_reduce (/mnt/e/projects/ladybug/repro/bug040/parent-first-candidate.rom) = C669
Symbol: pe_retry (/mnt/e/projects/ladybug/repro/bug040/parent-first-candidate.rom) = C666
Symbol: pe_row (/mnt/e/projects/ladybug/repro/bug040/parent-first-candidate.rom) = C68A
Symbol: perimeter_box_coordinates (/mnt/e/projects/ladybug/repro/bug040/parent-first-candidate.rom) = C9F1
Symbol: perimeter_timer_tick (/mnt/e/projects/ladybug/repro/bug040/parent-first-candidate.rom) = C9A1
Symbol: phase4_before_tick (/mnt/e/projects/ladybug/repro/bug040/parent-first-candidate.rom) = C14E
Symbol: PIA1_CRA (/mnt/e/projects/ladybug/repro/bug040/parent-first-candidate.rom) = FF01
Symbol: PIA1_CRB (/mnt/e/projects/ladybug/repro/bug040/parent-first-candidate.rom) = FF03
Symbol: PIA1_DA (/mnt/e/projects/ladybug/repro/bug040/parent-first-candidate.rom) = FF00
Symbol: PIA1_DB (/mnt/e/projects/ladybug/repro/bug040/parent-first-candidate.rom) = FF02
Symbol: PIA2_CRA (/mnt/e/projects/ladybug/repro/bug040/parent-first-candidate.rom) = FF21
Symbol: PIA2_CRB (/mnt/e/projects/ladybug/repro/bug040/parent-first-candidate.rom) = FF23
Symbol: PIA2_DA (/mnt/e/projects/ladybug/repro/bug040/parent-first-candidate.rom) = FF20
Symbol: PIA2_DB (/mnt/e/projects/ladybug/repro/bug040/parent-first-candidate.rom) = FF22
Symbol: PICKUP_FRAME (/mnt/e/projects/ladybug/repro/bug040/parent-first-candidate.rom) = 0052
Symbol: PICKUP_HOLD_FRAMES (/mnt/e/projects/ladybug/repro/bug040/parent-first-candidate.rom) = 001E
Symbol: PICKUP_MULTIPLIER (/mnt/e/projects/ladybug/repro/bug040/parent-first-candidate.rom) = 0053
Symbol: pickup_tick (/mnt/e/projects/ladybug/repro/bug040/parent-first-candidate.rom) = D3B0
Symbol: PICKUP_TIMER (/mnt/e/projects/ladybug/repro/bug040/parent-first-candidate.rom) = 0051
Symbol: place_entity (/mnt/e/projects/ladybug/repro/bug040/parent-first-candidate.rom) = C662
Symbol: PLAYER_ANIM (/mnt/e/projects/ladybug/repro/bug040/parent-first-candidate.rom) = 004F
Symbol: PLAYER_ANIM_TIMER (/mnt/e/projects/ladybug/repro/bug040/parent-first-candidate.rom) = 0050
Symbol: player_animation_tick (/mnt/e/projects/ladybug/repro/bug040/parent-first-candidate.rom) = D634
Symbol: PLAYER_BG (/mnt/e/projects/ladybug/repro/bug040/parent-first-candidate.rom) = A300
Symbol: PLAYER_BG_PTR (/mnt/e/projects/ladybug/repro/bug040/parent-first-candidate.rom) = 00A2
Symbol: PLAYER_BG_VALID (/mnt/e/projects/ladybug/repro/bug040/parent-first-candidate.rom) = 006A
Symbol: player_cell_offset (/mnt/e/projects/ladybug/repro/bug040/parent-first-candidate.rom) = CD69
Symbol: PLAYER_CELL_X (/mnt/e/projects/ladybug/repro/bug040/parent-first-candidate.rom) = 0009
Symbol: PLAYER_CELL_Y (/mnt/e/projects/ladybug/repro/bug040/parent-first-candidate.rom) = 000A
Symbol: PLAYER_COPY_ROWS (/mnt/e/projects/ladybug/repro/bug040/parent-first-candidate.rom) = 006E
Symbol: PLAYER_DIR (/mnt/e/projects/ladybug/repro/bug040/parent-first-candidate.rom) = 0006
Symbol: PLAYER_ERASED (/mnt/e/projects/ladybug/repro/bug040/parent-first-candidate.rom) = 0069
Symbol: PLAYER_FACE (/mnt/e/projects/ladybug/repro/bug040/parent-first-candidate.rom) = 0007
Symbol: PLAYER_FB (/mnt/e/projects/ladybug/repro/bug040/parent-first-candidate.rom) = 000B
Symbol: PLAYER_MANUAL (/mnt/e/projects/ladybug/repro/bug040/parent-first-candidate.rom) = 0018
Symbol: PLAYER_MODULE_COMPOSE (/mnt/e/projects/ladybug/repro/bug040/parent-first-candidate.rom) = 080C
Symbol: PLAYER_MODULE_DRAW (/mnt/e/projects/ladybug/repro/bug040/parent-first-candidate.rom) = 0812
Symbol: PLAYER_OLD_FB (/mnt/e/projects/ladybug/repro/bug040/parent-first-candidate.rom) = 0067
Symbol: PLAYER_STEP (/mnt/e/projects/ladybug/repro/bug040/parent-first-candidate.rom) = 0008
Symbol: player_tick (/mnt/e/projects/ladybug/repro/bug040/parent-first-candidate.rom) = CBB6
Symbol: PLAYER_TICK_PENDING (/mnt/e/projects/ladybug/repro/bug040/parent-first-candidate.rom) = 006B
Symbol: PLAYER_VISIBLE_ROWS (/mnt/e/projects/ladybug/repro/bug040/parent-first-candidate.rom) = 00A1
Symbol: PLAYER_WANT (/mnt/e/projects/ladybug/repro/bug040/parent-first-candidate.rom) = 000F
Symbol: popup_multiplier_sparse_streams (/mnt/e/projects/ladybug/repro/bug040/parent-first-candidate.rom) = D7E2
Symbol: popup_sparse_streams (/mnt/e/projects/ladybug/repro/bug040/parent-first-candidate.rom) = D7D0
Symbol: prepare_cell_tile (/mnt/e/projects/ladybug/repro/bug040/parent-first-candidate.rom) = D56B
Symbol: PRES_MAGIC (/mnt/e/projects/ladybug/repro/bug040/parent-first-candidate.rom) = 00A4
Symbol: PRES_MODE (/mnt/e/projects/ladybug/repro/bug040/parent-first-candidate.rom) = 00A5
Symbol: PRES_NAME_PTR (/mnt/e/projects/ladybug/repro/bug040/parent-first-candidate.rom) = 00E4
Symbol: PRESENTATION_ATTRACT_DESTINATION_ADDRESS (/mnt/e/projects/ladybug/repro/bug040/parent-first-candidate.rom) = BC80
Symbol: PRESENTATION_ATTRACT_PHASE_POINTER_ADDRESS (/mnt/e/projects/ladybug/repro/bug040/parent-first-candidate.rom) = BCA6
Symbol: PRESENTATION_ATTRACT_SURFACE_ADDRESS (/mnt/e/projects/ladybug/repro/bug040/parent-first-candidate.rom) = A000
Symbol: PRESENTATION_ATTRACT_SURFACE_BYTES (/mnt/e/projects/ladybug/repro/bug040/parent-first-candidate.rom) = 1C80
Symbol: PRESENTATION_ATTRACT_SURFACE_PAGE (/mnt/e/projects/ladybug/repro/bug040/parent-first-candidate.rom) = 003C
Symbol: PRESENTATION_COIN_DST_0 (/mnt/e/projects/ladybug/repro/bug040/parent-first-candidate.rom) = 2B08
Symbol: PRESENTATION_COIN_DST_1 (/mnt/e/projects/ladybug/repro/bug040/parent-first-candidate.rom) = 3508
Symbol: PRESENTATION_COIN_DST_2 (/mnt/e/projects/ladybug/repro/bug040/parent-first-candidate.rom) = 3F08
Symbol: PRESENTATION_COIN_DST_3 (/mnt/e/projects/ladybug/repro/bug040/parent-first-candidate.rom) = 4908
Symbol: PRESENTATION_COIN_DST_4 (/mnt/e/projects/ladybug/repro/bug040/parent-first-candidate.rom) = 5308
Symbol: PRESENTATION_COIN_DST_5 (/mnt/e/projects/ladybug/repro/bug040/parent-first-candidate.rom) = 5D08
Symbol: PRESENTATION_COIN_DST_6 (/mnt/e/projects/ladybug/repro/bug040/parent-first-candidate.rom) = 6708
Symbol: PRESENTATION_COIN_DST_7 (/mnt/e/projects/ladybug/repro/bug040/parent-first-candidate.rom) = 7108
Symbol: PRESENTATION_COIN_DST_8 (/mnt/e/projects/ladybug/repro/bug040/parent-first-candidate.rom) = 7B08
Symbol: PRESENTATION_COIN_SLOT_0 (/mnt/e/projects/ladybug/repro/bug040/parent-first-candidate.rom) = 0071
Symbol: PRESENTATION_COIN_SLOT_1 (/mnt/e/projects/ladybug/repro/bug040/parent-first-candidate.rom) = 00C1
Symbol: PRESENTATION_COIN_SLOT_2 (/mnt/e/projects/ladybug/repro/bug040/parent-first-candidate.rom) = 0111
Symbol: PRESENTATION_COIN_SLOT_3 (/mnt/e/projects/ladybug/repro/bug040/parent-first-candidate.rom) = 0161
Symbol: PRESENTATION_COIN_SLOT_4 (/mnt/e/projects/ladybug/repro/bug040/parent-first-candidate.rom) = 01B1
Symbol: PRESENTATION_COIN_SLOT_5 (/mnt/e/projects/ladybug/repro/bug040/parent-first-candidate.rom) = 0201
Symbol: PRESENTATION_COIN_SLOT_6 (/mnt/e/projects/ladybug/repro/bug040/parent-first-candidate.rom) = 0251
Symbol: PRESENTATION_COIN_SLOT_7 (/mnt/e/projects/ladybug/repro/bug040/parent-first-candidate.rom) = 02A1
Symbol: PRESENTATION_COIN_SLOT_8 (/mnt/e/projects/ladybug/repro/bug040/parent-first-candidate.rom) = 02F1
Symbol: PRESENTATION_COIN_SLOT_COUNT (/mnt/e/projects/ladybug/repro/bug040/parent-first-candidate.rom) = 0009
Symbol: PRESENTATION_COIN_TILE (/mnt/e/projects/ladybug/repro/bug040/parent-first-candidate.rom) = 00B0
Symbol: PRESENTATION_COLD_ONLY_TILE_COUNT (/mnt/e/projects/ladybug/repro/bug040/parent-first-candidate.rom) = 00B2
Symbol: PRESENTATION_COLD_PAGE (/mnt/e/projects/ladybug/repro/bug040/parent-first-candidate.rom) = 003A
Symbol: PRESENTATION_COLD_PAGE_COUNT (/mnt/e/projects/ladybug/repro/bug040/parent-first-candidate.rom) = 0004
Symbol: PRESENTATION_COLD_SIZE (/mnt/e/projects/ladybug/repro/bug040/parent-first-candidate.rom) = 35F9
Symbol: PRESENTATION_DEMO_ROUTE_ACTIONS (/mnt/e/projects/ladybug/repro/bug040/parent-first-candidate.rom) = 0093
Symbol: PRESENTATION_DEMO_ROUTE_OFFSET (/mnt/e/projects/ladybug/repro/bug040/parent-first-candidate.rom) = 2BFC
Symbol: presentation_dispatch (/mnt/e/projects/ladybug/repro/bug040/parent-first-candidate.rom) = 121EF
Symbol: presentation_fast_blit (/mnt/e/projects/ladybug/repro/bug040/parent-first-candidate.rom) = 12318
Symbol: PRESENTATION_GAMEPLAY_LOOKUP_BYTES (/mnt/e/projects/ladybug/repro/bug040/parent-first-candidate.rom) = 0029
Symbol: PRESENTATION_GAMEPLAY_LOOKUP_OFFSET (/mnt/e/projects/ladybug/repro/bug040/parent-first-candidate.rom) = 1640
Symbol: PRESENTATION_GAMEPLAY_TILE_BASE (/mnt/e/projects/ladybug/repro/bug040/parent-first-candidate.rom) = 00B2
Symbol: PRESENTATION_GLYPH_0 (/mnt/e/projects/ladybug/repro/bug040/parent-first-candidate.rom) = 0020
Symbol: PRESENTATION_GLYPH_1 (/mnt/e/projects/ladybug/repro/bug040/parent-first-candidate.rom) = 004B
Symbol: PRESENTATION_GLYPH_10 (/mnt/e/projects/ladybug/repro/bug040/parent-first-candidate.rom) = 0024
Symbol: PRESENTATION_GLYPH_11 (/mnt/e/projects/ladybug/repro/bug040/parent-first-candidate.rom) = 0087
Symbol: PRESENTATION_GLYPH_12 (/mnt/e/projects/ladybug/repro/bug040/parent-first-candidate.rom) = 00B3
Symbol: PRESENTATION_GLYPH_13 (/mnt/e/projects/ladybug/repro/bug040/parent-first-candidate.rom) = 00D3
Symbol: PRESENTATION_GLYPH_14 (/mnt/e/projects/ladybug/repro/bug040/parent-first-candidate.rom) = 00D2
Symbol: PRESENTATION_GLYPH_15 (/mnt/e/projects/ladybug/repro/bug040/parent-first-candidate.rom) = 0092
Symbol: PRESENTATION_GLYPH_16 (/mnt/e/projects/ladybug/repro/bug040/parent-first-candidate.rom) = 008E
Symbol: PRESENTATION_GLYPH_17 (/mnt/e/projects/ladybug/repro/bug040/parent-first-candidate.rom) = 005F
Symbol: PRESENTATION_GLYPH_18 (/mnt/e/projects/ladybug/repro/bug040/parent-first-candidate.rom) = 00B4
Symbol: PRESENTATION_GLYPH_19 (/mnt/e/projects/ladybug/repro/bug040/parent-first-candidate.rom) = 0093
Symbol: PRESENTATION_GLYPH_2 (/mnt/e/projects/ladybug/repro/bug040/parent-first-candidate.rom) = 0060
Symbol: PRESENTATION_GLYPH_20 (/mnt/e/projects/ladybug/repro/bug040/parent-first-candidate.rom) = 0094
Symbol: PRESENTATION_GLYPH_21 (/mnt/e/projects/ladybug/repro/bug040/parent-first-candidate.rom) = 0023
Symbol: PRESENTATION_GLYPH_22 (/mnt/e/projects/ladybug/repro/bug040/parent-first-candidate.rom) = 008F
Symbol: PRESENTATION_GLYPH_23 (/mnt/e/projects/ladybug/repro/bug040/parent-first-candidate.rom) = 0021
Symbol: PRESENTATION_GLYPH_24 (/mnt/e/projects/ladybug/repro/bug040/parent-first-candidate.rom) = 0020
Symbol: PRESENTATION_GLYPH_25 (/mnt/e/projects/ladybug/repro/bug040/parent-first-candidate.rom) = 0022
Symbol: PRESENTATION_GLYPH_26 (/mnt/e/projects/ladybug/repro/bug040/parent-first-candidate.rom) = 0095
Symbol: PRESENTATION_GLYPH_27 (/mnt/e/projects/ladybug/repro/bug040/parent-first-candidate.rom) = 00C9
Symbol: PRESENTATION_GLYPH_28 (/mnt/e/projects/ladybug/repro/bug040/parent-first-candidate.rom) = 0026
Symbol: PRESENTATION_GLYPH_29 (/mnt/e/projects/ladybug/repro/bug040/parent-first-candidate.rom) = 00C8
Symbol: PRESENTATION_GLYPH_3 (/mnt/e/projects/ladybug/repro/bug040/parent-first-candidate.rom) = 0061
Symbol: PRESENTATION_GLYPH_30 (/mnt/e/projects/ladybug/repro/bug040/parent-first-candidate.rom) = 0027
Symbol: PRESENTATION_GLYPH_31 (/mnt/e/projects/ladybug/repro/bug040/parent-first-candidate.rom) = 0088
Symbol: PRESENTATION_GLYPH_32 (/mnt/e/projects/ladybug/repro/bug040/parent-first-candidate.rom) = 0096
Symbol: PRESENTATION_GLYPH_33 (/mnt/e/projects/ladybug/repro/bug040/parent-first-candidate.rom) = 0097
Symbol: PRESENTATION_GLYPH_34 (/mnt/e/projects/ladybug/repro/bug040/parent-first-candidate.rom) = 0025
Symbol: PRESENTATION_GLYPH_35 (/mnt/e/projects/ladybug/repro/bug040/parent-first-candidate.rom) = 0098
Symbol: PRESENTATION_GLYPH_36 (/mnt/e/projects/ladybug/repro/bug040/parent-first-candidate.rom) = 009B
Symbol: PRESENTATION_GLYPH_4 (/mnt/e/projects/ladybug/repro/bug040/parent-first-candidate.rom) = 0062
Symbol: PRESENTATION_GLYPH_5 (/mnt/e/projects/ladybug/repro/bug040/parent-first-candidate.rom) = 0063
Symbol: PRESENTATION_GLYPH_6 (/mnt/e/projects/ladybug/repro/bug040/parent-first-candidate.rom) = 0064
Symbol: PRESENTATION_GLYPH_7 (/mnt/e/projects/ladybug/repro/bug040/parent-first-candidate.rom) = 0065
Symbol: PRESENTATION_GLYPH_8 (/mnt/e/projects/ladybug/repro/bug040/parent-first-candidate.rom) = 0066
Symbol: PRESENTATION_GLYPH_9 (/mnt/e/projects/ladybug/repro/bug040/parent-first-candidate.rom) = 0067
Symbol: PRESENTATION_HIGHSCORE_BASE (/mnt/e/projects/ladybug/repro/bug040/parent-first-candidate.rom) = AF84
Symbol: PRESENTATION_HIGHSCORE_COUNT (/mnt/e/projects/ladybug/repro/bug040/parent-first-candidate.rom) = 0009
Symbol: PRESENTATION_HIGHSCORE_DEFAULT_NAME_0 (/mnt/e/projects/ladybug/repro/bug040/parent-first-candidate.rom) = 0023
Symbol: PRESENTATION_HIGHSCORE_DEFAULT_NAME_1 (/mnt/e/projects/ladybug/repro/bug040/parent-first-candidate.rom) = 0024
Symbol: PRESENTATION_HIGHSCORE_DEFAULT_NAME_2 (/mnt/e/projects/ladybug/repro/bug040/parent-first-candidate.rom) = 00D3
Symbol: PRESENTATION_HIGHSCORE_DEFAULT_NAME_3 (/mnt/e/projects/ladybug/repro/bug040/parent-first-candidate.rom) = 0025
Symbol: PRESENTATION_HIGHSCORE_DEFAULT_NAME_4 (/mnt/e/projects/ladybug/repro/bug040/parent-first-candidate.rom) = 0087
Symbol: PRESENTATION_HIGHSCORE_DEFAULT_NAME_5 (/mnt/e/projects/ladybug/repro/bug040/parent-first-candidate.rom) = 0027
Symbol: PRESENTATION_HIGHSCORE_DEFAULT_NAME_6 (/mnt/e/projects/ladybug/repro/bug040/parent-first-candidate.rom) = 008E
Symbol: PRESENTATION_HIGHSCORE_ENTRY_NAME_DST (/mnt/e/projects/ladybug/repro/bug040/parent-first-candidate.rom) = 3440
Symbol: PRESENTATION_HIGHSCORE_ENTRY_SCORE_DST (/mnt/e/projects/ladybug/repro/bug040/parent-first-candidate.rom) = 346C
Symbol: PRESENTATION_HIGHSCORE_NAME_BYTES (/mnt/e/projects/ladybug/repro/bug040/parent-first-candidate.rom) = 0007
Symbol: PRESENTATION_HIGHSCORE_RECORD_BYTES (/mnt/e/projects/ladybug/repro/bug040/parent-first-candidate.rom) = 000A
Symbol: PRESENTATION_HIGHSCORE_SCORE_BYTES (/mnt/e/projects/ladybug/repro/bug040/parent-first-candidate.rom) = 0003
Symbol: PRESENTATION_HIGHSCORE_TOP_NAME_DST (/mnt/e/projects/ladybug/repro/bug040/parent-first-candidate.rom) = 2A40
Symbol: PRESENTATION_HIGHSCORE_TOP_SCORE_DST (/mnt/e/projects/ladybug/repro/bug040/parent-first-candidate.rom) = 2A6C
Symbol: PRESENTATION_INSTRUCTION_ANCHOR_0 (/mnt/e/projects/ladybug/repro/bug040/parent-first-candidate.rom) = 4328
Symbol: PRESENTATION_INSTRUCTION_ANCHOR_1 (/mnt/e/projects/ladybug/repro/bug040/parent-first-candidate.rom) = 5228
Symbol: PRESENTATION_INSTRUCTION_ANCHOR_2 (/mnt/e/projects/ladybug/repro/bug040/parent-first-candidate.rom) = 6128
Symbol: PRESENTATION_INSTRUCTION_ANGEL_DST (/mnt/e/projects/ladybug/repro/bug040/parent-first-candidate.rom) = 6170
Symbol: PRESENTATION_INSTRUCTION_ANGEL_TICK (/mnt/e/projects/ladybug/repro/bug040/parent-first-candidate.rom) = 06BF
Symbol: PRESENTATION_INSTRUCTION_BLACK_TILE (/mnt/e/projects/ladybug/repro/bug040/parent-first-candidate.rom) = 00B2
Symbol: PRESENTATION_INSTRUCTION_COIN_0 (/mnt/e/projects/ladybug/repro/bug040/parent-first-candidate.rom) = 009F
Symbol: PRESENTATION_INSTRUCTION_COIN_1 (/mnt/e/projects/ladybug/repro/bug040/parent-first-candidate.rom) = 00A0
Symbol: PRESENTATION_INSTRUCTION_COIN_2 (/mnt/e/projects/ladybug/repro/bug040/parent-first-candidate.rom) = 00A1
Symbol: PRESENTATION_INSTRUCTION_COIN_3 (/mnt/e/projects/ladybug/repro/bug040/parent-first-candidate.rom) = 00A2
Symbol: PRESENTATION_INSTRUCTION_COIN_DST (/mnt/e/projects/ladybug/repro/bug040/parent-first-candidate.rom) = 5270
Symbol: PRESENTATION_INSTRUCTION_COLOUR_DWELL (/mnt/e/projects/ladybug/repro/bug040/parent-first-candidate.rom) = 001E
Symbol: PRESENTATION_INSTRUCTION_COLOUR_POINTERS (/mnt/e/projects/ladybug/repro/bug040/parent-first-candidate.rom) = 2295
Symbol: PRESENTATION_INSTRUCTION_CUCUMBER_DST (/mnt/e/projects/ladybug/repro/bug040/parent-first-candidate.rom) = 5C80
Symbol: PRESENTATION_INSTRUCTION_CUCUMBER_STREAM (/mnt/e/projects/ladybug/repro/bug040/parent-first-candidate.rom) = 26E2
Symbol: PRESENTATION_INSTRUCTION_DEATH_COUNT (/mnt/e/projects/ladybug/repro/bug040/parent-first-candidate.rom) = 000F
Symbol: PRESENTATION_INSTRUCTION_DEATH_POINTERS (/mnt/e/projects/ladybug/repro/bug040/parent-first-candidate.rom) = 2733
Symbol: PRESENTATION_INSTRUCTION_DEATH_TICK (/mnt/e/projects/ladybug/repro/bug040/parent-first-candidate.rom) = 0660
Symbol: PRESENTATION_INSTRUCTION_EVENT_BYTES (/mnt/e/projects/ladybug/repro/bug040/parent-first-candidate.rom) = 000C
Symbol: PRESENTATION_INSTRUCTION_EVENT_COUNT (/mnt/e/projects/ladybug/repro/bug040/parent-first-candidate.rom) = 0010
Symbol: PRESENTATION_INSTRUCTION_EVENT_OFFSET (/mnt/e/projects/ladybug/repro/bug040/parent-first-candidate.rom) = 21D5
Symbol: PRESENTATION_INSTRUCTION_EXTRA_SPAN (/mnt/e/projects/ladybug/repro/bug040/parent-first-candidate.rom) = 4334
Symbol: PRESENTATION_INSTRUCTION_HEART_SPAN (/mnt/e/projects/ladybug/repro/bug040/parent-first-candidate.rom) = 6134
Symbol: PRESENTATION_INSTRUCTION_ICON_SPAN (/mnt/e/projects/ladybug/repro/bug040/parent-first-candidate.rom) = 7F34
Symbol: PRESENTATION_INSTRUCTION_LIFE_0 (/mnt/e/projects/ladybug/repro/bug040/parent-first-candidate.rom) = 00D7
Symbol: PRESENTATION_INSTRUCTION_LIFE_1 (/mnt/e/projects/ladybug/repro/bug040/parent-first-candidate.rom) = 00D8
Symbol: PRESENTATION_INSTRUCTION_LIFE_2 (/mnt/e/projects/ladybug/repro/bug040/parent-first-candidate.rom) = 00D9
Symbol: PRESENTATION_INSTRUCTION_LIFE_3 (/mnt/e/projects/ladybug/repro/bug040/parent-first-candidate.rom) = 00DA
Symbol: PRESENTATION_INSTRUCTION_LIFE_DST (/mnt/e/projects/ladybug/repro/bug040/parent-first-candidate.rom) = 4370
Symbol: PRESENTATION_INSTRUCTION_MULTIPLIER_0 (/mnt/e/projects/ladybug/repro/bug040/parent-first-candidate.rom) = 756C
Symbol: PRESENTATION_INSTRUCTION_MULTIPLIER_1 (/mnt/e/projects/ladybug/repro/bug040/parent-first-candidate.rom) = 846C
Symbol: PRESENTATION_INSTRUCTION_NEXT_TICK (/mnt/e/projects/ladybug/repro/bug040/parent-first-candidate.rom) = 0700
Symbol: PRESENTATION_INSTRUCTION_SKULL_DST (/mnt/e/projects/ladybug/repro/bug040/parent-first-candidate.rom) = 6170
Symbol: PRESENTATION_INSTRUCTION_SPECIAL_SPAN (/mnt/e/projects/ladybug/repro/bug040/parent-first-candidate.rom) = 5234
Symbol: PRESENTATION_INSTRUCTION_VALUE_BLUE_0 (/mnt/e/projects/ladybug/repro/bug040/parent-first-candidate.rom) = 004B
Symbol: PRESENTATION_INSTRUCTION_VALUE_BLUE_1 (/mnt/e/projects/ladybug/repro/bug040/parent-first-candidate.rom) = 0020
Symbol: PRESENTATION_INSTRUCTION_VALUE_BLUE_2 (/mnt/e/projects/ladybug/repro/bug040/parent-first-candidate.rom) = 0020
Symbol: PRESENTATION_INSTRUCTION_VALUE_DST (/mnt/e/projects/ladybug/repro/bug040/parent-first-candidate.rom) = 8440
Symbol: PRESENTATION_INSTRUCTION_VALUE_RED_0 (/mnt/e/projects/ladybug/repro/bug040/parent-first-candidate.rom) = 0066
Symbol: PRESENTATION_INSTRUCTION_VALUE_RED_1 (/mnt/e/projects/ladybug/repro/bug040/parent-first-candidate.rom) = 0020
Symbol: PRESENTATION_INSTRUCTION_VALUE_RED_2 (/mnt/e/projects/ladybug/repro/bug040/parent-first-candidate.rom) = 0020
Symbol: PRESENTATION_INSTRUCTION_VALUE_YELLOW_0 (/mnt/e/projects/ladybug/repro/bug040/parent-first-candidate.rom) = 0061
Symbol: PRESENTATION_INSTRUCTION_VALUE_YELLOW_1 (/mnt/e/projects/ladybug/repro/bug040/parent-first-candidate.rom) = 0020
Symbol: PRESENTATION_INSTRUCTION_VALUE_YELLOW_2 (/mnt/e/projects/ladybug/repro/bug040/parent-first-candidate.rom) = 0020
Symbol: PRESENTATION_INSTRUCTION_X2_0 (/mnt/e/projects/ladybug/repro/bug040/parent-first-candidate.rom) = 00A3
Symbol: PRESENTATION_INSTRUCTION_X2_1 (/mnt/e/projects/ladybug/repro/bug040/parent-first-candidate.rom) = 0060
Symbol: PRESENTATION_INSTRUCTION_X3_0 (/mnt/e/projects/ladybug/repro/bug040/parent-first-candidate.rom) = 00A3
Symbol: PRESENTATION_INSTRUCTION_X3_1 (/mnt/e/projects/ladybug/repro/bug040/parent-first-candidate.rom) = 0061
Symbol: PRESENTATION_INSTRUCTION_X5_0 (/mnt/e/projects/ladybug/repro/bug040/parent-first-candidate.rom) = 00A3
Symbol: PRESENTATION_INSTRUCTION_X5_1 (/mnt/e/projects/ladybug/repro/bug040/parent-first-candidate.rom) = 0063
Symbol: PRESENTATION_MAP_ATTRACT (/mnt/e/projects/ladybug/repro/bug040/parent-first-candidate.rom) = 0000
Symbol: PRESENTATION_MAP_BYTES (/mnt/e/projects/ladybug/repro/bug040/parent-first-candidate.rom) = 03C0
Symbol: PRESENTATION_MAP_COUNT (/mnt/e/projects/ladybug/repro/bug040/parent-first-candidate.rom) = 0006
Symbol: PRESENTATION_MAP_ENTER_HIGH_SCORE (/mnt/e/projects/ladybug/repro/bug040/parent-first-candidate.rom) = 0005
Symbol: PRESENTATION_MAP_GAME_OVER (/mnt/e/projects/ladybug/repro/bug040/parent-first-candidate.rom) = 0004
Symbol: PRESENTATION_MAP_HIGH_SCORE (/mnt/e/projects/ladybug/repro/bug040/parent-first-candidate.rom) = 0003
Symbol: PRESENTATION_MAP_INSTRUCTIONS (/mnt/e/projects/ladybug/repro/bug040/parent-first-candidate.rom) = 0001
Symbol: PRESENTATION_MAP_LEVEL_START (/mnt/e/projects/ladybug/repro/bug040/parent-first-candidate.rom) = 0002
Symbol: PRESENTATION_MAP_OUTPUT_OFFSET (/mnt/e/projects/ladybug/repro/bug040/parent-first-candidate.rom) = 4000
Symbol: PRESENTATION_MAP_STREAM_0 (/mnt/e/projects/ladybug/repro/bug040/parent-first-candidate.rom) = 1500
Symbol: PRESENTATION_MAP_STREAM_0_BYTES (/mnt/e/projects/ladybug/repro/bug040/parent-first-candidate.rom) = 00F4
Symbol: PRESENTATION_MAP_STREAM_1 (/mnt/e/projects/ladybug/repro/bug040/parent-first-candidate.rom) = 15F4
Symbol: PRESENTATION_MAP_STREAM_1_BYTES (/mnt/e/projects/ladybug/repro/bug040/parent-first-candidate.rom) = 02A8
Symbol: PRESENTATION_MAP_STREAM_2 (/mnt/e/projects/ladybug/repro/bug040/parent-first-candidate.rom) = 189C
Symbol: PRESENTATION_MAP_STREAM_2_BYTES (/mnt/e/projects/ladybug/repro/bug040/parent-first-candidate.rom) = 01F7
Symbol: PRESENTATION_MAP_STREAM_3 (/mnt/e/projects/ladybug/repro/bug040/parent-first-candidate.rom) = 1A93
Symbol: PRESENTATION_MAP_STREAM_3_BYTES (/mnt/e/projects/ladybug/repro/bug040/parent-first-candidate.rom) = 01D2
Symbol: PRESENTATION_MAP_STREAM_4 (/mnt/e/projects/ladybug/repro/bug040/parent-first-candidate.rom) = 1C65
Symbol: PRESENTATION_MAP_STREAM_4_BYTES (/mnt/e/projects/ladybug/repro/bug040/parent-first-candidate.rom) = 01C1
Symbol: PRESENTATION_MAP_STREAM_5 (/mnt/e/projects/ladybug/repro/bug040/parent-first-candidate.rom) = 1E26
Symbol: PRESENTATION_MAP_STREAM_5_BYTES (/mnt/e/projects/ladybug/repro/bug040/parent-first-candidate.rom) = 03AF
Symbol: presentation_map_stream_offsets (/mnt/e/projects/ladybug/repro/bug040/parent-first-candidate.rom) = E05A
Symbol: PRESENTATION_MODULE_DRAW (/mnt/e/projects/ladybug/repro/bug040/parent-first-candidate.rom) = 0821
Symbol: PRESENTATION_NAME_ENTRY_ACTION_BYTES (/mnt/e/projects/ladybug/repro/bug040/parent-first-candidate.rom) = 007E
Symbol: PRESENTATION_NAME_ENTRY_ACTION_TABLE (/mnt/e/projects/ladybug/repro/bug040/parent-first-candidate.rom) = 316D
Symbol: PRESENTATION_NAME_ENTRY_BLACK_TILE (/mnt/e/projects/ladybug/repro/bug040/parent-first-candidate.rom) = 00B2
Symbol: PRESENTATION_NAME_ENTRY_CL_COUNT (/mnt/e/projects/ladybug/repro/bug040/parent-first-candidate.rom) = 0003
Symbol: PRESENTATION_NAME_ENTRY_CURSOR_BYTES (/mnt/e/projects/ladybug/repro/bug040/parent-first-candidate.rom) = 0081
Symbol: PRESENTATION_NAME_ENTRY_CURSOR_CODE (/mnt/e/projects/ladybug/repro/bug040/parent-first-candidate.rom) = 0005
Symbol: PRESENTATION_NAME_ENTRY_CURSOR_DST (/mnt/e/projects/ladybug/repro/bug040/parent-first-candidate.rom) = 894C
Symbol: PRESENTATION_NAME_ENTRY_CURSOR_OFFSET (/mnt/e/projects/ladybug/repro/bug040/parent-first-candidate.rom) = 2B7B
Symbol: PRESENTATION_NAME_ENTRY_DATA (/mnt/e/projects/ladybug/repro/bug040/parent-first-candidate.rom) = 0000
Symbol: PRESENTATION_NAME_ENTRY_EDGE_MASK_BYTES (/mnt/e/projects/ladybug/repro/bug040/parent-first-candidate.rom) = 002D
Symbol: PRESENTATION_NAME_ENTRY_EDGE_MASK_TABLE (/mnt/e/projects/ladybug/repro/bug040/parent-first-candidate.rom) = 2F00
Symbol: PRESENTATION_NAME_ENTRY_END_COUNT (/mnt/e/projects/ladybug/repro/bug040/parent-first-candidate.rom) = 0001
Symbol: PRESENTATION_NAME_ENTRY_FULL_EDGE_MASK_BYTES (/mnt/e/projects/ladybug/repro/bug040/parent-first-candidate.rom) = 0240
Symbol: PRESENTATION_NAME_ENTRY_FULL_EDGE_MASK_TABLE (/mnt/e/projects/ladybug/repro/bug040/parent-first-candidate.rom) = 2F2D
Symbol: PRESENTATION_NAME_ENTRY_GRID_CELLS (/mnt/e/projects/ladybug/repro/bug040/parent-first-candidate.rom) = E05A
Symbol: PRESENTATION_NAME_ENTRY_GRID_COUNT (/mnt/e/projects/ladybug/repro/bug040/parent-first-candidate.rom) = 0026
Symbol: PRESENTATION_NAME_ENTRY_GRID_TILES (/mnt/e/projects/ladybug/repro/bug040/parent-first-candidate.rom) = E05A
Symbol: PRESENTATION_NAME_ENTRY_NAME_DST (/mnt/e/projects/ladybug/repro/bug040/parent-first-candidate.rom) = 7F04
Symbol: PRESENTATION_NAME_ENTRY_NODE_TILES (/mnt/e/projects/ladybug/repro/bug040/parent-first-candidate.rom) = E05A
Symbol: PRESENTATION_NAME_ENTRY_SCORE_DST (/mnt/e/projects/ladybug/repro/bug040/parent-first-candidate.rom) = 2A84
Symbol: PRESENTATION_NAME_ENTRY_TIMER_COUNT (/mnt/e/projects/ladybug/repro/bug040/parent-first-candidate.rom) = 005C
Symbol: PRESENTATION_NAME_ENTRY_TIMER_FRAMES (/mnt/e/projects/ladybug/repro/bug040/parent-first-candidate.rom) = 003C
Symbol: PRESENTATION_NAME_ENTRY_TIMER_RECORD_BYTES (/mnt/e/projects/ladybug/repro/bug040/parent-first-candidate.rom) = 0004
Symbol: PRESENTATION_NAME_ENTRY_TIMER_TABLE (/mnt/e/projects/ladybug/repro/bug040/parent-first-candidate.rom) = 2D90
Symbol: PRESENTATION_NAME_ENTRY_TOP_DST (/mnt/e/projects/ladybug/repro/bug040/parent-first-candidate.rom) = 6104
Symbol: PRESENTATION_NAME_ENTRY_TOP_NAME_DST (/mnt/e/projects/ladybug/repro/bug040/parent-first-candidate.rom) = 3984
Symbol: PRESENTATION_NAME_ENTRY_TOP_RIGHT_DST (/mnt/e/projects/ladybug/repro/bug040/parent-first-candidate.rom) = 3E84
Symbol: presentation_page23_resume (/mnt/e/projects/ladybug/repro/bug040/parent-first-candidate.rom) = E073
Symbol: PRESENTATION_PAYLOAD_ADDR (/mnt/e/projects/ladybug/repro/bug040/parent-first-candidate.rom) = AC36
Symbol: PRESENTATION_PAYLOAD_PAGE (/mnt/e/projects/ladybug/repro/bug040/parent-first-candidate.rom) = 0039
Symbol: PRESENTATION_PHASE_TILE_OVERLAY_ENABLED (/mnt/e/projects/ladybug/repro/bug040/parent-first-candidate.rom) = 0001
Symbol: PRESENTATION_PHASE_TILE_SLOT_0 (/mnt/e/projects/ladybug/repro/bug040/parent-first-candidate.rom) = 0028
Symbol: PRESENTATION_PHASE_TILE_SLOT_1 (/mnt/e/projects/ladybug/repro/bug040/parent-first-candidate.rom) = 0029
Symbol: presentation_scan_bits (/mnt/e/projects/ladybug/repro/bug040/parent-first-candidate.rom) = E06F
Symbol: presentation_scan_drives (/mnt/e/projects/ladybug/repro/bug040/parent-first-candidate.rom) = E06C
Symbol: presentation_screen_modes (/mnt/e/projects/ladybug/repro/bug040/parent-first-candidate.rom) = E066
Symbol: PRESENTATION_STAGE_PANEL_ENABLED (/mnt/e/projects/ladybug/repro/bug040/parent-first-candidate.rom) = 0001
Symbol: PRESENTATION_TILE_ATLAS_COMPRESSED_BYTES (/mnt/e/projects/ladybug/repro/bug040/parent-first-candidate.rom) = 1640
Symbol: PRESENTATION_TILE_ATLAS_EXPANDED_BYTES (/mnt/e/projects/ladybug/repro/bug040/parent-first-candidate.rom) = 1640
Symbol: PRESENTATION_TILE_ATLAS_OFFSET (/mnt/e/projects/ladybug/repro/bug040/parent-first-candidate.rom) = 0000
Symbol: PRESENTATION_TILE_ATLAS_SOURCE_OFFSET (/mnt/e/projects/ladybug/repro/bug040/parent-first-candidate.rom) = 0000
Symbol: PRESENTATION_TILE_BYTES (/mnt/e/projects/ladybug/repro/bug040/parent-first-candidate.rom) = 0020
Symbol: PRESENTATION_TILE_COUNT (/mnt/e/projects/ladybug/repro/bug040/parent-first-candidate.rom) = 00DB
Symbol: PRESENTATION_TILE_OFFSET (/mnt/e/projects/ladybug/repro/bug040/parent-first-candidate.rom) = 0000
Symbol: pt_advance (/mnt/e/projects/ladybug/repro/bug040/parent-first-candidate.rom) = CD03
Symbol: pt_alive (/mnt/e/projects/ladybug/repro/bug040/parent-first-candidate.rom) = CBC0
Symbol: pt_arrived (/mnt/e/projects/ladybug/repro/bug040/parent-first-candidate.rom) = CD49
Symbol: pt_at_center (/mnt/e/projects/ladybug/repro/bug040/parent-first-candidate.rom) = CC75
Symbol: pt_begin_late_turn (/mnt/e/projects/ladybug/repro/bug040/parent-first-candidate.rom) = CC62
Symbol: pt_blocked_request (/mnt/e/projects/ladybug/repro/bug040/parent-first-candidate.rom) = CCA1
Symbol: pt_cell_east (/mnt/e/projects/ladybug/repro/bug040/parent-first-candidate.rom) = CD43
Symbol: pt_cell_north (/mnt/e/projects/ladybug/repro/bug040/parent-first-candidate.rom) = CD3F
Symbol: pt_cell_south (/mnt/e/projects/ladybug/repro/bug040/parent-first-candidate.rom) = CD47
Symbol: pt_check_active (/mnt/e/projects/ladybug/repro/bug040/parent-first-candidate.rom) = CCA8
Symbol: pt_choose_direction (/mnt/e/projects/ladybug/repro/bug040/parent-first-candidate.rom) = CC8E
Symbol: pt_done (/mnt/e/projects/ladybug/repro/bug040/parent-first-candidate.rom) = CD61
Symbol: pt_draw (/mnt/e/projects/ladybug/repro/bug040/parent-first-candidate.rom) = CD53
Symbol: pt_east (/mnt/e/projects/ladybug/repro/bug040/parent-first-candidate.rom) = CD1B
Symbol: pt_input_active (/mnt/e/projects/ladybug/repro/bug040/parent-first-candidate.rom) = CBCC
Symbol: pt_north (/mnt/e/projects/ladybug/repro/bug040/parent-first-candidate.rom) = CD15
Symbol: pt_probe_east (/mnt/e/projects/ladybug/repro/bug040/parent-first-candidate.rom) = CC3A
Symbol: pt_probe_north (/mnt/e/projects/ladybug/repro/bug040/parent-first-candidate.rom) = CC36
Symbol: pt_probe_south (/mnt/e/projects/ladybug/repro/bug040/parent-first-candidate.rom) = CC3E
Symbol: pt_probe_turn (/mnt/e/projects/ladybug/repro/bug040/parent-first-candidate.rom) = CC40
Symbol: pt_rebase_east (/mnt/e/projects/ladybug/repro/bug040/parent-first-candidate.rom) = CC0A
Symbol: pt_rebase_north (/mnt/e/projects/ladybug/repro/bug040/parent-first-candidate.rom) = CC06
Symbol: pt_rebase_south (/mnt/e/projects/ladybug/repro/bug040/parent-first-candidate.rom) = CC0E
Symbol: pt_reversed (/mnt/e/projects/ladybug/repro/bug040/parent-first-candidate.rom) = CC10
Symbol: pt_snap_advance (/mnt/e/projects/ladybug/repro/bug040/parent-first-candidate.rom) = CCBC
Symbol: pt_snap_east (/mnt/e/projects/ladybug/repro/bug040/parent-first-candidate.rom) = CCF2
Symbol: pt_snap_from_east (/mnt/e/projects/ladybug/repro/bug040/parent-first-candidate.rom) = CCD4
Symbol: pt_snap_from_north (/mnt/e/projects/ladybug/repro/bug040/parent-first-candidate.rom) = CCCE
Symbol: pt_snap_from_south (/mnt/e/projects/ladybug/repro/bug040/parent-first-candidate.rom) = CCD8
Symbol: pt_snap_new_axis (/mnt/e/projects/ladybug/repro/bug040/parent-first-candidate.rom) = CCDC
Symbol: pt_snap_north (/mnt/e/projects/ladybug/repro/bug040/parent-first-candidate.rom) = CCEC
Symbol: pt_snap_south (/mnt/e/projects/ladybug/repro/bug040/parent-first-candidate.rom) = CCF6
Symbol: pt_snap_store (/mnt/e/projects/ladybug/repro/bug040/parent-first-candidate.rom) = CCFA
Symbol: pt_snapshot_ready (/mnt/e/projects/ladybug/repro/bug040/parent-first-candidate.rom) = CBC0
Symbol: pt_south (/mnt/e/projects/ladybug/repro/bug040/parent-first-candidate.rom) = CD1F
Symbol: pt_store_fb (/mnt/e/projects/ladybug/repro/bug040/parent-first-candidate.rom) = CD23
Symbol: pt_try_late_turn (/mnt/e/projects/ladybug/repro/bug040/parent-first-candidate.rom) = CC17
Symbol: pt_unprobe_done (/mnt/e/projects/ladybug/repro/bug040/parent-first-candidate.rom) = CC5F
Symbol: pt_unprobe_east (/mnt/e/projects/ladybug/repro/bug040/parent-first-candidate.rom) = CC59
Symbol: pt_unprobe_north (/mnt/e/projects/ladybug/repro/bug040/parent-first-candidate.rom) = CC55
Symbol: pt_unprobe_south (/mnt/e/projects/ladybug/repro/bug040/parent-first-candidate.rom) = CC5D
Symbol: ptt_done (/mnt/e/projects/ladybug/repro/bug040/parent-first-candidate.rom) = C9D4
Symbol: ptt_draw (/mnt/e/projects/ladybug/repro/bug040/parent-first-candidate.rom) = C9B5
Symbol: ptt_green (/mnt/e/projects/ladybug/repro/bug040/parent-first-candidate.rom) = C9B3
Symbol: put_done (/mnt/e/projects/ladybug/repro/bug040/parent-first-candidate.rom) = D3C5
Symbol: qgr_second (/mnt/e/projects/ladybug/repro/bug040/parent-first-candidate.rom) = D0CE
Symbol: queue_gate_render (/mnt/e/projects/ladybug/repro/bug040/parent-first-candidate.rom) = D0BD
Symbol: rbt_store (/mnt/e/projects/ladybug/repro/bug040/parent-first-candidate.rom) = C9E5
Symbol: read_joystick (/mnt/e/projects/ladybug/repro/bug040/parent-first-candidate.rom) = CB3A
Symbol: red_done (/mnt/e/projects/ladybug/repro/bug040/parent-first-candidate.rom) = D626
Symbol: red_row (/mnt/e/projects/ladybug/repro/bug040/parent-first-candidate.rom) = D618
Symbol: refresh_enemy_zone_dot (/mnt/e/projects/ladybug/repro/bug040/parent-first-candidate.rom) = D601
Symbol: reload_box_timer (/mnt/e/projects/ladybug/repro/bug040/parent-first-candidate.rom) = C9D5
Symbol: reload_enemy_box_store (/mnt/e/projects/ladybug/repro/bug040/parent-first-candidate.rom) = D7C5
Symbol: reload_enemy_box_timer (/mnt/e/projects/ladybug/repro/bug040/parent-first-candidate.rom) = D7B5
Symbol: RENDER_BOX_COLOR (/mnt/e/projects/ladybug/repro/bug040/parent-first-candidate.rom) = 0082
Symbol: RENDER_BOX_INDEX (/mnt/e/projects/ladybug/repro/bug040/parent-first-candidate.rom) = 0081
Symbol: RENDER_FLAGS (/mnt/e/projects/ladybug/repro/bug040/parent-first-candidate.rom) = 007F
Symbol: RENDER_FLAGS2 (/mnt/e/projects/ladybug/repro/bug040/parent-first-candidate.rom) = 0080
Symbol: render_frame (/mnt/e/projects/ladybug/repro/bug040/parent-first-candidate.rom) = D627
Symbol: RENDER_GATE2_ID (/mnt/e/projects/ladybug/repro/bug040/parent-first-candidate.rom) = 008A
Symbol: RENDER_GATE2_MODE (/mnt/e/projects/ladybug/repro/bug040/parent-first-candidate.rom) = 008B
Symbol: RENDER_GATE2_STYLE (/mnt/e/projects/ladybug/repro/bug040/parent-first-candidate.rom) = 008E
Symbol: RENDER_GATE_ID (/mnt/e/projects/ladybug/repro/bug040/parent-first-candidate.rom) = 0088
Symbol: RENDER_GATE_MODE (/mnt/e/projects/ladybug/repro/bug040/parent-first-candidate.rom) = 0089
Symbol: RENDER_GATE_STYLE (/mnt/e/projects/ladybug/repro/bug040/parent-first-candidate.rom) = 008D
Symbol: RENDER_LETTER_COLOR (/mnt/e/projects/ladybug/repro/bug040/parent-first-candidate.rom) = 0085
Symbol: RENDER_LETTER_X (/mnt/e/projects/ladybug/repro/bug040/parent-first-candidate.rom) = 0083
Symbol: RENDER_LETTER_Y (/mnt/e/projects/ladybug/repro/bug040/parent-first-candidate.rom) = 0084
Symbol: repair_settled_entity_gates (/mnt/e/projects/ladybug/repro/bug040/parent-first-candidate.rom) = CF01
Symbol: replay_gate_entity_overlay (/mnt/e/projects/ladybug/repro/bug040/parent-first-candidate.rom) = D25A
Symbol: reset_enemy_clear (/mnt/e/projects/ladybug/repro/bug040/parent-first-candidate.rom) = D7AF
Symbol: reset_enemy_state (/mnt/e/projects/ladybug/repro/bug040/parent-first-candidate.rom) = D775
Symbol: reset_perimeter_visual (/mnt/e/projects/ladybug/repro/bug040/parent-first-candidate.rom) = C9E8
Symbol: resident_end (/mnt/e/projects/ladybug/repro/bug040/parent-first-candidate.rom) = E0D7
Symbol: restore_entity_footprint (/mnt/e/projects/ladybug/repro/bug040/parent-first-candidate.rom) = D526
Symbol: restore_gate_background (/mnt/e/projects/ladybug/repro/bug040/parent-first-candidate.rom) = CF2E
Symbol: restore_gate_diagonal_dots (/mnt/e/projects/ladybug/repro/bug040/parent-first-candidate.rom) = D0FE
Symbol: restore_player (/mnt/e/projects/ladybug/repro/bug040/parent-first-candidate.rom) = D6D5
Symbol: RF2_LETTER (/mnt/e/projects/ladybug/repro/bug040/parent-first-candidate.rom) = 0004
Symbol: RF2_MULTIPLIER (/mnt/e/projects/ladybug/repro/bug040/parent-first-candidate.rom) = 0002
Symbol: RF2_PERIM_RESET (/mnt/e/projects/ladybug/repro/bug040/parent-first-candidate.rom) = 0008
Symbol: RF2_POPUP (/mnt/e/projects/ladybug/repro/bug040/parent-first-candidate.rom) = 0001
Symbol: RF_BOX (/mnt/e/projects/ladybug/repro/bug040/parent-first-candidate.rom) = 0010
Symbol: RF_DEATH (/mnt/e/projects/ladybug/repro/bug040/parent-first-candidate.rom) = 0080
Symbol: RF_DOT (/mnt/e/projects/ladybug/repro/bug040/parent-first-candidate.rom) = 0020
Symbol: RF_ENTITIES (/mnt/e/projects/ladybug/repro/bug040/parent-first-candidate.rom) = 0008
Symbol: RF_HUD (/mnt/e/projects/ladybug/repro/bug040/parent-first-candidate.rom) = 0002
Symbol: RF_LIVES (/mnt/e/projects/ladybug/repro/bug040/parent-first-candidate.rom) = 0004
Symbol: RF_PLAYER (/mnt/e/projects/ladybug/repro/bug040/parent-first-candidate.rom) = 0001
Symbol: RF_STAGE (/mnt/e/projects/ladybug/repro/bug040/parent-first-candidate.rom) = 0040
Symbol: rgdd_cell (/mnt/e/projects/ladybug/repro/bug040/parent-first-candidate.rom) = D11C
Symbol: rgdd_clean (/mnt/e/projects/ladybug/repro/bug040/parent-first-candidate.rom) = D138
Symbol: rgdd_draw (/mnt/e/projects/ladybug/repro/bug040/parent-first-candidate.rom) = D13A
Symbol: rgeo_delta_ready (/mnt/e/projects/ladybug/repro/bug040/parent-first-candidate.rom) = D26B
Symbol: rgeo_done (/mnt/e/projects/ladybug/repro/bug040/parent-first-candidate.rom) = D285
Symbol: rgeo_long_delta (/mnt/e/projects/ladybug/repro/bug040/parent-first-candidate.rom) = D269
Symbol: rgeo_pair (/mnt/e/projects/ladybug/repro/bug040/parent-first-candidate.rom) = D275
Symbol: rgeo_run (/mnt/e/projects/ladybug/repro/bug040/parent-first-candidate.rom) = D260
Symbol: rj_done (/mnt/e/projects/ladybug/repro/bug040/parent-first-candidate.rom) = CB95
Symbol: rj_north (/mnt/e/projects/ladybug/repro/bug040/parent-first-candidate.rom) = CB89
Symbol: rj_request (/mnt/e/projects/ladybug/repro/bug040/parent-first-candidate.rom) = CB8B
Symbol: rj_vertical (/mnt/e/projects/ladybug/repro/bug040/parent-first-candidate.rom) = CB79
Symbol: rj_west (/mnt/e/projects/ladybug/repro/bug040/parent-first-candidate.rom) = CB75
Symbol: rj_x_abs (/mnt/e/projects/ladybug/repro/bug040/parent-first-candidate.rom) = CB52
Symbol: rj_y_abs (/mnt/e/projects/ladybug/repro/bug040/parent-first-candidate.rom) = CB5B
Symbol: rn_store (/mnt/e/projects/ladybug/repro/bug040/parent-first-candidate.rom) = C6BE
Symbol: RNG_ENTROPY (/mnt/e/projects/ladybug/repro/bug040/parent-first-candidate.rom) = BFFE
Symbol: rng_next (/mnt/e/projects/ladybug/repro/bug040/parent-first-candidate.rom) = C6B6
Symbol: RNG_STATE (/mnt/e/projects/ladybug/repro/bug040/parent-first-candidate.rom) = 0034
Symbol: rp_row (/mnt/e/projects/ladybug/repro/bug040/parent-first-candidate.rom) = D6DD
Symbol: rseg_gate (/mnt/e/projects/ladybug/repro/bug040/parent-first-candidate.rom) = CF03
Symbol: rseg_next (/mnt/e/projects/ladybug/repro/bug040/parent-first-candidate.rom) = CF25
Symbol: SAM_FAST (/mnt/e/projects/ladybug/repro/bug040/parent-first-candidate.rom) = FFD9
Symbol: SAM_ROMRAM (/mnt/e/projects/ladybug/repro/bug040/parent-first-candidate.rom) = FFDE
Symbol: save_player (/mnt/e/projects/ladybug/repro/bug040/parent-first-candidate.rom) = D6AC
Symbol: SCORE_BCD (/mnt/e/projects/ladybug/repro/bug040/parent-first-candidate.rom) = 001D
Symbol: SCREEN_HEIGHT (/mnt/e/projects/ladybug/repro/bug040/parent-first-candidate.rom) = 0018
Symbol: screen_map (/mnt/e/projects/ladybug/repro/bug040/parent-first-candidate.rom) = 10010
Symbol: SCREEN_TILE_COUNT (/mnt/e/projects/ladybug/repro/bug040/parent-first-candidate.rom) = 0061
Symbol: screen_tiles (/mnt/e/projects/ladybug/repro/bug040/parent-first-candidate.rom) = 103D0
Symbol: SCREEN_WIDTH (/mnt/e/projects/ladybug/repro/bug040/parent-first-candidate.rom) = 0028
Symbol: SHARED_COLD_PTR (/mnt/e/projects/ladybug/repro/bug040/parent-first-candidate.rom) = 1B96
Symbol: shared_mask (/mnt/e/projects/ladybug/repro/bug040/parent-first-candidate.rom) = 1220A
Symbol: SHARED_TEXT_BASE (/mnt/e/projects/ladybug/repro/bug040/parent-first-candidate.rom) = 00AE
Symbol: sp_row (/mnt/e/projects/ladybug/repro/bug040/parent-first-candidate.rom) = D6BA
Symbol: SPECIAL_BITS (/mnt/e/projects/ladybug/repro/bug040/parent-first-candidate.rom) = 003C
Symbol: special_letter_bits (/mnt/e/projects/ladybug/repro/bug040/parent-first-candidate.rom) = C3C0
Symbol: special_letter_x (/mnt/e/projects/ladybug/repro/bug040/parent-first-candidate.rom) = C3CC
Symbol: sprite_attr0_pairs (/mnt/e/projects/ladybug/repro/bug040/parent-first-candidate.rom) = 123A0
Symbol: sprite_blue_pairs (/mnt/e/projects/ladybug/repro/bug040/parent-first-candidate.rom) = 123D0
Symbol: sprite_red_pairs (/mnt/e/projects/ladybug/repro/bug040/parent-first-candidate.rom) = 123B0
Symbol: sprite_score_blue_pairs (/mnt/e/projects/ladybug/repro/bug040/parent-first-candidate.rom) = 12410
Symbol: sprite_score_red_pairs (/mnt/e/projects/ladybug/repro/bug040/parent-first-candidate.rom) = 123F0
Symbol: sprite_score_yellow_pairs (/mnt/e/projects/ladybug/repro/bug040/parent-first-candidate.rom) = 12400
Symbol: sprite_white_pairs (/mnt/e/projects/ladybug/repro/bug040/parent-first-candidate.rom) = 123E0
Symbol: sprite_yellow_pairs (/mnt/e/projects/ladybug/repro/bug040/parent-first-candidate.rom) = 123C0
Symbol: STAGE (/mnt/e/projects/ladybug/repro/bug040/parent-first-candidate.rom) = 0024
Symbol: STAGE_PENDING (/mnt/e/projects/ladybug/repro/bug040/parent-first-candidate.rom) = 0026
Symbol: startup_clear_complete (/mnt/e/projects/ladybug/repro/bug040/parent-first-candidate.rom) = C082
Symbol: startup_clear_entry (/mnt/e/projects/ladybug/repro/bug040/parent-first-candidate.rom) = C07B
Symbol: startup_complete (/mnt/e/projects/ladybug/repro/bug040/parent-first-candidate.rom) = C0B9
Symbol: startup_fb_init_entry (/mnt/e/projects/ladybug/repro/bug040/parent-first-candidate.rom) = C0B6
Symbol: startup_init1_complete (/mnt/e/projects/ladybug/repro/bug040/parent-first-candidate.rom) = C036
Symbol: startup_mmu_enable (/mnt/e/projects/ladybug/repro/bug040/parent-first-candidate.rom) = C05F
Symbol: startup_mmu_enabled (/mnt/e/projects/ladybug/repro/bug040/parent-first-candidate.rom) = C064
Symbol: startup_palette_complete (/mnt/e/projects/ladybug/repro/bug040/parent-first-candidate.rom) = C075
Symbol: startup_palette_entry (/mnt/e/projects/ladybug/repro/bug040/parent-first-candidate.rom) = C068
Symbol: startup_par_count_ready (/mnt/e/projects/ladybug/repro/bug040/parent-first-candidate.rom) = C040
Symbol: startup_par_register_base (/mnt/e/projects/ladybug/repro/bug040/parent-first-candidate.rom) = C03E
Symbol: startup_par_setup_complete (/mnt/e/projects/ladybug/repro/bug040/parent-first-candidate.rom) = C047
Symbol: startup_par_setup_entry (/mnt/e/projects/ladybug/repro/bug040/parent-first-candidate.rom) = C033
Symbol: startup_par_table_ready (/mnt/e/projects/ladybug/repro/bug040/parent-first-candidate.rom) = C03A
Symbol: startup_par_write_complete (/mnt/e/projects/ladybug/repro/bug040/parent-first-candidate.rom) = C044
Symbol: startup_seed_ready (/mnt/e/projects/ladybug/repro/bug040/parent-first-candidate.rom) = C098
Symbol: startup_video_setup_entry (/mnt/e/projects/ladybug/repro/bug040/parent-first-candidate.rom) = C04A
Symbol: test_cell_offset (/mnt/e/projects/ladybug/repro/bug040/parent-first-candidate.rom) = CECD
Symbol: TEST_DIR (/mnt/e/projects/ladybug/repro/bug040/parent-first-candidate.rom) = 0012
Symbol: TEST_X (/mnt/e/projects/ladybug/repro/bug040/parent-first-candidate.rom) = 0010
Symbol: TEST_Y (/mnt/e/projects/ladybug/repro/bug040/parent-first-candidate.rom) = 0011
Symbol: TEXT_BONUS (/mnt/e/projects/ladybug/repro/bug040/parent-first-candidate.rom) = 0005
Symbol: TEXT_CONTEXT_COLOURS (/mnt/e/projects/ladybug/repro/bug040/parent-first-candidate.rom) = 0000
Symbol: TEXT_EXTRA (/mnt/e/projects/ladybug/repro/bug040/parent-first-candidate.rom) = 0002
Symbol: TEXT_GAME_OVER_SCORE (/mnt/e/projects/ladybug/repro/bug040/parent-first-candidate.rom) = 0006
Symbol: TEXT_HIGH_SCORE (/mnt/e/projects/ladybug/repro/bug040/parent-first-candidate.rom) = 0001
Symbol: TEXT_INSTRUCTION_EXTRA (/mnt/e/projects/ladybug/repro/bug040/parent-first-candidate.rom) = 0002
Symbol: TEXT_INSTRUCTION_MULTIPLIER (/mnt/e/projects/ladybug/repro/bug040/parent-first-candidate.rom) = 0003
Symbol: TEXT_INSTRUCTION_POINTS (/mnt/e/projects/ladybug/repro/bug040/parent-first-candidate.rom) = 0006
Symbol: TEXT_INSTRUCTION_SPECIAL (/mnt/e/projects/ladybug/repro/bug040/parent-first-candidate.rom) = 0001
Symbol: TEXT_MULTIPLIER (/mnt/e/projects/ladybug/repro/bug040/parent-first-candidate.rom) = 0003
Symbol: TEXT_NAME (/mnt/e/projects/ladybug/repro/bug040/parent-first-candidate.rom) = 0006
Symbol: TEXT_PART (/mnt/e/projects/ladybug/repro/bug040/parent-first-candidate.rom) = 0003
Symbol: TEXT_RANKING (/mnt/e/projects/ladybug/repro/bug040/parent-first-candidate.rom) = 0006
Symbol: TEXT_SCORE (/mnt/e/projects/ladybug/repro/bug040/parent-first-candidate.rom) = 0008
Symbol: TEXT_SPECIAL (/mnt/e/projects/ladybug/repro/bug040/parent-first-candidate.rom) = 0001
Symbol: TEXT_STAGE_BONUS (/mnt/e/projects/ladybug/repro/bug040/parent-first-candidate.rom) = 0005
Symbol: TEXT_STAGE_GOOD_LUCK (/mnt/e/projects/ladybug/repro/bug040/parent-first-candidate.rom) = 0001
Symbol: TEXT_STAGE_NAME (/mnt/e/projects/ladybug/repro/bug040/parent-first-candidate.rom) = 0002
Symbol: TEXT_STAGE_PART (/mnt/e/projects/ladybug/repro/bug040/parent-first-candidate.rom) = 0003
Symbol: TURN_OLD (/mnt/e/projects/ladybug/repro/bug040/parent-first-candidate.rom) = 0057
Symbol: TURN_SNAP (/mnt/e/projects/ladybug/repro/bug040/parent-first-candidate.rom) = 0056
Symbol: VEG_STATE (/mnt/e/projects/ladybug/repro/bug040/parent-first-candidate.rom) = 005A
Symbol: VEGETABLE_COUNT (/mnt/e/projects/ladybug/repro/bug040/parent-first-candidate.rom) = 0012
Symbol: vegetable_sprites (/mnt/e/projects/ladybug/repro/bug040/parent-first-candidate.rom) = DBDA
Symbol: vegetable_values (/mnt/e/projects/ladybug/repro/bug040/parent-first-candidate.rom) = C4D5
